[16-Nov-2025 00:14:06 UTC] Loaded file: blur_effects.php
[16-Nov-2025 00:14:06 UTC] Loaded file: rkit_post_duplicator.php
[16-Nov-2025 00:14:06 UTC] Loaded file: rkit_tool_tips.php
[16-Nov-2025 00:14:06 UTC] Loaded file: rkit_wrapper_link.php
[16-Nov-2025 00:14:06 UTC] Class not found: \RomethemeKit\Rkit_Custom_Cursor
[16-Nov-2025 00:14:06 UTC] Instantiated class: \RomethemeKit\RkitDuplicator
[16-Nov-2025 00:14:06 UTC] Instantiated class: \RomethemeKit\BlurEffects
[16-Nov-2025 00:14:06 UTC] Class not found: \RomethemeKit\Rkit_Sticky_Content
[16-Nov-2025 00:14:06 UTC] Instantiated class: \RomethemeKit\RkitToolTips
[16-Nov-2025 00:14:06 UTC] Instantiated class: \RomethemeKit\RkitWrapperLink
[16-Nov-2025 00:14:06 UTC] Loaded file: blur_effects.php
[16-Nov-2025 00:14:06 UTC] Loaded file: rkit_post_duplicator.php
[16-Nov-2025 00:14:06 UTC] Loaded file: rkit_tool_tips.php
[16-Nov-2025 00:14:06 UTC] Loaded file: rkit_wrapper_link.php
[16-Nov-2025 00:14:06 UTC] Class not found: \RomethemeKit\Rkit_Custom_Cursor
[16-Nov-2025 00:14:06 UTC] Instantiated class: \RomethemeKit\RkitDuplicator
[16-Nov-2025 00:14:06 UTC] Instantiated class: \RomethemeKit\BlurEffects
[16-Nov-2025 00:14:06 UTC] Class not found: \RomethemeKit\Rkit_Sticky_Content
[16-Nov-2025 00:14:06 UTC] Instantiated class: \RomethemeKit\RkitToolTips
[16-Nov-2025 00:14:06 UTC] Instantiated class: \RomethemeKit\RkitWrapperLink
[16-Nov-2025 00:14:07 UTC] Loaded file: blur_effects.php
[16-Nov-2025 00:14:07 UTC] Loaded file: rkit_post_duplicator.php
[16-Nov-2025 00:14:07 UTC] Loaded file: rkit_tool_tips.php
[16-Nov-2025 00:14:07 UTC] Loaded file: rkit_wrapper_link.php
[16-Nov-2025 00:14:07 UTC] Class not found: \RomethemeKit\Rkit_Custom_Cursor
[16-Nov-2025 00:14:07 UTC] Instantiated class: \RomethemeKit\RkitDuplicator
[16-Nov-2025 00:14:07 UTC] Instantiated class: \RomethemeKit\BlurEffects
[16-Nov-2025 00:14:07 UTC] Class not found: \RomethemeKit\Rkit_Sticky_Content
[16-Nov-2025 00:14:07 UTC] Instantiated class: \RomethemeKit\RkitToolTips
[16-Nov-2025 00:14:07 UTC] Instantiated class: \RomethemeKit\RkitWrapperLink
[16-Nov-2025 00:14:15 UTC] Loaded file: blur_effects.php
[16-Nov-2025 00:14:15 UTC] Loaded file: rkit_post_duplicator.php
[16-Nov-2025 00:14:15 UTC] Loaded file: rkit_tool_tips.php
[16-Nov-2025 00:14:15 UTC] Loaded file: rkit_wrapper_link.php
[16-Nov-2025 00:14:15 UTC] Class not found: \RomethemeKit\Rkit_Custom_Cursor
[16-Nov-2025 00:14:15 UTC] Instantiated class: \RomethemeKit\RkitDuplicator
[16-Nov-2025 00:14:15 UTC] Instantiated class: \RomethemeKit\BlurEffects
[16-Nov-2025 00:14:15 UTC] Class not found: \RomethemeKit\Rkit_Sticky_Content
[16-Nov-2025 00:14:15 UTC] Instantiated class: \RomethemeKit\RkitToolTips
[16-Nov-2025 00:14:15 UTC] Instantiated class: \RomethemeKit\RkitWrapperLink
[16-Nov-2025 00:14:25 UTC] Loaded file: blur_effects.php
[16-Nov-2025 00:14:25 UTC] Loaded file: rkit_post_duplicator.php
[16-Nov-2025 00:14:25 UTC] Loaded file: rkit_tool_tips.php
[16-Nov-2025 00:14:25 UTC] Loaded file: rkit_wrapper_link.php
[16-Nov-2025 00:14:25 UTC] Class not found: \RomethemeKit\Rkit_Custom_Cursor
[16-Nov-2025 00:14:25 UTC] Instantiated class: \RomethemeKit\RkitDuplicator
[16-Nov-2025 00:14:25 UTC] Instantiated class: \RomethemeKit\BlurEffects
[16-Nov-2025 00:14:25 UTC] Class not found: \RomethemeKit\Rkit_Sticky_Content
[16-Nov-2025 00:14:25 UTC] Instantiated class: \RomethemeKit\RkitToolTips
[16-Nov-2025 00:14:25 UTC] Instantiated class: \RomethemeKit\RkitWrapperLink
[16-Nov-2025 00:14:27 UTC] Loaded file: blur_effects.php
[16-Nov-2025 00:14:27 UTC] Loaded file: rkit_post_duplicator.php
[16-Nov-2025 00:14:27 UTC] Loaded file: rkit_tool_tips.php
[16-Nov-2025 00:14:27 UTC] Loaded file: rkit_wrapper_link.php
[16-Nov-2025 00:14:27 UTC] Class not found: \RomethemeKit\Rkit_Custom_Cursor
[16-Nov-2025 00:14:27 UTC] Instantiated class: \RomethemeKit\RkitDuplicator
[16-Nov-2025 00:14:27 UTC] Instantiated class: \RomethemeKit\BlurEffects
[16-Nov-2025 00:14:27 UTC] Class not found: \RomethemeKit\Rkit_Sticky_Content
[16-Nov-2025 00:14:27 UTC] Instantiated class: \RomethemeKit\RkitToolTips
[16-Nov-2025 00:14:27 UTC] Instantiated class: \RomethemeKit\RkitWrapperLink
[16-Nov-2025 00:14:27 UTC] Loaded file: blur_effects.php
[16-Nov-2025 00:14:27 UTC] Loaded file: rkit_post_duplicator.php
[16-Nov-2025 00:14:27 UTC] Loaded file: rkit_tool_tips.php
[16-Nov-2025 00:14:27 UTC] Loaded file: rkit_wrapper_link.php
[16-Nov-2025 00:14:27 UTC] Class not found: \RomethemeKit\Rkit_Custom_Cursor
[16-Nov-2025 00:14:27 UTC] Instantiated class: \RomethemeKit\RkitDuplicator
[16-Nov-2025 00:14:27 UTC] Instantiated class: \RomethemeKit\BlurEffects
[16-Nov-2025 00:14:27 UTC] Class not found: \RomethemeKit\Rkit_Sticky_Content
[16-Nov-2025 00:14:27 UTC] Instantiated class: \RomethemeKit\RkitToolTips
[16-Nov-2025 00:14:27 UTC] Instantiated class: \RomethemeKit\RkitWrapperLink
[16-Nov-2025 00:14:28 UTC] Soltour Booking V2: Plugin ativado com sucesso
[16-Nov-2025 00:14:28 UTC] Loaded file: blur_effects.php
[16-Nov-2025 00:14:28 UTC] Loaded file: rkit_post_duplicator.php
[16-Nov-2025 00:14:28 UTC] Loaded file: rkit_tool_tips.php
[16-Nov-2025 00:14:28 UTC] Loaded file: rkit_wrapper_link.php
[16-Nov-2025 00:14:28 UTC] Class not found: \RomethemeKit\Rkit_Custom_Cursor
[16-Nov-2025 00:14:28 UTC] Instantiated class: \RomethemeKit\RkitDuplicator
[16-Nov-2025 00:14:28 UTC] Instantiated class: \RomethemeKit\BlurEffects
[16-Nov-2025 00:14:28 UTC] Class not found: \RomethemeKit\Rkit_Sticky_Content
[16-Nov-2025 00:14:28 UTC] Instantiated class: \RomethemeKit\RkitToolTips
[16-Nov-2025 00:14:28 UTC] Instantiated class: \RomethemeKit\RkitWrapperLink
[16-Nov-2025 00:14:28 UTC] [Soltour API info] Request to login/login: {"brand":"SOLTOUR","market":"XMLPT","languageCode":"PT","username":"BEAUTYT999","password":"XMLBEAUTYT999"}
[16-Nov-2025 00:14:28 UTC] [Soltour API info] Response from login/login: {"sessionToken":"eyJhbGciOiJIUzI1NiIsInR5cCI6IkpXVCJ9.eyJ1IjoiQkVBVVRZVDk5OSIsImRiaSI6IjQwMDM5MjU3IiwiYiI6IlNPTFRPVVIiLCJtIjoiWE1MUFQiLCJsbmciOiJQVCIsImNsIjoiQkVBVVRZVCIsIm9mIjoiOTk5IiwiYXBwIjpudWxsLCJtYWlsIjoiY3VuaGFAYmVhdXR5dHJhdmVsLnB0IiwicmwiOlsiQUdFTkNJQSIsIkNPTVVOIiwiQ09OU1VMVEEiLCJGQUNUVVJBQ0lPTiIsIk5FV19XRUIiXSwidG0iOjE3NjMyNTIwNjg4MzAsInN0cHRtIjpudWxsLCJzdHBqd3QiOm51bGwsInN0cGlkIjpudWxsLCJvdmMiOmZhbHNlLCJzZWxsIjp0cnVlLCJhcHQiOm51bGwsImRldCI6dHJ1ZSwibmV4cCI6dHJ1ZSwic2VpeiI6ZmFsc2UsInVhZ0
[16-Nov-2025 00:14:28 UTC] [Soltour API info] Session token obtido com sucesso
[16-Nov-2025 00:14:32 UTC] Loaded file: blur_effects.php
[16-Nov-2025 00:14:32 UTC] Loaded file: rkit_post_duplicator.php
[16-Nov-2025 00:14:32 UTC] Loaded file: rkit_tool_tips.php
[16-Nov-2025 00:14:32 UTC] Loaded file: rkit_wrapper_link.php
[16-Nov-2025 00:14:32 UTC] Class not found: \RomethemeKit\Rkit_Custom_Cursor
[16-Nov-2025 00:14:32 UTC] Instantiated class: \RomethemeKit\RkitDuplicator
[16-Nov-2025 00:14:32 UTC] Instantiated class: \RomethemeKit\BlurEffects
[16-Nov-2025 00:14:32 UTC] Class not found: \RomethemeKit\Rkit_Sticky_Content
[16-Nov-2025 00:14:32 UTC] Instantiated class: \RomethemeKit\RkitToolTips
[16-Nov-2025 00:14:32 UTC] Instantiated class: \RomethemeKit\RkitWrapperLink
[16-Nov-2025 00:14:33 UTC] Loaded file: blur_effects.php
[16-Nov-2025 00:14:33 UTC] Loaded file: rkit_post_duplicator.php
[16-Nov-2025 00:14:33 UTC] Loaded file: rkit_tool_tips.php
[16-Nov-2025 00:14:33 UTC] Loaded file: rkit_wrapper_link.php
[16-Nov-2025 00:14:33 UTC] Class not found: \RomethemeKit\Rkit_Custom_Cursor
[16-Nov-2025 00:14:33 UTC] Instantiated class: \RomethemeKit\RkitDuplicator
[16-Nov-2025 00:14:33 UTC] Instantiated class: \RomethemeKit\BlurEffects
[16-Nov-2025 00:14:33 UTC] Class not found: \RomethemeKit\Rkit_Sticky_Content
[16-Nov-2025 00:14:33 UTC] Instantiated class: \RomethemeKit\RkitToolTips
[16-Nov-2025 00:14:33 UTC] Instantiated class: \RomethemeKit\RkitWrapperLink
[16-Nov-2025 00:14:39 UTC] Loaded file: blur_effects.php
[16-Nov-2025 00:14:39 UTC] Loaded file: rkit_post_duplicator.php
[16-Nov-2025 00:14:39 UTC] Loaded file: rkit_tool_tips.php
[16-Nov-2025 00:14:39 UTC] Loaded file: rkit_wrapper_link.php
[16-Nov-2025 00:14:39 UTC] Class not found: \RomethemeKit\Rkit_Custom_Cursor
[16-Nov-2025 00:14:39 UTC] Instantiated class: \RomethemeKit\RkitDuplicator
[16-Nov-2025 00:14:39 UTC] Instantiated class: \RomethemeKit\BlurEffects
[16-Nov-2025 00:14:39 UTC] Class not found: \RomethemeKit\Rkit_Sticky_Content
[16-Nov-2025 00:14:39 UTC] Instantiated class: \RomethemeKit\RkitToolTips
[16-Nov-2025 00:14:39 UTC] Instantiated class: \RomethemeKit\RkitWrapperLink
[16-Nov-2025 00:14:40 UTC] Loaded file: blur_effects.php
[16-Nov-2025 00:14:40 UTC] Loaded file: rkit_post_duplicator.php
[16-Nov-2025 00:14:40 UTC] Loaded file: rkit_tool_tips.php
[16-Nov-2025 00:14:40 UTC] Loaded file: rkit_wrapper_link.php
[16-Nov-2025 00:14:40 UTC] Class not found: \RomethemeKit\Rkit_Custom_Cursor
[16-Nov-2025 00:14:40 UTC] Instantiated class: \RomethemeKit\RkitDuplicator
[16-Nov-2025 00:14:40 UTC] Instantiated class: \RomethemeKit\BlurEffects
[16-Nov-2025 00:14:40 UTC] Class not found: \RomethemeKit\Rkit_Sticky_Content
[16-Nov-2025 00:14:40 UTC] Instantiated class: \RomethemeKit\RkitToolTips
[16-Nov-2025 00:14:40 UTC] Instantiated class: \RomethemeKit\RkitWrapperLink
[16-Nov-2025 00:14:40 UTC] Loaded file: blur_effects.php
[16-Nov-2025 00:14:40 UTC] Loaded file: rkit_post_duplicator.php
[16-Nov-2025 00:14:40 UTC] Loaded file: rkit_tool_tips.php
[16-Nov-2025 00:14:40 UTC] Loaded file: rkit_wrapper_link.php
[16-Nov-2025 00:14:40 UTC] Class not found: \RomethemeKit\Rkit_Custom_Cursor
[16-Nov-2025 00:14:40 UTC] Instantiated class: \RomethemeKit\RkitDuplicator
[16-Nov-2025 00:14:40 UTC] Instantiated class: \RomethemeKit\BlurEffects
[16-Nov-2025 00:14:40 UTC] Class not found: \RomethemeKit\Rkit_Sticky_Content
[16-Nov-2025 00:14:40 UTC] Instantiated class: \RomethemeKit\RkitToolTips
[16-Nov-2025 00:14:40 UTC] Instantiated class: \RomethemeKit\RkitWrapperLink
[16-Nov-2025 00:14:47 UTC] Loaded file: blur_effects.php
[16-Nov-2025 00:14:47 UTC] Loaded file: rkit_post_duplicator.php
[16-Nov-2025 00:14:47 UTC] Loaded file: rkit_tool_tips.php
[16-Nov-2025 00:14:47 UTC] Loaded file: rkit_wrapper_link.php
[16-Nov-2025 00:14:47 UTC] Class not found: \RomethemeKit\Rkit_Custom_Cursor
[16-Nov-2025 00:14:47 UTC] Instantiated class: \RomethemeKit\RkitDuplicator
[16-Nov-2025 00:14:47 UTC] Instantiated class: \RomethemeKit\BlurEffects
[16-Nov-2025 00:14:47 UTC] Class not found: \RomethemeKit\Rkit_Sticky_Content
[16-Nov-2025 00:14:47 UTC] Instantiated class: \RomethemeKit\RkitToolTips
[16-Nov-2025 00:14:47 UTC] Instantiated class: \RomethemeKit\RkitWrapperLink
[16-Nov-2025 00:14:49 UTC] Loaded file: blur_effects.php
[16-Nov-2025 00:14:49 UTC] Loaded file: rkit_post_duplicator.php
[16-Nov-2025 00:14:49 UTC] Loaded file: rkit_tool_tips.php
[16-Nov-2025 00:14:49 UTC] Loaded file: rkit_wrapper_link.php
[16-Nov-2025 00:14:49 UTC] Class not found: \RomethemeKit\Rkit_Custom_Cursor
[16-Nov-2025 00:14:49 UTC] Instantiated class: \RomethemeKit\RkitDuplicator
[16-Nov-2025 00:14:49 UTC] Instantiated class: \RomethemeKit\BlurEffects
[16-Nov-2025 00:14:49 UTC] Class not found: \RomethemeKit\Rkit_Sticky_Content
[16-Nov-2025 00:14:49 UTC] Instantiated class: \RomethemeKit\RkitToolTips
[16-Nov-2025 00:14:49 UTC] Instantiated class: \RomethemeKit\RkitWrapperLink
[16-Nov-2025 00:14:49 UTC] Loaded file: blur_effects.php
[16-Nov-2025 00:14:49 UTC] Loaded file: rkit_post_duplicator.php
[16-Nov-2025 00:14:49 UTC] Loaded file: rkit_tool_tips.php
[16-Nov-2025 00:14:49 UTC] Loaded file: rkit_wrapper_link.php
[16-Nov-2025 00:14:49 UTC] Class not found: \RomethemeKit\Rkit_Custom_Cursor
[16-Nov-2025 00:14:49 UTC] Instantiated class: \RomethemeKit\RkitDuplicator
[16-Nov-2025 00:14:49 UTC] Instantiated class: \RomethemeKit\BlurEffects
[16-Nov-2025 00:14:49 UTC] Class not found: \RomethemeKit\Rkit_Sticky_Content
[16-Nov-2025 00:14:49 UTC] Instantiated class: \RomethemeKit\RkitToolTips
[16-Nov-2025 00:14:49 UTC] Instantiated class: \RomethemeKit\RkitWrapperLink
[16-Nov-2025 00:14:49 UTC] Loaded file: blur_effects.php
[16-Nov-2025 00:14:49 UTC] Loaded file: rkit_post_duplicator.php
[16-Nov-2025 00:14:49 UTC] Loaded file: rkit_tool_tips.php
[16-Nov-2025 00:14:49 UTC] Loaded file: rkit_wrapper_link.php
[16-Nov-2025 00:14:49 UTC] Class not found: \RomethemeKit\Rkit_Custom_Cursor
[16-Nov-2025 00:14:49 UTC] Instantiated class: \RomethemeKit\RkitDuplicator
[16-Nov-2025 00:14:49 UTC] Instantiated class: \RomethemeKit\BlurEffects
[16-Nov-2025 00:14:49 UTC] Class not found: \RomethemeKit\Rkit_Sticky_Content
[16-Nov-2025 00:14:49 UTC] Instantiated class: \RomethemeKit\RkitToolTips
[16-Nov-2025 00:14:49 UTC] Instantiated class: \RomethemeKit\RkitWrapperLink
[16-Nov-2025 00:14:52 UTC] Loaded file: blur_effects.php
[16-Nov-2025 00:14:52 UTC] Loaded file: rkit_post_duplicator.php
[16-Nov-2025 00:14:52 UTC] Loaded file: rkit_tool_tips.php
[16-Nov-2025 00:14:52 UTC] Loaded file: rkit_wrapper_link.php
[16-Nov-2025 00:14:52 UTC] Class not found: \RomethemeKit\Rkit_Custom_Cursor
[16-Nov-2025 00:14:52 UTC] Instantiated class: \RomethemeKit\RkitDuplicator
[16-Nov-2025 00:14:52 UTC] Instantiated class: \RomethemeKit\BlurEffects
[16-Nov-2025 00:14:52 UTC] Class not found: \RomethemeKit\Rkit_Sticky_Content
[16-Nov-2025 00:14:52 UTC] Instantiated class: \RomethemeKit\RkitToolTips
[16-Nov-2025 00:14:52 UTC] Instantiated class: \RomethemeKit\RkitWrapperLink
[16-Nov-2025 00:14:52 UTC] [Soltour API info] Request to master/getAllOrigins: {"productType":"PACKAGE","destinationCode":"PUJ"}
[16-Nov-2025 00:14:53 UTC] [Soltour API info] Response from master/getAllOrigins: {"origins":[{"code":"LCG","name":"A Coruña","airportType":"AIRPORT","destinationCode":"LCG","destinationName":"LA CORUNA","description":"A Coruña","dynamic":false},{"code":"ABC","name":"Albacete","airportType":"AIRPORT","description":"Albacete","dynamic":false},{"code":"ALC","name":"Alicante","airportType":"AIRPORT","destinationCode":"ALC","destinationName":"ALICANTE","description":"Alicante","dynamic":false},{"code":"LEI","name":"Almería","airportType":"AIRPORT","destinationCode":"LEI","dest
[16-Nov-2025 00:15:00 UTC] Loaded file: blur_effects.php
[16-Nov-2025 00:15:00 UTC] Loaded file: rkit_post_duplicator.php
[16-Nov-2025 00:15:00 UTC] Loaded file: rkit_tool_tips.php
[16-Nov-2025 00:15:00 UTC] Loaded file: rkit_wrapper_link.php
[16-Nov-2025 00:15:00 UTC] Class not found: \RomethemeKit\Rkit_Custom_Cursor
[16-Nov-2025 00:15:00 UTC] Instantiated class: \RomethemeKit\RkitDuplicator
[16-Nov-2025 00:15:00 UTC] Instantiated class: \RomethemeKit\BlurEffects
[16-Nov-2025 00:15:00 UTC] Class not found: \RomethemeKit\Rkit_Sticky_Content
[16-Nov-2025 00:15:00 UTC] Instantiated class: \RomethemeKit\RkitToolTips
[16-Nov-2025 00:15:00 UTC] Instantiated class: \RomethemeKit\RkitWrapperLink
[16-Nov-2025 00:15:06 UTC] Loaded file: blur_effects.php
[16-Nov-2025 00:15:06 UTC] Loaded file: rkit_post_duplicator.php
[16-Nov-2025 00:15:06 UTC] Loaded file: rkit_tool_tips.php
[16-Nov-2025 00:15:06 UTC] Loaded file: rkit_wrapper_link.php
[16-Nov-2025 00:15:06 UTC] Class not found: \RomethemeKit\Rkit_Custom_Cursor
[16-Nov-2025 00:15:06 UTC] Instantiated class: \RomethemeKit\RkitDuplicator
[16-Nov-2025 00:15:06 UTC] Instantiated class: \RomethemeKit\BlurEffects
[16-Nov-2025 00:15:06 UTC] Class not found: \RomethemeKit\Rkit_Sticky_Content
[16-Nov-2025 00:15:06 UTC] Instantiated class: \RomethemeKit\RkitToolTips
[16-Nov-2025 00:15:06 UTC] Instantiated class: \RomethemeKit\RkitWrapperLink
[16-Nov-2025 00:15:06 UTC] Loaded file: blur_effects.php
[16-Nov-2025 00:15:06 UTC] Loaded file: rkit_post_duplicator.php
[16-Nov-2025 00:15:06 UTC] Loaded file: rkit_tool_tips.php
[16-Nov-2025 00:15:06 UTC] Loaded file: rkit_wrapper_link.php
[16-Nov-2025 00:15:06 UTC] Class not found: \RomethemeKit\Rkit_Custom_Cursor
[16-Nov-2025 00:15:06 UTC] Instantiated class: \RomethemeKit\RkitDuplicator
[16-Nov-2025 00:15:06 UTC] Instantiated class: \RomethemeKit\BlurEffects
[16-Nov-2025 00:15:06 UTC] Class not found: \RomethemeKit\Rkit_Sticky_Content
[16-Nov-2025 00:15:06 UTC] Instantiated class: \RomethemeKit\RkitToolTips
[16-Nov-2025 00:15:06 UTC] Instantiated class: \RomethemeKit\RkitWrapperLink
[16-Nov-2025 00:15:07 UTC] [Soltour API info] === AJAX SEARCH PACKAGES CALLED ===
[16-Nov-2025 00:15:07 UTC] [Soltour API info] Params recebidos do frontend:
[16-Nov-2025 00:15:07 UTC] [Soltour API info]   - pageNumber: 0
[16-Nov-2025 00:15:07 UTC] [Soltour API info]   - rowsPerPage: 100
[16-Nov-2025 00:15:07 UTC] [Soltour API info] Params completos: {"originCode":"MAD","destinationCode":"PUJ","startDate":"2026-06-28","numNights":7,"rooms":[{"passengers":[{"type":"ADULT","age":30},{"type":"ADULT","age":30}]}],"productType":"PACKAGE","onlyHotel":"N","pageNumber":0,"rowsPerPage":100}
[16-Nov-2025 00:15:07 UTC] [Soltour API info] Enviando para API Soltour (booking/availability):
[16-Nov-2025 00:15:07 UTC] [Soltour API info]   - criteria.pagination.pageNumber: 0
[16-Nov-2025 00:15:07 UTC] [Soltour API info]   - criteria.pagination.rowsPerPage: 100
[16-Nov-2025 00:15:07 UTC] [Soltour API info] Request to booking/availability: {"productType":"PACKAGE","onlyHotel":"N","criteria":{"order":{"type":"PRICE","direction":"ASC"},"pagination":{"pageNumber":0,"rowsPerPage":100}},"languageCode":"PT","params":{"startDate":"2026-06-28","endDate":"2026-07-05","residentType":"NONE","accomodation":{"rooms":[{"passengers":[{"type":"ADULT","age":30},{"type":"ADULT","age":30}]}]},"hotelParams":{"destinationCode":"PUJ","includeImmediatePayment":true},"flightParams":{"itineraries":[{"origins":["MAD"],"destinations":["PUJ"]}],"directFlightsOnly":false,"includeImmediatePayment":true}}}
[16-Nov-2025 00:15:14 UTC] [Soltour API info] Response from booking/availability: {"productType":"PACKAGE","availToken":"mw0+f2Yh/8bBO9XHS6kcuPP3CqQEpAzrYKTnS3waN9c=","timestamp":"2025-11-16T01:15:07.420235056","serviceType":"UNDEFINED","agencyInformation":{"clientCode":"BEAUTYT","branchOfficeCode":"999","taxApplicationType":"ISC","taxRate":0,"paymentType":"PP","commission":{"currency":"EUR","rate":15}},"budgets":[{"booked":false,"selected":false,"hotelServices":[{"responseId":"h+sOxbWAxo7N71beFHdgYydM86hwVPcLboiLNAJxofM=","id":"5d439fe7-acea-4f56-af12-c53ca0b8534c","type":"H
[16-Nov-2025 00:15:14 UTC] [Soltour API info] Resposta da API Soltour:
[16-Nov-2025 00:15:14 UTC] [Soltour API info]   - budgets: 73
[16-Nov-2025 00:15:14 UTC] [Soltour API info]   - totalCount: 0
[16-Nov-2025 00:15:14 UTC] [Soltour API info]   - hotels: 41
[16-Nov-2025 00:15:14 UTC] [Soltour API info]   - availToken: SIM
[16-Nov-2025 00:15:15 UTC] Loaded file: blur_effects.php
[16-Nov-2025 00:15:15 UTC] Loaded file: rkit_post_duplicator.php
[16-Nov-2025 00:15:15 UTC] Loaded file: rkit_tool_tips.php
[16-Nov-2025 00:15:15 UTC] Loaded file: rkit_wrapper_link.php
[16-Nov-2025 00:15:15 UTC] Class not found: \RomethemeKit\Rkit_Custom_Cursor
[16-Nov-2025 00:15:15 UTC] Instantiated class: \RomethemeKit\RkitDuplicator
[16-Nov-2025 00:15:15 UTC] Instantiated class: \RomethemeKit\BlurEffects
[16-Nov-2025 00:15:15 UTC] Class not found: \RomethemeKit\Rkit_Sticky_Content
[16-Nov-2025 00:15:15 UTC] Instantiated class: \RomethemeKit\RkitToolTips
[16-Nov-2025 00:15:15 UTC] Instantiated class: \RomethemeKit\RkitWrapperLink
[16-Nov-2025 00:15:15 UTC] Loaded file: blur_effects.php
[16-Nov-2025 00:15:15 UTC] Loaded file: blur_effects.php
[16-Nov-2025 00:15:15 UTC] Loaded file: rkit_post_duplicator.php
[16-Nov-2025 00:15:15 UTC] Loaded file: rkit_post_duplicator.php
[16-Nov-2025 00:15:15 UTC] Loaded file: rkit_tool_tips.php
[16-Nov-2025 00:15:15 UTC] Loaded file: rkit_wrapper_link.php
[16-Nov-2025 00:15:15 UTC] Class not found: \RomethemeKit\Rkit_Custom_Cursor
[16-Nov-2025 00:15:15 UTC] Instantiated class: \RomethemeKit\RkitDuplicator
[16-Nov-2025 00:15:15 UTC] Instantiated class: \RomethemeKit\BlurEffects
[16-Nov-2025 00:15:15 UTC] Class not found: \RomethemeKit\Rkit_Sticky_Content
[16-Nov-2025 00:15:15 UTC] Instantiated class: \RomethemeKit\RkitToolTips
[16-Nov-2025 00:15:15 UTC] Instantiated class: \RomethemeKit\RkitWrapperLink
[16-Nov-2025 00:15:15 UTC] Loaded file: rkit_tool_tips.php
[16-Nov-2025 00:15:15 UTC] Loaded file: rkit_wrapper_link.php
[16-Nov-2025 00:15:15 UTC] Class not found: \RomethemeKit\Rkit_Custom_Cursor
[16-Nov-2025 00:15:15 UTC] Instantiated class: \RomethemeKit\RkitDuplicator
[16-Nov-2025 00:15:15 UTC] Instantiated class: \RomethemeKit\BlurEffects
[16-Nov-2025 00:15:15 UTC] Class not found: \RomethemeKit\Rkit_Sticky_Content
[16-Nov-2025 00:15:15 UTC] Instantiated class: \RomethemeKit\RkitToolTips
[16-Nov-2025 00:15:15 UTC] Instantiated class: \RomethemeKit\RkitWrapperLink
[16-Nov-2025 00:15:15 UTC] Loaded file: blur_effects.php
[16-Nov-2025 00:15:15 UTC] Loaded file: rkit_post_duplicator.php
[16-Nov-2025 00:15:15 UTC] Loaded file: rkit_tool_tips.php
[16-Nov-2025 00:15:15 UTC] Loaded file: rkit_wrapper_link.php
[16-Nov-2025 00:15:15 UTC] Class not found: \RomethemeKit\Rkit_Custom_Cursor
[16-Nov-2025 00:15:15 UTC] Instantiated class: \RomethemeKit\RkitDuplicator
[16-Nov-2025 00:15:15 UTC] Instantiated class: \RomethemeKit\BlurEffects
[16-Nov-2025 00:15:15 UTC] Class not found: \RomethemeKit\Rkit_Sticky_Content
[16-Nov-2025 00:15:15 UTC] Instantiated class: \RomethemeKit\RkitToolTips
[16-Nov-2025 00:15:15 UTC] Instantiated class: \RomethemeKit\RkitWrapperLink
[16-Nov-2025 00:15:15 UTC] Loaded file: blur_effects.php
[16-Nov-2025 00:15:15 UTC] Loaded file: rkit_post_duplicator.php
[16-Nov-2025 00:15:15 UTC] Loaded file: rkit_tool_tips.php
[16-Nov-2025 00:15:15 UTC] Loaded file: rkit_wrapper_link.php
[16-Nov-2025 00:15:15 UTC] Class not found: \RomethemeKit\Rkit_Custom_Cursor
[16-Nov-2025 00:15:15 UTC] Instantiated class: \RomethemeKit\RkitDuplicator
[16-Nov-2025 00:15:15 UTC] Instantiated class: \RomethemeKit\BlurEffects
[16-Nov-2025 00:15:15 UTC] Class not found: \RomethemeKit\Rkit_Sticky_Content
[16-Nov-2025 00:15:15 UTC] Instantiated class: \RomethemeKit\RkitToolTips
[16-Nov-2025 00:15:15 UTC] Instantiated class: \RomethemeKit\RkitWrapperLink
[16-Nov-2025 00:15:16 UTC] [Soltour API info] Getting details for budget: H408431##SA##0$4865498036258126289@@CLASSICAL01, hotel: H408431
[16-Nov-2025 00:15:16 UTC] [Soltour API info] Request to booking/details: {"productType":"PACKAGE","availToken":"mw0+f2Yh\/8bBO9XHS6kcuPP3CqQEpAzrYKTnS3waN9c=","budgetId":"H408431##SA##0$4865498036258126289@@CLASSICAL01","hotelParams":{"hotelCode":"H408431","providerCode":"UNDEFINED"}}
[16-Nov-2025 00:15:16 UTC] [Soltour API info] Getting details for budget: H50725##TI##0$5440464376442088651@@CLASSICAL01, hotel: H50725
[16-Nov-2025 00:15:16 UTC] [Soltour API info] Request to booking/details: {"productType":"PACKAGE","availToken":"mw0+f2Yh\/8bBO9XHS6kcuPP3CqQEpAzrYKTnS3waN9c=","budgetId":"H50725##TI##0$5440464376442088651@@CLASSICAL01","hotelParams":{"hotelCode":"H50725","providerCode":"UNDEFINED"}}
[16-Nov-2025 00:15:16 UTC] [Soltour API info] Getting details for budget: H220697##TI##0$5403626500115135209@@CLASSICAL01, hotel: H220697
[16-Nov-2025 00:15:16 UTC] [Soltour API info] Request to booking/details: {"productType":"PACKAGE","availToken":"mw0+f2Yh\/8bBO9XHS6kcuPP3CqQEpAzrYKTnS3waN9c=","budgetId":"H220697##TI##0$5403626500115135209@@CLASSICAL01","hotelParams":{"hotelCode":"H220697","providerCode":"UNDEFINED"}}
[16-Nov-2025 00:15:16 UTC] [Soltour API info] Getting details for budget: H49702##TI##0$4943522715182243317@@CLASSICAL01, hotel: H49702
[16-Nov-2025 00:15:16 UTC] [Soltour API info] Request to booking/details: {"productType":"PACKAGE","availToken":"mw0+f2Yh\/8bBO9XHS6kcuPP3CqQEpAzrYKTnS3waN9c=","budgetId":"H49702##TI##0$4943522715182243317@@CLASSICAL01","hotelParams":{"hotelCode":"H49702","providerCode":"UNDEFINED"}}
[16-Nov-2025 00:15:16 UTC] [Soltour API info] Getting details for budget: H68719##TI##0$5292140236357448352@@CLASSICAL01, hotel: H68719
[16-Nov-2025 00:15:16 UTC] [Soltour API info] Request to booking/details: {"productType":"PACKAGE","availToken":"mw0+f2Yh\/8bBO9XHS6kcuPP3CqQEpAzrYKTnS3waN9c=","budgetId":"H68719##TI##0$5292140236357448352@@CLASSICAL01","hotelParams":{"hotelCode":"H68719","providerCode":"UNDEFINED"}}
[16-Nov-2025 00:15:16 UTC] [Soltour API info] Response from booking/details: {"availToken":"mw0+f2Yh/8bBO9XHS6kcuPP3CqQEpAzrYKTnS3waN9c=","timestamp":"2025-11-16T01:15:16.646660060","serviceType":"UNDEFINED","agencyInformation":{"clientCode":"BEAUTYT","branchOfficeCode":"999","taxApplicationType":"ISC","taxRate":0,"paymentType":"PP","commission":{"currency":"EUR","rate":15}},"params":{"startDate":"2026-06-28","endDate":"2026-07-05","accomodation":{"rooms":[{"passengers":[{"age":30,"type":"ADULT"},{"age":30,"type":"ADULT"}]}]},"residentType":"NONE","numNights":0,"flightPa
[16-Nov-2025 00:15:16 UTC] [Soltour API info] Details response structure: {"has_budget":false,"has_details":true,"has_error":false,"error_msg":null}
[16-Nov-2025 00:15:16 UTC] [Soltour API info] Response from booking/details: {"availToken":"mw0+f2Yh/8bBO9XHS6kcuPP3CqQEpAzrYKTnS3waN9c=","timestamp":"2025-11-16T01:15:16.819432554","serviceType":"UNDEFINED","agencyInformation":{"clientCode":"BEAUTYT","branchOfficeCode":"999","taxApplicationType":"ISC","taxRate":0,"paymentType":"PP","commission":{"currency":"EUR","rate":15}},"params":{"startDate":"2026-06-28","endDate":"2026-07-05","accomodation":{"rooms":[{"passengers":[{"age":30,"type":"ADULT"},{"age":30,"type":"ADULT"}]}]},"residentType":"NONE","numNights":0,"flightPa
[16-Nov-2025 00:15:16 UTC] [Soltour API info] Details response structure: {"has_budget":false,"has_details":true,"has_error":false,"error_msg":null}
[16-Nov-2025 00:15:16 UTC] [Soltour API info] Response from booking/details: {"availToken":"mw0+f2Yh/8bBO9XHS6kcuPP3CqQEpAzrYKTnS3waN9c=","timestamp":"2025-11-16T01:15:16.838787073","serviceType":"UNDEFINED","agencyInformation":{"clientCode":"BEAUTYT","branchOfficeCode":"999","taxApplicationType":"ISC","taxRate":0,"paymentType":"PP","commission":{"currency":"EUR","rate":15}},"params":{"startDate":"2026-06-28","endDate":"2026-07-05","accomodation":{"rooms":[{"passengers":[{"age":30,"type":"ADULT"},{"age":30,"type":"ADULT"}]}]},"residentType":"NONE","numNights":0,"flightPa
[16-Nov-2025 00:15:16 UTC] [Soltour API info] Details response structure: {"has_budget":false,"has_details":true,"has_error":false,"error_msg":null}
[16-Nov-2025 00:15:17 UTC] [Soltour API info] Response from booking/details: {"availToken":"mw0+f2Yh/8bBO9XHS6kcuPP3CqQEpAzrYKTnS3waN9c=","timestamp":"2025-11-16T01:15:16.874461451","serviceType":"UNDEFINED","agencyInformation":{"clientCode":"BEAUTYT","branchOfficeCode":"999","taxApplicationType":"ISC","taxRate":0,"paymentType":"PP","commission":{"currency":"EUR","rate":15}},"params":{"startDate":"2026-06-28","endDate":"2026-07-05","accomodation":{"rooms":[{"passengers":[{"age":30,"type":"ADULT"},{"age":30,"type":"ADULT"}]}]},"residentType":"NONE","numNights":0,"flightPa
[16-Nov-2025 00:15:17 UTC] [Soltour API info] Details response structure: {"has_budget":false,"has_details":true,"has_error":false,"error_msg":null}
[16-Nov-2025 00:15:17 UTC] Loaded file: blur_effects.php
[16-Nov-2025 00:15:17 UTC] Loaded file: rkit_post_duplicator.php
[16-Nov-2025 00:15:17 UTC] Loaded file: rkit_tool_tips.php
[16-Nov-2025 00:15:17 UTC] Loaded file: rkit_wrapper_link.php
[16-Nov-2025 00:15:17 UTC] Class not found: \RomethemeKit\Rkit_Custom_Cursor
[16-Nov-2025 00:15:17 UTC] Instantiated class: \RomethemeKit\RkitDuplicator
[16-Nov-2025 00:15:17 UTC] Instantiated class: \RomethemeKit\BlurEffects
[16-Nov-2025 00:15:17 UTC] Class not found: \RomethemeKit\Rkit_Sticky_Content
[16-Nov-2025 00:15:17 UTC] Instantiated class: \RomethemeKit\RkitToolTips
[16-Nov-2025 00:15:17 UTC] Instantiated class: \RomethemeKit\RkitWrapperLink
[16-Nov-2025 00:15:17 UTC] [Soltour API info] Response from booking/details: {"availToken":"mw0+f2Yh/8bBO9XHS6kcuPP3CqQEpAzrYKTnS3waN9c=","timestamp":"2025-11-16T01:15:16.950806804","serviceType":"UNDEFINED","agencyInformation":{"clientCode":"BEAUTYT","branchOfficeCode":"999","taxApplicationType":"ISC","taxRate":0,"paymentType":"PP","commission":{"currency":"EUR","rate":15}},"params":{"startDate":"2026-06-28","endDate":"2026-07-05","accomodation":{"rooms":[{"passengers":[{"age":30,"type":"ADULT"},{"age":30,"type":"ADULT"}]}]},"residentType":"NONE","numNights":0,"flightPa
[16-Nov-2025 00:15:17 UTC] [Soltour API info] Details response structure: {"has_budget":false,"has_details":true,"has_error":false,"error_msg":null}
[16-Nov-2025 00:15:17 UTC] [Soltour API info] Getting details for budget: H81381##TI##0$5197765516168551960@@CLASSICAL01, hotel: H81381
[16-Nov-2025 00:15:17 UTC] [Soltour API info] Request to booking/details: {"productType":"PACKAGE","availToken":"mw0+f2Yh\/8bBO9XHS6kcuPP3CqQEpAzrYKTnS3waN9c=","budgetId":"H81381##TI##0$5197765516168551960@@CLASSICAL01","hotelParams":{"hotelCode":"H81381","providerCode":"UNDEFINED"}}
[16-Nov-2025 00:15:18 UTC] Loaded file: blur_effects.php
[16-Nov-2025 00:15:18 UTC] Loaded file: rkit_post_duplicator.php
[16-Nov-2025 00:15:18 UTC] Loaded file: rkit_tool_tips.php
[16-Nov-2025 00:15:18 UTC] Loaded file: rkit_wrapper_link.php
[16-Nov-2025 00:15:18 UTC] Class not found: \RomethemeKit\Rkit_Custom_Cursor
[16-Nov-2025 00:15:18 UTC] Instantiated class: \RomethemeKit\RkitDuplicator
[16-Nov-2025 00:15:18 UTC] Instantiated class: \RomethemeKit\BlurEffects
[16-Nov-2025 00:15:18 UTC] Class not found: \RomethemeKit\Rkit_Sticky_Content
[16-Nov-2025 00:15:18 UTC] Instantiated class: \RomethemeKit\RkitToolTips
[16-Nov-2025 00:15:18 UTC] Instantiated class: \RomethemeKit\RkitWrapperLink
[16-Nov-2025 00:15:18 UTC] Loaded file: blur_effects.php
[16-Nov-2025 00:15:18 UTC] Loaded file: rkit_post_duplicator.php
[16-Nov-2025 00:15:18 UTC] Loaded file: blur_effects.php
[16-Nov-2025 00:15:18 UTC] Loaded file: rkit_post_duplicator.php
[16-Nov-2025 00:15:18 UTC] Loaded file: rkit_tool_tips.php
[16-Nov-2025 00:15:18 UTC] Loaded file: rkit_wrapper_link.php
[16-Nov-2025 00:15:18 UTC] Class not found: \RomethemeKit\Rkit_Custom_Cursor
[16-Nov-2025 00:15:18 UTC] Loaded file: rkit_tool_tips.php
[16-Nov-2025 00:15:18 UTC] Instantiated class: \RomethemeKit\RkitDuplicator
[16-Nov-2025 00:15:18 UTC] Instantiated class: \RomethemeKit\BlurEffects
[16-Nov-2025 00:15:18 UTC] Class not found: \RomethemeKit\Rkit_Sticky_Content
[16-Nov-2025 00:15:18 UTC] Instantiated class: \RomethemeKit\RkitToolTips
[16-Nov-2025 00:15:18 UTC] Instantiated class: \RomethemeKit\RkitWrapperLink
[16-Nov-2025 00:15:18 UTC] Loaded file: rkit_wrapper_link.php
[16-Nov-2025 00:15:18 UTC] Class not found: \RomethemeKit\Rkit_Custom_Cursor
[16-Nov-2025 00:15:18 UTC] Instantiated class: \RomethemeKit\RkitDuplicator
[16-Nov-2025 00:15:18 UTC] Instantiated class: \RomethemeKit\BlurEffects
[16-Nov-2025 00:15:18 UTC] Class not found: \RomethemeKit\Rkit_Sticky_Content
[16-Nov-2025 00:15:18 UTC] Instantiated class: \RomethemeKit\RkitToolTips
[16-Nov-2025 00:15:18 UTC] Instantiated class: \RomethemeKit\RkitWrapperLink
[16-Nov-2025 00:15:18 UTC] [Soltour API info] Response from booking/details: {"availToken":"mw0+f2Yh/8bBO9XHS6kcuPP3CqQEpAzrYKTnS3waN9c=","timestamp":"2025-11-16T01:15:18.009367434","serviceType":"UNDEFINED","agencyInformation":{"clientCode":"BEAUTYT","branchOfficeCode":"999","taxApplicationType":"ISC","taxRate":0,"paymentType":"PP","commission":{"currency":"EUR","rate":15}},"params":{"startDate":"2026-06-28","endDate":"2026-07-05","accomodation":{"rooms":[{"passengers":[{"age":30,"type":"ADULT"},{"age":30,"type":"ADULT"}]}]},"residentType":"NONE","numNights":0,"flightPa
[16-Nov-2025 00:15:18 UTC] [Soltour API info] Details response structure: {"has_budget":false,"has_details":true,"has_error":false,"error_msg":null}
[16-Nov-2025 00:15:18 UTC] Loaded file: blur_effects.php
[16-Nov-2025 00:15:18 UTC] Loaded file: rkit_post_duplicator.php
[16-Nov-2025 00:15:18 UTC] Loaded file: rkit_tool_tips.php
[16-Nov-2025 00:15:18 UTC] Loaded file: rkit_wrapper_link.php
[16-Nov-2025 00:15:18 UTC] Class not found: \RomethemeKit\Rkit_Custom_Cursor
[16-Nov-2025 00:15:18 UTC] Instantiated class: \RomethemeKit\RkitDuplicator
[16-Nov-2025 00:15:18 UTC] Instantiated class: \RomethemeKit\BlurEffects
[16-Nov-2025 00:15:18 UTC] Class not found: \RomethemeKit\Rkit_Sticky_Content
[16-Nov-2025 00:15:18 UTC] Instantiated class: \RomethemeKit\RkitToolTips
[16-Nov-2025 00:15:18 UTC] Instantiated class: \RomethemeKit\RkitWrapperLink
[16-Nov-2025 00:15:18 UTC] [Soltour API info] Getting details for budget: H24##TI##0$5368681684563509651@@CLASSICAL01, hotel: H24
[16-Nov-2025 00:15:18 UTC] [Soltour API info] Request to booking/details: {"productType":"PACKAGE","availToken":"mw0+f2Yh\/8bBO9XHS6kcuPP3CqQEpAzrYKTnS3waN9c=","budgetId":"H24##TI##0$5368681684563509651@@CLASSICAL01","hotelParams":{"hotelCode":"H24","providerCode":"UNDEFINED"}}
[16-Nov-2025 00:15:18 UTC] [Soltour API info] Getting details for budget: H199543##SA##0$5692051733547838188@@CLASSICAL01, hotel: H199543
[16-Nov-2025 00:15:18 UTC] [Soltour API info] Request to booking/details: {"productType":"PACKAGE","availToken":"mw0+f2Yh\/8bBO9XHS6kcuPP3CqQEpAzrYKTnS3waN9c=","budgetId":"H199543##SA##0$5692051733547838188@@CLASSICAL01","hotelParams":{"hotelCode":"H199543","providerCode":"UNDEFINED"}}
[16-Nov-2025 00:15:18 UTC] [Soltour API info] Getting details for budget: H79993##TI##0$4611908609397103746@@CLASSICAL01, hotel: H79993
[16-Nov-2025 00:15:18 UTC] [Soltour API info] Request to booking/details: {"productType":"PACKAGE","availToken":"mw0+f2Yh\/8bBO9XHS6kcuPP3CqQEpAzrYKTnS3waN9c=","budgetId":"H79993##TI##0$4611908609397103746@@CLASSICAL01","hotelParams":{"hotelCode":"H79993","providerCode":"UNDEFINED"}}
[16-Nov-2025 00:15:18 UTC] [Soltour API info] Getting details for budget: H99741##TI##0$5319174621030968258@@CLASSICAL01, hotel: H99741
[16-Nov-2025 00:15:18 UTC] [Soltour API info] Request to booking/details: {"productType":"PACKAGE","availToken":"mw0+f2Yh\/8bBO9XHS6kcuPP3CqQEpAzrYKTnS3waN9c=","budgetId":"H99741##TI##0$5319174621030968258@@CLASSICAL01","hotelParams":{"hotelCode":"H99741","providerCode":"UNDEFINED"}}
[16-Nov-2025 00:15:19 UTC] Loaded file: blur_effects.php
[16-Nov-2025 00:15:19 UTC] Loaded file: rkit_post_duplicator.php
[16-Nov-2025 00:15:19 UTC] Loaded file: rkit_tool_tips.php
[16-Nov-2025 00:15:19 UTC] Loaded file: rkit_wrapper_link.php
[16-Nov-2025 00:15:19 UTC] Class not found: \RomethemeKit\Rkit_Custom_Cursor
[16-Nov-2025 00:15:19 UTC] Instantiated class: \RomethemeKit\RkitDuplicator
[16-Nov-2025 00:15:19 UTC] Instantiated class: \RomethemeKit\BlurEffects
[16-Nov-2025 00:15:19 UTC] Class not found: \RomethemeKit\Rkit_Sticky_Content
[16-Nov-2025 00:15:19 UTC] Instantiated class: \RomethemeKit\RkitToolTips
[16-Nov-2025 00:15:19 UTC] Instantiated class: \RomethemeKit\RkitWrapperLink
[16-Nov-2025 00:15:19 UTC] [Soltour API info] Response from booking/details: {"availToken":"mw0+f2Yh/8bBO9XHS6kcuPP3CqQEpAzrYKTnS3waN9c=","timestamp":"2025-11-16T01:15:19.161245942","serviceType":"UNDEFINED","agencyInformation":{"clientCode":"BEAUTYT","branchOfficeCode":"999","taxApplicationType":"ISC","taxRate":0,"paymentType":"PP","commission":{"currency":"EUR","rate":15}},"params":{"startDate":"2026-06-28","endDate":"2026-07-05","accomodation":{"rooms":[{"passengers":[{"age":30,"type":"ADULT"},{"age":30,"type":"ADULT"}]}]},"residentType":"NONE","numNights":0,"flightPa
[16-Nov-2025 00:15:19 UTC] [Soltour API info] Details response structure: {"has_budget":false,"has_details":true,"has_error":false,"error_msg":null}
[16-Nov-2025 00:15:19 UTC] [Soltour API info] Response from booking/details: {"availToken":"mw0+f2Yh/8bBO9XHS6kcuPP3CqQEpAzrYKTnS3waN9c=","timestamp":"2025-11-16T01:15:19.236318797","serviceType":"UNDEFINED","agencyInformation":{"clientCode":"BEAUTYT","branchOfficeCode":"999","taxApplicationType":"ISC","taxRate":0,"paymentType":"PP","commission":{"currency":"EUR","rate":15}},"params":{"startDate":"2026-06-28","endDate":"2026-07-05","accomodation":{"rooms":[{"passengers":[{"age":30,"type":"ADULT"},{"age":30,"type":"ADULT"}]}]},"residentType":"NONE","numNights":0,"flightPa
[16-Nov-2025 00:15:19 UTC] [Soltour API info] Details response structure: {"has_budget":false,"has_details":true,"has_error":false,"error_msg":null}
[16-Nov-2025 00:15:19 UTC] [Soltour API info] Response from booking/details: {"availToken":"mw0+f2Yh/8bBO9XHS6kcuPP3CqQEpAzrYKTnS3waN9c=","timestamp":"2025-11-16T01:15:19.281507310","serviceType":"UNDEFINED","agencyInformation":{"clientCode":"BEAUTYT","branchOfficeCode":"999","taxApplicationType":"ISC","taxRate":0,"paymentType":"PP","commission":{"currency":"EUR","rate":15}},"params":{"startDate":"2026-06-28","endDate":"2026-07-05","accomodation":{"rooms":[{"passengers":[{"age":30,"type":"ADULT"},{"age":30,"type":"ADULT"}]}]},"residentType":"NONE","numNights":0,"flightPa
[16-Nov-2025 00:15:19 UTC] [Soltour API info] Details response structure: {"has_budget":false,"has_details":true,"has_error":false,"error_msg":null}
[16-Nov-2025 00:15:19 UTC] [Soltour API info] Response from booking/details: {"availToken":"mw0+f2Yh/8bBO9XHS6kcuPP3CqQEpAzrYKTnS3waN9c=","timestamp":"2025-11-16T01:15:19.267462299","serviceType":"UNDEFINED","agencyInformation":{"clientCode":"BEAUTYT","branchOfficeCode":"999","taxApplicationType":"ISC","taxRate":0,"paymentType":"PP","commission":{"currency":"EUR","rate":15}},"params":{"startDate":"2026-06-28","endDate":"2026-07-05","accomodation":{"rooms":[{"passengers":[{"age":30,"type":"ADULT"},{"age":30,"type":"ADULT"}]}]},"residentType":"NONE","numNights":0,"flightPa
[16-Nov-2025 00:15:19 UTC] [Soltour API info] Details response structure: {"has_budget":false,"has_details":true,"has_error":false,"error_msg":null}
[16-Nov-2025 00:15:19 UTC] [Soltour API info] Getting details for budget: H81784##TI##0$5621533255066485578@@CLASSICAL01, hotel: H81784
[16-Nov-2025 00:15:19 UTC] [Soltour API info] Request to booking/details: {"productType":"PACKAGE","availToken":"mw0+f2Yh\/8bBO9XHS6kcuPP3CqQEpAzrYKTnS3waN9c=","budgetId":"H81784##TI##0$5621533255066485578@@CLASSICAL01","hotelParams":{"hotelCode":"H81784","providerCode":"UNDEFINED"}}
[16-Nov-2025 00:15:20 UTC] Loaded file: blur_effects.php
[16-Nov-2025 00:15:20 UTC] Loaded file: rkit_post_duplicator.php
[16-Nov-2025 00:15:20 UTC] Loaded file: rkit_tool_tips.php
[16-Nov-2025 00:15:20 UTC] Loaded file: rkit_wrapper_link.php
[16-Nov-2025 00:15:20 UTC] Class not found: \RomethemeKit\Rkit_Custom_Cursor
[16-Nov-2025 00:15:20 UTC] Instantiated class: \RomethemeKit\RkitDuplicator
[16-Nov-2025 00:15:20 UTC] Instantiated class: \RomethemeKit\BlurEffects
[16-Nov-2025 00:15:20 UTC] Class not found: \RomethemeKit\Rkit_Sticky_Content
[16-Nov-2025 00:15:20 UTC] Instantiated class: \RomethemeKit\RkitToolTips
[16-Nov-2025 00:15:20 UTC] Instantiated class: \RomethemeKit\RkitWrapperLink
[16-Nov-2025 00:15:20 UTC] Loaded file: blur_effects.php
[16-Nov-2025 00:15:20 UTC] Loaded file: rkit_post_duplicator.php
[16-Nov-2025 00:15:20 UTC] Loaded file: rkit_tool_tips.php
[16-Nov-2025 00:15:20 UTC] Loaded file: rkit_wrapper_link.php
[16-Nov-2025 00:15:20 UTC] Class not found: \RomethemeKit\Rkit_Custom_Cursor
[16-Nov-2025 00:15:20 UTC] Instantiated class: \RomethemeKit\RkitDuplicator
[16-Nov-2025 00:15:20 UTC] Instantiated class: \RomethemeKit\BlurEffects
[16-Nov-2025 00:15:20 UTC] Class not found: \RomethemeKit\Rkit_Sticky_Content
[16-Nov-2025 00:15:20 UTC] Instantiated class: \RomethemeKit\RkitToolTips
[16-Nov-2025 00:15:20 UTC] Instantiated class: \RomethemeKit\RkitWrapperLink
[16-Nov-2025 00:15:20 UTC] Loaded file: blur_effects.php
[16-Nov-2025 00:15:20 UTC] Loaded file: rkit_post_duplicator.php
[16-Nov-2025 00:15:20 UTC] Loaded file: rkit_tool_tips.php
[16-Nov-2025 00:15:20 UTC] Loaded file: rkit_wrapper_link.php
[16-Nov-2025 00:15:20 UTC] Class not found: \RomethemeKit\Rkit_Custom_Cursor
[16-Nov-2025 00:15:20 UTC] Instantiated class: \RomethemeKit\RkitDuplicator
[16-Nov-2025 00:15:20 UTC] Instantiated class: \RomethemeKit\BlurEffects
[16-Nov-2025 00:15:20 UTC] Class not found: \RomethemeKit\Rkit_Sticky_Content
[16-Nov-2025 00:15:20 UTC] Instantiated class: \RomethemeKit\RkitToolTips
[16-Nov-2025 00:15:20 UTC] Instantiated class: \RomethemeKit\RkitWrapperLink
[16-Nov-2025 00:15:20 UTC] Loaded file: blur_effects.php
[16-Nov-2025 00:15:20 UTC] Loaded file: rkit_post_duplicator.php
[16-Nov-2025 00:15:20 UTC] Loaded file: rkit_tool_tips.php
[16-Nov-2025 00:15:20 UTC] Loaded file: rkit_wrapper_link.php
[16-Nov-2025 00:15:20 UTC] Class not found: \RomethemeKit\Rkit_Custom_Cursor
[16-Nov-2025 00:15:20 UTC] Instantiated class: \RomethemeKit\RkitDuplicator
[16-Nov-2025 00:15:20 UTC] Instantiated class: \RomethemeKit\BlurEffects
[16-Nov-2025 00:15:20 UTC] Class not found: \RomethemeKit\Rkit_Sticky_Content
[16-Nov-2025 00:15:20 UTC] Instantiated class: \RomethemeKit\RkitToolTips
[16-Nov-2025 00:15:20 UTC] Instantiated class: \RomethemeKit\RkitWrapperLink
[16-Nov-2025 00:15:20 UTC] [Soltour API info] Response from booking/details: {"availToken":"mw0+f2Yh/8bBO9XHS6kcuPP3CqQEpAzrYKTnS3waN9c=","timestamp":"2025-11-16T01:15:20.384352362","serviceType":"UNDEFINED","agencyInformation":{"clientCode":"BEAUTYT","branchOfficeCode":"999","taxApplicationType":"ISC","taxRate":0,"paymentType":"PP","commission":{"currency":"EUR","rate":15}},"params":{"startDate":"2026-06-28","endDate":"2026-07-05","accomodation":{"rooms":[{"passengers":[{"age":30,"type":"ADULT"},{"age":30,"type":"ADULT"}]}]},"residentType":"NONE","numNights":0,"flightPa
[16-Nov-2025 00:15:20 UTC] [Soltour API info] Details response structure: {"has_budget":false,"has_details":true,"has_error":false,"error_msg":null}
[16-Nov-2025 00:15:20 UTC] [Soltour API info] Getting details for budget: H35##TI##0$5070231184437584321@@CLASSICAL01, hotel: H35
[16-Nov-2025 00:15:20 UTC] [Soltour API info] Request to booking/details: {"productType":"PACKAGE","availToken":"mw0+f2Yh\/8bBO9XHS6kcuPP3CqQEpAzrYKTnS3waN9c=","budgetId":"H35##TI##0$5070231184437584321@@CLASSICAL01","hotelParams":{"hotelCode":"H35","providerCode":"UNDEFINED"}}
[16-Nov-2025 00:15:20 UTC] [Soltour API info] Getting details for budget: H199535##TI##0$4931590027099684140@@CLASSICAL01, hotel: H199535
[16-Nov-2025 00:15:20 UTC] [Soltour API info] Request to booking/details: {"productType":"PACKAGE","availToken":"mw0+f2Yh\/8bBO9XHS6kcuPP3CqQEpAzrYKTnS3waN9c=","budgetId":"H199535##TI##0$4931590027099684140@@CLASSICAL01","hotelParams":{"hotelCode":"H199535","providerCode":"UNDEFINED"}}
[16-Nov-2025 00:15:20 UTC] [Soltour API info] Getting details for budget: H3784##TI##0$5385703536289483914@@CLASSICAL01, hotel: H3784
[16-Nov-2025 00:15:20 UTC] [Soltour API info] Request to booking/details: {"productType":"PACKAGE","availToken":"mw0+f2Yh\/8bBO9XHS6kcuPP3CqQEpAzrYKTnS3waN9c=","budgetId":"H3784##TI##0$5385703536289483914@@CLASSICAL01","hotelParams":{"hotelCode":"H3784","providerCode":"UNDEFINED"}}
[16-Nov-2025 00:15:20 UTC] [Soltour API info] Getting details for budget: H14##TI##0$5380081259339590528@@CLASSICAL01, hotel: H14
[16-Nov-2025 00:15:20 UTC] [Soltour API info] Request to booking/details: {"productType":"PACKAGE","availToken":"mw0+f2Yh\/8bBO9XHS6kcuPP3CqQEpAzrYKTnS3waN9c=","budgetId":"H14##TI##0$5380081259339590528@@CLASSICAL01","hotelParams":{"hotelCode":"H14","providerCode":"UNDEFINED"}}
[16-Nov-2025 00:15:21 UTC] Loaded file: blur_effects.php
[16-Nov-2025 00:15:21 UTC] Loaded file: rkit_post_duplicator.php
[16-Nov-2025 00:15:21 UTC] Loaded file: rkit_tool_tips.php
[16-Nov-2025 00:15:21 UTC] Loaded file: rkit_wrapper_link.php
[16-Nov-2025 00:15:21 UTC] Class not found: \RomethemeKit\Rkit_Custom_Cursor
[16-Nov-2025 00:15:21 UTC] Instantiated class: \RomethemeKit\RkitDuplicator
[16-Nov-2025 00:15:21 UTC] Instantiated class: \RomethemeKit\BlurEffects
[16-Nov-2025 00:15:21 UTC] Class not found: \RomethemeKit\Rkit_Sticky_Content
[16-Nov-2025 00:15:21 UTC] Instantiated class: \RomethemeKit\RkitToolTips
[16-Nov-2025 00:15:21 UTC] Instantiated class: \RomethemeKit\RkitWrapperLink
[16-Nov-2025 00:15:21 UTC] [Soltour API info] Response from booking/details: {"availToken":"mw0+f2Yh/8bBO9XHS6kcuPP3CqQEpAzrYKTnS3waN9c=","timestamp":"2025-11-16T01:15:21.125348111","serviceType":"UNDEFINED","agencyInformation":{"clientCode":"BEAUTYT","branchOfficeCode":"999","taxApplicationType":"ISC","taxRate":0,"paymentType":"PP","commission":{"currency":"EUR","rate":15}},"params":{"startDate":"2026-06-28","endDate":"2026-07-05","accomodation":{"rooms":[{"passengers":[{"age":30,"type":"ADULT"},{"age":30,"type":"ADULT"}]}]},"residentType":"NONE","numNights":0,"flightPa
[16-Nov-2025 00:15:21 UTC] [Soltour API info] Details response structure: {"has_budget":false,"has_details":true,"has_error":false,"error_msg":null}
[16-Nov-2025 00:15:21 UTC] [Soltour API info] Response from booking/details: {"availToken":"mw0+f2Yh/8bBO9XHS6kcuPP3CqQEpAzrYKTnS3waN9c=","timestamp":"2025-11-16T01:15:21.231741321","serviceType":"UNDEFINED","agencyInformation":{"clientCode":"BEAUTYT","branchOfficeCode":"999","taxApplicationType":"ISC","taxRate":0,"paymentType":"PP","commission":{"currency":"EUR","rate":15}},"params":{"startDate":"2026-06-28","endDate":"2026-07-05","accomodation":{"rooms":[{"passengers":[{"age":30,"type":"ADULT"},{"age":30,"type":"ADULT"}]}]},"residentType":"NONE","numNights":0,"flightPa
[16-Nov-2025 00:15:21 UTC] [Soltour API info] Details response structure: {"has_budget":false,"has_details":true,"has_error":false,"error_msg":null}
[16-Nov-2025 00:15:21 UTC] [Soltour API info] Response from booking/details: {"availToken":"mw0+f2Yh/8bBO9XHS6kcuPP3CqQEpAzrYKTnS3waN9c=","timestamp":"2025-11-16T01:15:21.350435392","serviceType":"UNDEFINED","agencyInformation":{"clientCode":"BEAUTYT","branchOfficeCode":"999","taxApplicationType":"ISC","taxRate":0,"paymentType":"PP","commission":{"currency":"EUR","rate":15}},"params":{"startDate":"2026-06-28","endDate":"2026-07-05","accomodation":{"rooms":[{"passengers":[{"age":30,"type":"ADULT"},{"age":30,"type":"ADULT"}]}]},"residentType":"NONE","numNights":0,"flightPa
[16-Nov-2025 00:15:21 UTC] [Soltour API info] Details response structure: {"has_budget":false,"has_details":true,"has_error":false,"error_msg":null}
[16-Nov-2025 00:15:21 UTC] [Soltour API info] Response from booking/details: {"availToken":"mw0+f2Yh/8bBO9XHS6kcuPP3CqQEpAzrYKTnS3waN9c=","timestamp":"2025-11-16T01:15:21.465309384","serviceType":"UNDEFINED","agencyInformation":{"clientCode":"BEAUTYT","branchOfficeCode":"999","taxApplicationType":"ISC","taxRate":0,"paymentType":"PP","commission":{"currency":"EUR","rate":15}},"params":{"startDate":"2026-06-28","endDate":"2026-07-05","accomodation":{"rooms":[{"passengers":[{"age":30,"type":"ADULT"},{"age":30,"type":"ADULT"}]}]},"residentType":"NONE","numNights":0,"flightPa
[16-Nov-2025 00:15:21 UTC] [Soltour API info] Details response structure: {"has_budget":false,"has_details":true,"has_error":false,"error_msg":null}
[16-Nov-2025 00:15:21 UTC] [Soltour API info] Getting details for budget: H79963##TI##0$4612881562134458436@@CLASSICAL01, hotel: H79963
[16-Nov-2025 00:15:21 UTC] [Soltour API info] Request to booking/details: {"productType":"PACKAGE","availToken":"mw0+f2Yh\/8bBO9XHS6kcuPP3CqQEpAzrYKTnS3waN9c=","budgetId":"H79963##TI##0$4612881562134458436@@CLASSICAL01","hotelParams":{"hotelCode":"H79963","providerCode":"UNDEFINED"}}
[16-Nov-2025 00:15:22 UTC] Loaded file: blur_effects.php
[16-Nov-2025 00:15:22 UTC] Loaded file: rkit_post_duplicator.php
[16-Nov-2025 00:15:22 UTC] Loaded file: rkit_tool_tips.php
[16-Nov-2025 00:15:22 UTC] Loaded file: rkit_wrapper_link.php
[16-Nov-2025 00:15:22 UTC] Class not found: \RomethemeKit\Rkit_Custom_Cursor
[16-Nov-2025 00:15:22 UTC] Instantiated class: \RomethemeKit\RkitDuplicator
[16-Nov-2025 00:15:22 UTC] Instantiated class: \RomethemeKit\BlurEffects
[16-Nov-2025 00:15:22 UTC] Class not found: \RomethemeKit\Rkit_Sticky_Content
[16-Nov-2025 00:15:22 UTC] Instantiated class: \RomethemeKit\RkitToolTips
[16-Nov-2025 00:15:22 UTC] Instantiated class: \RomethemeKit\RkitWrapperLink
[16-Nov-2025 00:15:22 UTC] [Soltour API info] Response from booking/details: {"availToken":"mw0+f2Yh/8bBO9XHS6kcuPP3CqQEpAzrYKTnS3waN9c=","timestamp":"2025-11-16T01:15:22.016631808","serviceType":"UNDEFINED","agencyInformation":{"clientCode":"BEAUTYT","branchOfficeCode":"999","taxApplicationType":"ISC","taxRate":0,"paymentType":"PP","commission":{"currency":"EUR","rate":15}},"params":{"startDate":"2026-06-28","endDate":"2026-07-05","accomodation":{"rooms":[{"passengers":[{"age":30,"type":"ADULT"},{"age":30,"type":"ADULT"}]}]},"residentType":"NONE","numNights":0,"flightPa
[16-Nov-2025 00:15:22 UTC] [Soltour API info] Details response structure: {"has_budget":false,"has_details":true,"has_error":false,"error_msg":null}
[16-Nov-2025 00:15:22 UTC] Loaded file: blur_effects.php
[16-Nov-2025 00:15:22 UTC] Loaded file: rkit_post_duplicator.php
[16-Nov-2025 00:15:22 UTC] Loaded file: rkit_tool_tips.php
[16-Nov-2025 00:15:22 UTC] Loaded file: rkit_wrapper_link.php
[16-Nov-2025 00:15:22 UTC] Class not found: \RomethemeKit\Rkit_Custom_Cursor
[16-Nov-2025 00:15:22 UTC] Instantiated class: \RomethemeKit\RkitDuplicator
[16-Nov-2025 00:15:22 UTC] Instantiated class: \RomethemeKit\BlurEffects
[16-Nov-2025 00:15:22 UTC] Class not found: \RomethemeKit\Rkit_Sticky_Content
[16-Nov-2025 00:15:22 UTC] Instantiated class: \RomethemeKit\RkitToolTips
[16-Nov-2025 00:15:22 UTC] Instantiated class: \RomethemeKit\RkitWrapperLink
[16-Nov-2025 00:15:22 UTC] Loaded file: blur_effects.php
[16-Nov-2025 00:15:22 UTC] Loaded file: rkit_post_duplicator.php
[16-Nov-2025 00:15:22 UTC] Loaded file: rkit_tool_tips.php
[16-Nov-2025 00:15:22 UTC] Loaded file: rkit_wrapper_link.php
[16-Nov-2025 00:15:22 UTC] Class not found: \RomethemeKit\Rkit_Custom_Cursor
[16-Nov-2025 00:15:22 UTC] Instantiated class: \RomethemeKit\RkitDuplicator
[16-Nov-2025 00:15:22 UTC] Instantiated class: \RomethemeKit\BlurEffects
[16-Nov-2025 00:15:22 UTC] Class not found: \RomethemeKit\Rkit_Sticky_Content
[16-Nov-2025 00:15:22 UTC] Instantiated class: \RomethemeKit\RkitToolTips
[16-Nov-2025 00:15:22 UTC] Instantiated class: \RomethemeKit\RkitWrapperLink
[16-Nov-2025 00:15:22 UTC] Loaded file: blur_effects.php
[16-Nov-2025 00:15:22 UTC] Loaded file: rkit_post_duplicator.php
[16-Nov-2025 00:15:22 UTC] Loaded file: rkit_tool_tips.php
[16-Nov-2025 00:15:22 UTC] Loaded file: rkit_wrapper_link.php
[16-Nov-2025 00:15:22 UTC] Class not found: \RomethemeKit\Rkit_Custom_Cursor
[16-Nov-2025 00:15:22 UTC] Instantiated class: \RomethemeKit\RkitDuplicator
[16-Nov-2025 00:15:22 UTC] Instantiated class: \RomethemeKit\BlurEffects
[16-Nov-2025 00:15:22 UTC] Class not found: \RomethemeKit\Rkit_Sticky_Content
[16-Nov-2025 00:15:22 UTC] Instantiated class: \RomethemeKit\RkitToolTips
[16-Nov-2025 00:15:22 UTC] Instantiated class: \RomethemeKit\RkitWrapperLink
[16-Nov-2025 00:15:22 UTC] [Soltour API info] Getting details for budget: H199373##TI##0$4863547075986096052@@CLASSICAL01, hotel: H199373
[16-Nov-2025 00:15:22 UTC] [Soltour API info] Request to booking/details: {"productType":"PACKAGE","availToken":"mw0+f2Yh\/8bBO9XHS6kcuPP3CqQEpAzrYKTnS3waN9c=","budgetId":"H199373##TI##0$4863547075986096052@@CLASSICAL01","hotelParams":{"hotelCode":"H199373","providerCode":"UNDEFINED"}}
[16-Nov-2025 00:15:22 UTC] [Soltour API info] Getting details for budget: H199536##TI##0$5736278293347000455@@CLASSICAL01, hotel: H199536
[16-Nov-2025 00:15:22 UTC] [Soltour API info] Request to booking/details: {"productType":"PACKAGE","availToken":"mw0+f2Yh\/8bBO9XHS6kcuPP3CqQEpAzrYKTnS3waN9c=","budgetId":"H199536##TI##0$5736278293347000455@@CLASSICAL01","hotelParams":{"hotelCode":"H199536","providerCode":"UNDEFINED"}}
[16-Nov-2025 00:15:22 UTC] [Soltour API info] Getting details for budget: H199374##TI##0$5204401197735837981@@CLASSICAL01, hotel: H199374
[16-Nov-2025 00:15:22 UTC] [Soltour API info] Request to booking/details: {"productType":"PACKAGE","availToken":"mw0+f2Yh\/8bBO9XHS6kcuPP3CqQEpAzrYKTnS3waN9c=","budgetId":"H199374##TI##0$5204401197735837981@@CLASSICAL01","hotelParams":{"hotelCode":"H199374","providerCode":"UNDEFINED"}}
[16-Nov-2025 00:15:22 UTC] [Soltour API info] Getting details for budget: H80000##TI##0$5704141408384562406@@CLASSICAL01, hotel: H80000
[16-Nov-2025 00:15:22 UTC] [Soltour API info] Request to booking/details: {"productType":"PACKAGE","availToken":"mw0+f2Yh\/8bBO9XHS6kcuPP3CqQEpAzrYKTnS3waN9c=","budgetId":"H80000##TI##0$5704141408384562406@@CLASSICAL01","hotelParams":{"hotelCode":"H80000","providerCode":"UNDEFINED"}}
[16-Nov-2025 00:15:23 UTC] [Soltour API info] Response from booking/details: {"availToken":"mw0+f2Yh/8bBO9XHS6kcuPP3CqQEpAzrYKTnS3waN9c=","timestamp":"2025-11-16T01:15:23.155429373","serviceType":"UNDEFINED","agencyInformation":{"clientCode":"BEAUTYT","branchOfficeCode":"999","taxApplicationType":"ISC","taxRate":0,"paymentType":"PP","commission":{"currency":"EUR","rate":15}},"params":{"startDate":"2026-06-28","endDate":"2026-07-05","accomodation":{"rooms":[{"passengers":[{"age":30,"type":"ADULT"},{"age":30,"type":"ADULT"}]}]},"residentType":"NONE","numNights":0,"flightPa
[16-Nov-2025 00:15:23 UTC] [Soltour API info] Details response structure: {"has_budget":false,"has_details":true,"has_error":false,"error_msg":null}
[16-Nov-2025 00:15:23 UTC] [Soltour API info] Response from booking/details: {"availToken":"mw0+f2Yh/8bBO9XHS6kcuPP3CqQEpAzrYKTnS3waN9c=","timestamp":"2025-11-16T01:15:23.353899460","serviceType":"UNDEFINED","agencyInformation":{"clientCode":"BEAUTYT","branchOfficeCode":"999","taxApplicationType":"ISC","taxRate":0,"paymentType":"PP","commission":{"currency":"EUR","rate":15}},"params":{"startDate":"2026-06-28","endDate":"2026-07-05","accomodation":{"rooms":[{"passengers":[{"age":30,"type":"ADULT"},{"age":30,"type":"ADULT"}]}]},"residentType":"NONE","numNights":0,"flightPa
[16-Nov-2025 00:15:23 UTC] [Soltour API info] Details response structure: {"has_budget":false,"has_details":true,"has_error":false,"error_msg":null}
[16-Nov-2025 00:15:23 UTC] [Soltour API info] Response from booking/details: {"availToken":"mw0+f2Yh/8bBO9XHS6kcuPP3CqQEpAzrYKTnS3waN9c=","timestamp":"2025-11-16T01:15:23.268555286","serviceType":"UNDEFINED","agencyInformation":{"clientCode":"BEAUTYT","branchOfficeCode":"999","taxApplicationType":"ISC","taxRate":0,"paymentType":"PP","commission":{"currency":"EUR","rate":15}},"params":{"startDate":"2026-06-28","endDate":"2026-07-05","accomodation":{"rooms":[{"passengers":[{"age":30,"type":"ADULT"},{"age":30,"type":"ADULT"}]}]},"residentType":"NONE","numNights":0,"flightPa
[16-Nov-2025 00:15:23 UTC] [Soltour API info] Details response structure: {"has_budget":false,"has_details":true,"has_error":false,"error_msg":null}
[16-Nov-2025 00:15:23 UTC] [Soltour API info] Response from booking/details: {"availToken":"mw0+f2Yh/8bBO9XHS6kcuPP3CqQEpAzrYKTnS3waN9c=","timestamp":"2025-11-16T01:15:23.412978206","serviceType":"UNDEFINED","agencyInformation":{"clientCode":"BEAUTYT","branchOfficeCode":"999","taxApplicationType":"ISC","taxRate":0,"paymentType":"PP","commission":{"currency":"EUR","rate":15}},"params":{"startDate":"2026-06-28","endDate":"2026-07-05","accomodation":{"rooms":[{"passengers":[{"age":30,"type":"ADULT"},{"age":30,"type":"ADULT"}]}]},"residentType":"NONE","numNights":0,"flightPa
[16-Nov-2025 00:15:23 UTC] [Soltour API info] Details response structure: {"has_budget":false,"has_details":true,"has_error":false,"error_msg":null}
[16-Nov-2025 00:15:30 UTC] Loaded file: blur_effects.php
[16-Nov-2025 00:15:30 UTC] Loaded file: rkit_post_duplicator.php
[16-Nov-2025 00:15:30 UTC] Loaded file: rkit_tool_tips.php
[16-Nov-2025 00:15:30 UTC] Loaded file: rkit_wrapper_link.php
[16-Nov-2025 00:15:30 UTC] Class not found: \RomethemeKit\Rkit_Custom_Cursor
[16-Nov-2025 00:15:30 UTC] Instantiated class: \RomethemeKit\RkitDuplicator
[16-Nov-2025 00:15:30 UTC] Instantiated class: \RomethemeKit\BlurEffects
[16-Nov-2025 00:15:30 UTC] Class not found: \RomethemeKit\Rkit_Sticky_Content
[16-Nov-2025 00:15:30 UTC] Instantiated class: \RomethemeKit\RkitToolTips
[16-Nov-2025 00:15:30 UTC] Instantiated class: \RomethemeKit\RkitWrapperLink
[16-Nov-2025 00:15:31 UTC] [Soltour API info] === CHECK ALLOWED SELLING ===
[16-Nov-2025 00:15:31 UTC] [Soltour API info] Request to booking/availability/checkAllowedSelling: []
[16-Nov-2025 00:15:31 UTC] Loaded file: blur_effects.php
[16-Nov-2025 00:15:31 UTC] Loaded file: rkit_post_duplicator.php
[16-Nov-2025 00:15:31 UTC] Loaded file: rkit_tool_tips.php
[16-Nov-2025 00:15:31 UTC] Loaded file: rkit_wrapper_link.php
[16-Nov-2025 00:15:31 UTC] Class not found: \RomethemeKit\Rkit_Custom_Cursor
[16-Nov-2025 00:15:31 UTC] Instantiated class: \RomethemeKit\RkitDuplicator
[16-Nov-2025 00:15:31 UTC] Instantiated class: \RomethemeKit\BlurEffects
[16-Nov-2025 00:15:31 UTC] Class not found: \RomethemeKit\Rkit_Sticky_Content
[16-Nov-2025 00:15:31 UTC] Instantiated class: \RomethemeKit\RkitToolTips
[16-Nov-2025 00:15:31 UTC] Instantiated class: \RomethemeKit\RkitWrapperLink
[16-Nov-2025 00:15:31 UTC] [Soltour API info] Response from booking/availability/checkAllowedSelling: {"ok":false,"error":{"notLogged":false,"errorMessage":"Method 'checkAllowedSelling' not found."}}
[16-Nov-2025 00:15:31 UTC] [Soltour API info] CheckAllowedSelling response: {"ok":false,"error":{"notLogged":false,"errorMessage":"Method 'checkAllowedSelling' not found."}}
[16-Nov-2025 00:15:31 UTC] Loaded file: blur_effects.php
[16-Nov-2025 00:15:31 UTC] Loaded file: rkit_post_duplicator.php
[16-Nov-2025 00:15:31 UTC] Loaded file: rkit_tool_tips.php
[16-Nov-2025 00:15:31 UTC] Loaded file: rkit_wrapper_link.php
[16-Nov-2025 00:15:31 UTC] Class not found: \RomethemeKit\Rkit_Custom_Cursor
[16-Nov-2025 00:15:31 UTC] Instantiated class: \RomethemeKit\RkitDuplicator
[16-Nov-2025 00:15:31 UTC] Instantiated class: \RomethemeKit\BlurEffects
[16-Nov-2025 00:15:31 UTC] Class not found: \RomethemeKit\Rkit_Sticky_Content
[16-Nov-2025 00:15:31 UTC] Instantiated class: \RomethemeKit\RkitToolTips
[16-Nov-2025 00:15:31 UTC] Instantiated class: \RomethemeKit\RkitWrapperLink
[16-Nov-2025 00:15:32 UTC] [Soltour API info] ╔═══════════════════════════════════════════════════════════════════╗
[16-Nov-2025 00:15:32 UTC] [Soltour API info] ║      🎯 SOLTOUR - PREPARE QUOTE - VALIDAÇÃO INTERMEDIÁRIA        ║
[16-Nov-2025 00:15:32 UTC] [Soltour API info] ╚═══════════════════════════════════════════════════════════════════╝
[16-Nov-2025 00:15:32 UTC] [Soltour API info] 📥 DADOS RECEBIDOS DO FRONTEND:
[16-Nov-2025 00:15:32 UTC] [Soltour API info]   ├─ availToken: mw0+f2Yh/8bBO9XHS6kc...
[16-Nov-2025 00:15:32 UTC] [Soltour API info]   ├─ budgetId (RAW): H49702##TI##0$4943522715182243317@@CLASSICAL01
[16-Nov-2025 00:15:32 UTC] [Soltour API info]   ├─ budgetId (strlen): 46
[16-Nov-2025 00:15:32 UTC] [Soltour API info]   ├─ hotelCode: H49702
[16-Nov-2025 00:15:32 UTC] [Soltour API info]   └─ providerCode: UNDEFINED
[16-Nov-2025 00:15:32 UTC] [Soltour API info] 
[16-Nov-2025 00:15:32 UTC] [Soltour API info] 🎫 Gerando cotação oficial com /booking/quote...
[16-Nov-2025 00:15:32 UTC] [Soltour API info]   └─ Endpoint: POST /booking/quote
[16-Nov-2025 00:15:32 UTC] [Soltour API info]   └─ budgetIds: [H49702##TI##0$4943522715182243317@@CLASSICAL01]
[16-Nov-2025 00:15:32 UTC] [Soltour API info] Request to booking/quote: {"productType":"PACKAGE","availToken":"mw0+f2Yh\/8bBO9XHS6kcuPP3CqQEpAzrYKTnS3waN9c=","budgetIds":["H49702##TI##0$4943522715182243317@@CLASSICAL01"]}
[16-Nov-2025 00:15:35 UTC] Loaded file: blur_effects.php
[16-Nov-2025 00:15:35 UTC] Loaded file: rkit_post_duplicator.php
[16-Nov-2025 00:15:35 UTC] Loaded file: rkit_tool_tips.php
[16-Nov-2025 00:15:35 UTC] Loaded file: rkit_wrapper_link.php
[16-Nov-2025 00:15:35 UTC] Class not found: \RomethemeKit\Rkit_Custom_Cursor
[16-Nov-2025 00:15:35 UTC] Instantiated class: \RomethemeKit\RkitDuplicator
[16-Nov-2025 00:15:35 UTC] Instantiated class: \RomethemeKit\BlurEffects
[16-Nov-2025 00:15:35 UTC] Class not found: \RomethemeKit\Rkit_Sticky_Content
[16-Nov-2025 00:15:35 UTC] Instantiated class: \RomethemeKit\RkitToolTips
[16-Nov-2025 00:15:35 UTC] Instantiated class: \RomethemeKit\RkitWrapperLink
[16-Nov-2025 00:15:35 UTC] [Soltour API info] Response from booking/quote: {"productType":"PACKAGE","availToken":"mw0+f2Yh/8bBO9XHS6kcuPP3CqQEpAzrYKTnS3waN9c=","timestamp":"2025-11-16T01:15:32.605097244","serviceType":"UNDEFINED","agencyInformation":{"clientCode":"BEAUTYT","branchOfficeCode":"999","taxApplicationType":"ISC","taxRate":0,"paymentType":"PP","commission":{"currency":"EUR","rate":15},"overCommission":{"currency":"EUR","fixedAmount":0,"rate":2,"ruleCode":"Over 2%"}},"budget":{"booked":false,"selected":false,"hotelServices":[{"responseId":"h+sOxbWAxo7N71beFHd
[16-Nov-2025 00:15:35 UTC] [Soltour API info] 📋 RESPOSTA quote:
[16-Nov-2025 00:15:35 UTC] [Soltour API info]   ├─ budget: SIM ✅
[16-Nov-2025 00:15:35 UTC] [Soltour API info]   ├─ quoteToken: NÃO ❌
[16-Nov-2025 00:15:35 UTC] [Soltour API info]   ├─ insurances: 1
[16-Nov-2025 00:15:35 UTC] [Soltour API info]   ├─ extras: 0
[16-Nov-2025 00:15:35 UTC] [Soltour API info]   ├─ importantInformation: 12
[16-Nov-2025 00:15:35 UTC] [Soltour API info]   ├─ cancellationChargeServices: 0
[16-Nov-2025 00:15:35 UTC] [Soltour API info] 
[16-Nov-2025 00:15:35 UTC] [Soltour API info] ✅ SUCESSO! Cotação gerada com sucesso
[16-Nov-2025 00:15:35 UTC] [Soltour API info] 📤 RETORNANDO DADOS PARA FRONTEND:
[16-Nov-2025 00:15:35 UTC] [Soltour API info]   ├─ quote: COMPLETO
[16-Nov-2025 00:15:35 UTC] [Soltour API info]   ├─ quoteToken: GERADO
[16-Nov-2025 00:15:35 UTC] [Soltour API info]   └─ budget: VÁLIDO
[16-Nov-2025 00:15:35 UTC] [Soltour API info] ╚═══════════════════════════════════════════════════════════════════╝
[16-Nov-2025 00:15:35 UTC] Loaded file: blur_effects.php
[16-Nov-2025 00:15:35 UTC] Loaded file: rkit_post_duplicator.php
[16-Nov-2025 00:15:35 UTC] Loaded file: rkit_tool_tips.php
[16-Nov-2025 00:15:35 UTC] Loaded file: rkit_wrapper_link.php
[16-Nov-2025 00:15:35 UTC] Class not found: \RomethemeKit\Rkit_Custom_Cursor
[16-Nov-2025 00:15:35 UTC] Instantiated class: \RomethemeKit\RkitDuplicator
[16-Nov-2025 00:15:35 UTC] Instantiated class: \RomethemeKit\BlurEffects
[16-Nov-2025 00:15:35 UTC] Class not found: \RomethemeKit\Rkit_Sticky_Content
[16-Nov-2025 00:15:35 UTC] Instantiated class: \RomethemeKit\RkitToolTips
[16-Nov-2025 00:15:35 UTC] Instantiated class: \RomethemeKit\RkitWrapperLink
[16-Nov-2025 00:15:41 UTC] Loaded file: blur_effects.php
[16-Nov-2025 00:15:41 UTC] Loaded file: rkit_post_duplicator.php
[16-Nov-2025 00:15:41 UTC] Loaded file: rkit_tool_tips.php
[16-Nov-2025 00:15:41 UTC] Loaded file: rkit_wrapper_link.php
[16-Nov-2025 00:15:41 UTC] Class not found: \RomethemeKit\Rkit_Custom_Cursor
[16-Nov-2025 00:15:41 UTC] Instantiated class: \RomethemeKit\RkitDuplicator
[16-Nov-2025 00:15:41 UTC] Instantiated class: \RomethemeKit\BlurEffects
[16-Nov-2025 00:15:41 UTC] Class not found: \RomethemeKit\Rkit_Sticky_Content
[16-Nov-2025 00:15:41 UTC] Instantiated class: \RomethemeKit\RkitToolTips
[16-Nov-2025 00:15:41 UTC] Instantiated class: \RomethemeKit\RkitWrapperLink
[16-Nov-2025 00:15:42 UTC] Loaded file: blur_effects.php
[16-Nov-2025 00:15:42 UTC] Loaded file: rkit_post_duplicator.php
[16-Nov-2025 00:15:42 UTC] Loaded file: rkit_tool_tips.php
[16-Nov-2025 00:15:42 UTC] Loaded file: rkit_wrapper_link.php
[16-Nov-2025 00:15:42 UTC] Class not found: \RomethemeKit\Rkit_Custom_Cursor
[16-Nov-2025 00:15:42 UTC] Instantiated class: \RomethemeKit\RkitDuplicator
[16-Nov-2025 00:15:42 UTC] Instantiated class: \RomethemeKit\BlurEffects
[16-Nov-2025 00:15:42 UTC] Class not found: \RomethemeKit\Rkit_Sticky_Content
[16-Nov-2025 00:15:42 UTC] Instantiated class: \RomethemeKit\RkitToolTips
[16-Nov-2025 00:15:42 UTC] Instantiated class: \RomethemeKit\RkitWrapperLink
[16-Nov-2025 00:16:08 UTC] Loaded file: blur_effects.php
[16-Nov-2025 00:16:08 UTC] Loaded file: rkit_post_duplicator.php
[16-Nov-2025 00:16:08 UTC] Loaded file: rkit_tool_tips.php
[16-Nov-2025 00:16:08 UTC] Loaded file: rkit_wrapper_link.php
[16-Nov-2025 00:16:08 UTC] Class not found: \RomethemeKit\Rkit_Custom_Cursor
[16-Nov-2025 00:16:08 UTC] Instantiated class: \RomethemeKit\RkitDuplicator
[16-Nov-2025 00:16:08 UTC] Instantiated class: \RomethemeKit\BlurEffects
[16-Nov-2025 00:16:08 UTC] Class not found: \RomethemeKit\Rkit_Sticky_Content
[16-Nov-2025 00:16:08 UTC] Instantiated class: \RomethemeKit\RkitToolTips
[16-Nov-2025 00:16:08 UTC] Instantiated class: \RomethemeKit\RkitWrapperLink
[16-Nov-2025 00:16:08 UTC] [Soltour API info] === GENERATE FINAL QUOTE ===
[16-Nov-2025 00:16:08 UTC] [Soltour API info] Dados recebidos (tipos):
[16-Nov-2025 00:16:08 UTC] [Soltour API info]   - budget_data: array - array com 13 items
[16-Nov-2025 00:16:08 UTC] [Soltour API info]   - passengers: array - array com 2 items
[16-Nov-2025 00:16:08 UTC] [Soltour API info]   - client_data: array - array com 0 items
[16-Nov-2025 00:16:08 UTC] [Soltour API info]   - trip_data: array - array com 0 items
[16-Nov-2025 00:16:08 UTC] [Soltour API error] Dados incompletos recebidos
[16-Nov-2025 00:16:08 UTC] [Soltour API info]   - budget_data vazio: NÃO
[16-Nov-2025 00:16:08 UTC] [Soltour API info]   - passengers vazio: NÃO
[16-Nov-2025 00:16:08 UTC] [Soltour API info]   - client_data vazio: SIM
[16-Nov-2025 00:16:36 UTC] Loaded file: blur_effects.php
[16-Nov-2025 00:16:36 UTC] Loaded file: rkit_post_duplicator.php
[16-Nov-2025 00:16:36 UTC] Loaded file: rkit_tool_tips.php
[16-Nov-2025 00:16:36 UTC] Loaded file: rkit_wrapper_link.php
[16-Nov-2025 00:16:36 UTC] Class not found: \RomethemeKit\Rkit_Custom_Cursor
[16-Nov-2025 00:16:36 UTC] Instantiated class: \RomethemeKit\RkitDuplicator
[16-Nov-2025 00:16:36 UTC] Instantiated class: \RomethemeKit\BlurEffects
[16-Nov-2025 00:16:36 UTC] Class not found: \RomethemeKit\Rkit_Sticky_Content
[16-Nov-2025 00:16:36 UTC] Instantiated class: \RomethemeKit\RkitToolTips
[16-Nov-2025 00:16:36 UTC] Instantiated class: \RomethemeKit\RkitWrapperLink
[16-Nov-2025 00:16:36 UTC] Loaded file: blur_effects.php
[16-Nov-2025 00:16:36 UTC] Loaded file: rkit_post_duplicator.php
[16-Nov-2025 00:16:36 UTC] Loaded file: rkit_tool_tips.php
[16-Nov-2025 00:16:36 UTC] Loaded file: rkit_wrapper_link.php
[16-Nov-2025 00:16:36 UTC] Class not found: \RomethemeKit\Rkit_Custom_Cursor
[16-Nov-2025 00:16:36 UTC] Instantiated class: \RomethemeKit\RkitDuplicator
[16-Nov-2025 00:16:36 UTC] Instantiated class: \RomethemeKit\BlurEffects
[16-Nov-2025 00:16:36 UTC] Class not found: \RomethemeKit\Rkit_Sticky_Content
[16-Nov-2025 00:16:36 UTC] Instantiated class: \RomethemeKit\RkitToolTips
[16-Nov-2025 00:16:36 UTC] Instantiated class: \RomethemeKit\RkitWrapperLink
[16-Nov-2025 00:16:45 UTC] Loaded file: blur_effects.php
[16-Nov-2025 00:16:45 UTC] Loaded file: rkit_post_duplicator.php
[16-Nov-2025 00:16:45 UTC] Loaded file: rkit_tool_tips.php
[16-Nov-2025 00:16:45 UTC] Loaded file: rkit_wrapper_link.php
[16-Nov-2025 00:16:45 UTC] Class not found: \RomethemeKit\Rkit_Custom_Cursor
[16-Nov-2025 00:16:45 UTC] Instantiated class: \RomethemeKit\RkitDuplicator
[16-Nov-2025 00:16:45 UTC] Instantiated class: \RomethemeKit\BlurEffects
[16-Nov-2025 00:16:45 UTC] Class not found: \RomethemeKit\Rkit_Sticky_Content
[16-Nov-2025 00:16:45 UTC] Instantiated class: \RomethemeKit\RkitToolTips
[16-Nov-2025 00:16:45 UTC] Instantiated class: \RomethemeKit\RkitWrapperLink
[16-Nov-2025 00:16:45 UTC] [Soltour API info] === GENERATE FINAL QUOTE ===
[16-Nov-2025 00:16:45 UTC] [Soltour API info] Dados recebidos (tipos):
[16-Nov-2025 00:16:45 UTC] [Soltour API info]   - budget_data: array - array com 13 items
[16-Nov-2025 00:16:45 UTC] [Soltour API info]   - passengers: array - array com 2 items
[16-Nov-2025 00:16:45 UTC] [Soltour API info]   - client_data: array - array com 0 items
[16-Nov-2025 00:16:45 UTC] [Soltour API info]   - trip_data: array - array com 0 items
[16-Nov-2025 00:16:45 UTC] [Soltour API error] Dados incompletos recebidos
[16-Nov-2025 00:16:45 UTC] [Soltour API info]   - budget_data vazio: NÃO
[16-Nov-2025 00:16:45 UTC] [Soltour API info]   - passengers vazio: NÃO
[16-Nov-2025 00:16:45 UTC] [Soltour API info]   - client_data vazio: SIM
[16-Nov-2025 00:16:45 UTC] Loaded file: blur_effects.php
[16-Nov-2025 00:16:45 UTC] Loaded file: rkit_post_duplicator.php
[16-Nov-2025 00:16:45 UTC] Loaded file: rkit_tool_tips.php
[16-Nov-2025 00:16:45 UTC] Loaded file: rkit_wrapper_link.php
[16-Nov-2025 00:16:45 UTC] Class not found: \RomethemeKit\Rkit_Custom_Cursor
[16-Nov-2025 00:16:45 UTC] Instantiated class: \RomethemeKit\RkitDuplicator
[16-Nov-2025 00:16:45 UTC] Instantiated class: \RomethemeKit\BlurEffects
[16-Nov-2025 00:16:45 UTC] Class not found: \RomethemeKit\Rkit_Sticky_Content
[16-Nov-2025 00:16:45 UTC] Instantiated class: \RomethemeKit\RkitToolTips
[16-Nov-2025 00:16:45 UTC] Instantiated class: \RomethemeKit\RkitWrapperLink
