[16-Nov-2025 09:19:11 UTC] Loaded file: blur_effects.php
[16-Nov-2025 09:19:11 UTC] Loaded file: rkit_post_duplicator.php
[16-Nov-2025 09:19:11 UTC] Loaded file: rkit_tool_tips.php
[16-Nov-2025 09:19:11 UTC] Loaded file: rkit_wrapper_link.php
[16-Nov-2025 09:19:11 UTC] Class not found: \RomethemeKit\Rkit_Custom_Cursor
[16-Nov-2025 09:19:11 UTC] Instantiated class: \RomethemeKit\RkitDuplicator
[16-Nov-2025 09:19:11 UTC] Instantiated class: \RomethemeKit\BlurEffects
[16-Nov-2025 09:19:11 UTC] Class not found: \RomethemeKit\Rkit_Sticky_Content
[16-Nov-2025 09:19:11 UTC] Instantiated class: \RomethemeKit\RkitToolTips
[16-Nov-2025 09:19:11 UTC] Instantiated class: \RomethemeKit\RkitWrapperLink
[16-Nov-2025 09:19:12 UTC] Loaded file: blur_effects.php
[16-Nov-2025 09:19:12 UTC] Loaded file: rkit_post_duplicator.php
[16-Nov-2025 09:19:12 UTC] Loaded file: rkit_tool_tips.php
[16-Nov-2025 09:19:12 UTC] Loaded file: rkit_wrapper_link.php
[16-Nov-2025 09:19:12 UTC] Class not found: \RomethemeKit\Rkit_Custom_Cursor
[16-Nov-2025 09:19:12 UTC] Instantiated class: \RomethemeKit\RkitDuplicator
[16-Nov-2025 09:19:12 UTC] Instantiated class: \RomethemeKit\BlurEffects
[16-Nov-2025 09:19:12 UTC] Class not found: \RomethemeKit\Rkit_Sticky_Content
[16-Nov-2025 09:19:12 UTC] Instantiated class: \RomethemeKit\RkitToolTips
[16-Nov-2025 09:19:12 UTC] Instantiated class: \RomethemeKit\RkitWrapperLink
[16-Nov-2025 09:19:12 UTC] Loaded file: blur_effects.php
[16-Nov-2025 09:19:12 UTC] Loaded file: rkit_post_duplicator.php
[16-Nov-2025 09:19:12 UTC] Loaded file: rkit_tool_tips.php
[16-Nov-2025 09:19:12 UTC] Loaded file: rkit_wrapper_link.php
[16-Nov-2025 09:19:12 UTC] Class not found: \RomethemeKit\Rkit_Custom_Cursor
[16-Nov-2025 09:19:12 UTC] Instantiated class: \RomethemeKit\RkitDuplicator
[16-Nov-2025 09:19:12 UTC] Instantiated class: \RomethemeKit\BlurEffects
[16-Nov-2025 09:19:12 UTC] Class not found: \RomethemeKit\Rkit_Sticky_Content
[16-Nov-2025 09:19:12 UTC] Instantiated class: \RomethemeKit\RkitToolTips
[16-Nov-2025 09:19:12 UTC] Instantiated class: \RomethemeKit\RkitWrapperLink
[16-Nov-2025 09:20:11 UTC] Loaded file: blur_effects.php
[16-Nov-2025 09:20:11 UTC] Loaded file: rkit_post_duplicator.php
[16-Nov-2025 09:20:11 UTC] Loaded file: rkit_tool_tips.php
[16-Nov-2025 09:20:11 UTC] Loaded file: rkit_wrapper_link.php
[16-Nov-2025 09:20:11 UTC] Class not found: \RomethemeKit\Rkit_Custom_Cursor
[16-Nov-2025 09:20:11 UTC] Instantiated class: \RomethemeKit\RkitDuplicator
[16-Nov-2025 09:20:11 UTC] Instantiated class: \RomethemeKit\BlurEffects
[16-Nov-2025 09:20:11 UTC] Class not found: \RomethemeKit\Rkit_Sticky_Content
[16-Nov-2025 09:20:11 UTC] Instantiated class: \RomethemeKit\RkitToolTips
[16-Nov-2025 09:20:11 UTC] Instantiated class: \RomethemeKit\RkitWrapperLink
[16-Nov-2025 09:20:12 UTC] Loaded file: blur_effects.php
[16-Nov-2025 09:20:12 UTC] Loaded file: rkit_post_duplicator.php
[16-Nov-2025 09:20:12 UTC] Loaded file: rkit_tool_tips.php
[16-Nov-2025 09:20:12 UTC] Loaded file: rkit_wrapper_link.php
[16-Nov-2025 09:20:12 UTC] Class not found: \RomethemeKit\Rkit_Custom_Cursor
[16-Nov-2025 09:20:12 UTC] Instantiated class: \RomethemeKit\RkitDuplicator
[16-Nov-2025 09:20:12 UTC] Instantiated class: \RomethemeKit\BlurEffects
[16-Nov-2025 09:20:12 UTC] Class not found: \RomethemeKit\Rkit_Sticky_Content
[16-Nov-2025 09:20:12 UTC] Instantiated class: \RomethemeKit\RkitToolTips
[16-Nov-2025 09:20:12 UTC] Instantiated class: \RomethemeKit\RkitWrapperLink
[16-Nov-2025 09:20:42 UTC] Loaded file: blur_effects.php
[16-Nov-2025 09:20:42 UTC] Loaded file: rkit_post_duplicator.php
[16-Nov-2025 09:20:42 UTC] Loaded file: rkit_tool_tips.php
[16-Nov-2025 09:20:42 UTC] Loaded file: rkit_wrapper_link.php
[16-Nov-2025 09:20:42 UTC] Class not found: \RomethemeKit\Rkit_Custom_Cursor
[16-Nov-2025 09:20:42 UTC] Instantiated class: \RomethemeKit\RkitDuplicator
[16-Nov-2025 09:20:42 UTC] Instantiated class: \RomethemeKit\BlurEffects
[16-Nov-2025 09:20:42 UTC] Class not found: \RomethemeKit\Rkit_Sticky_Content
[16-Nov-2025 09:20:42 UTC] Instantiated class: \RomethemeKit\RkitToolTips
[16-Nov-2025 09:20:42 UTC] Instantiated class: \RomethemeKit\RkitWrapperLink
[16-Nov-2025 09:20:43 UTC] Loaded file: blur_effects.php
[16-Nov-2025 09:20:43 UTC] Loaded file: rkit_post_duplicator.php
[16-Nov-2025 09:20:43 UTC] Loaded file: rkit_tool_tips.php
[16-Nov-2025 09:20:43 UTC] Loaded file: rkit_wrapper_link.php
[16-Nov-2025 09:20:43 UTC] Class not found: \RomethemeKit\Rkit_Custom_Cursor
[16-Nov-2025 09:20:43 UTC] Instantiated class: \RomethemeKit\RkitDuplicator
[16-Nov-2025 09:20:43 UTC] Instantiated class: \RomethemeKit\BlurEffects
[16-Nov-2025 09:20:43 UTC] Class not found: \RomethemeKit\Rkit_Sticky_Content
[16-Nov-2025 09:20:43 UTC] Instantiated class: \RomethemeKit\RkitToolTips
[16-Nov-2025 09:20:43 UTC] Instantiated class: \RomethemeKit\RkitWrapperLink
[16-Nov-2025 09:20:50 UTC] Loaded file: blur_effects.php
[16-Nov-2025 09:20:50 UTC] Loaded file: rkit_post_duplicator.php
[16-Nov-2025 09:20:50 UTC] Loaded file: rkit_tool_tips.php
[16-Nov-2025 09:20:50 UTC] Loaded file: rkit_wrapper_link.php
[16-Nov-2025 09:20:50 UTC] Class not found: \RomethemeKit\Rkit_Custom_Cursor
[16-Nov-2025 09:20:50 UTC] Instantiated class: \RomethemeKit\RkitDuplicator
[16-Nov-2025 09:20:50 UTC] Instantiated class: \RomethemeKit\BlurEffects
[16-Nov-2025 09:20:50 UTC] Class not found: \RomethemeKit\Rkit_Sticky_Content
[16-Nov-2025 09:20:50 UTC] Instantiated class: \RomethemeKit\RkitToolTips
[16-Nov-2025 09:20:50 UTC] Instantiated class: \RomethemeKit\RkitWrapperLink
[16-Nov-2025 09:20:52 UTC] Loaded file: blur_effects.php
[16-Nov-2025 09:20:52 UTC] Loaded file: rkit_post_duplicator.php
[16-Nov-2025 09:20:52 UTC] Loaded file: rkit_tool_tips.php
[16-Nov-2025 09:20:52 UTC] Loaded file: rkit_wrapper_link.php
[16-Nov-2025 09:20:52 UTC] Class not found: \RomethemeKit\Rkit_Custom_Cursor
[16-Nov-2025 09:20:52 UTC] Instantiated class: \RomethemeKit\RkitDuplicator
[16-Nov-2025 09:20:52 UTC] Instantiated class: \RomethemeKit\BlurEffects
[16-Nov-2025 09:20:52 UTC] Class not found: \RomethemeKit\Rkit_Sticky_Content
[16-Nov-2025 09:20:52 UTC] Instantiated class: \RomethemeKit\RkitToolTips
[16-Nov-2025 09:20:52 UTC] Instantiated class: \RomethemeKit\RkitWrapperLink
[16-Nov-2025 09:20:53 UTC] Soltour Booking V4: Plugin ativado com sucesso
[16-Nov-2025 09:20:53 UTC] Soltour Booking V4: Tabela de cotações criada: nERilmqzb_soltour_quotes
[16-Nov-2025 09:20:53 UTC] Loaded file: blur_effects.php
[16-Nov-2025 09:20:53 UTC] Loaded file: rkit_post_duplicator.php
[16-Nov-2025 09:20:53 UTC] Loaded file: rkit_tool_tips.php
[16-Nov-2025 09:20:53 UTC] Loaded file: rkit_wrapper_link.php
[16-Nov-2025 09:20:53 UTC] Class not found: \RomethemeKit\Rkit_Custom_Cursor
[16-Nov-2025 09:20:53 UTC] Instantiated class: \RomethemeKit\RkitDuplicator
[16-Nov-2025 09:20:53 UTC] Instantiated class: \RomethemeKit\BlurEffects
[16-Nov-2025 09:20:53 UTC] Class not found: \RomethemeKit\Rkit_Sticky_Content
[16-Nov-2025 09:20:53 UTC] Instantiated class: \RomethemeKit\RkitToolTips
[16-Nov-2025 09:20:53 UTC] Instantiated class: \RomethemeKit\RkitWrapperLink
[16-Nov-2025 09:20:54 UTC] [Soltour API info] Request to login/login: {"brand":"SOLTOUR","market":"XMLPT","languageCode":"PT","username":"BEAUTYT999","password":"XMLBEAUTYT999"}
[16-Nov-2025 09:20:54 UTC] [Soltour API info] Response from login/login: {"sessionToken":"eyJhbGciOiJIUzI1NiIsInR5cCI6IkpXVCJ9.eyJ1IjoiQkVBVVRZVDk5OSIsImRiaSI6IjQwMDM5MzM3IiwiYiI6IlNPTFRPVVIiLCJtIjoiWE1MUFQiLCJsbmciOiJQVCIsImNsIjoiQkVBVVRZVCIsIm9mIjoiOTk5IiwiYXBwIjpudWxsLCJtYWlsIjoiY3VuaGFAYmVhdXR5dHJhdmVsLnB0IiwicmwiOlsiQUdFTkNJQSIsIkNPTVVOIiwiQ09OU1VMVEEiLCJGQUNUVVJBQ0lPTiIsIk5FV19XRUIiXSwidG0iOjE3NjMyODQ4NTQzMDEsInN0cHRtIjpudWxsLCJzdHBqd3QiOm51bGwsInN0cGlkIjpudWxsLCJvdmMiOmZhbHNlLCJzZWxsIjp0cnVlLCJhcHQiOm51bGwsImRldCI6dHJ1ZSwibmV4cCI6dHJ1ZSwic2VpeiI6ZmFsc2UsInVhZ0
[16-Nov-2025 09:20:54 UTC] [Soltour API info] Session token obtido com sucesso
[16-Nov-2025 09:20:57 UTC] Loaded file: blur_effects.php
[16-Nov-2025 09:20:57 UTC] Loaded file: rkit_post_duplicator.php
[16-Nov-2025 09:20:57 UTC] Loaded file: rkit_tool_tips.php
[16-Nov-2025 09:20:57 UTC] Loaded file: rkit_wrapper_link.php
[16-Nov-2025 09:20:57 UTC] Class not found: \RomethemeKit\Rkit_Custom_Cursor
[16-Nov-2025 09:20:57 UTC] Instantiated class: \RomethemeKit\RkitDuplicator
[16-Nov-2025 09:20:57 UTC] Instantiated class: \RomethemeKit\BlurEffects
[16-Nov-2025 09:20:57 UTC] Class not found: \RomethemeKit\Rkit_Sticky_Content
[16-Nov-2025 09:20:57 UTC] Instantiated class: \RomethemeKit\RkitToolTips
[16-Nov-2025 09:20:57 UTC] Instantiated class: \RomethemeKit\RkitWrapperLink
[16-Nov-2025 09:20:58 UTC] Loaded file: blur_effects.php
[16-Nov-2025 09:20:58 UTC] Loaded file: rkit_post_duplicator.php
[16-Nov-2025 09:20:58 UTC] Loaded file: rkit_tool_tips.php
[16-Nov-2025 09:20:58 UTC] Loaded file: rkit_wrapper_link.php
[16-Nov-2025 09:20:58 UTC] Class not found: \RomethemeKit\Rkit_Custom_Cursor
[16-Nov-2025 09:20:58 UTC] Instantiated class: \RomethemeKit\RkitDuplicator
[16-Nov-2025 09:20:58 UTC] Instantiated class: \RomethemeKit\BlurEffects
[16-Nov-2025 09:20:58 UTC] Class not found: \RomethemeKit\Rkit_Sticky_Content
[16-Nov-2025 09:20:58 UTC] Instantiated class: \RomethemeKit\RkitToolTips
[16-Nov-2025 09:20:58 UTC] Instantiated class: \RomethemeKit\RkitWrapperLink
[16-Nov-2025 09:21:27 UTC] Loaded file: blur_effects.php
[16-Nov-2025 09:21:27 UTC] Loaded file: rkit_post_duplicator.php
[16-Nov-2025 09:21:27 UTC] Loaded file: rkit_tool_tips.php
[16-Nov-2025 09:21:27 UTC] Loaded file: rkit_wrapper_link.php
[16-Nov-2025 09:21:27 UTC] Class not found: \RomethemeKit\Rkit_Custom_Cursor
[16-Nov-2025 09:21:27 UTC] Instantiated class: \RomethemeKit\RkitDuplicator
[16-Nov-2025 09:21:27 UTC] Instantiated class: \RomethemeKit\BlurEffects
[16-Nov-2025 09:21:27 UTC] Class not found: \RomethemeKit\Rkit_Sticky_Content
[16-Nov-2025 09:21:27 UTC] Instantiated class: \RomethemeKit\RkitToolTips
[16-Nov-2025 09:21:27 UTC] Instantiated class: \RomethemeKit\RkitWrapperLink
[16-Nov-2025 09:21:27 UTC] Loaded file: blur_effects.php
[16-Nov-2025 09:21:27 UTC] Loaded file: rkit_post_duplicator.php
[16-Nov-2025 09:21:27 UTC] Loaded file: rkit_tool_tips.php
[16-Nov-2025 09:21:27 UTC] Loaded file: rkit_wrapper_link.php
[16-Nov-2025 09:21:27 UTC] Class not found: \RomethemeKit\Rkit_Custom_Cursor
[16-Nov-2025 09:21:27 UTC] Instantiated class: \RomethemeKit\RkitDuplicator
[16-Nov-2025 09:21:27 UTC] Instantiated class: \RomethemeKit\BlurEffects
[16-Nov-2025 09:21:27 UTC] Class not found: \RomethemeKit\Rkit_Sticky_Content
[16-Nov-2025 09:21:27 UTC] Instantiated class: \RomethemeKit\RkitToolTips
[16-Nov-2025 09:21:27 UTC] Instantiated class: \RomethemeKit\RkitWrapperLink
[16-Nov-2025 09:21:28 UTC] Loaded file: blur_effects.php
[16-Nov-2025 09:21:28 UTC] Loaded file: rkit_post_duplicator.php
[16-Nov-2025 09:21:28 UTC] Loaded file: rkit_tool_tips.php
[16-Nov-2025 09:21:28 UTC] Loaded file: rkit_wrapper_link.php
[16-Nov-2025 09:21:28 UTC] Class not found: \RomethemeKit\Rkit_Custom_Cursor
[16-Nov-2025 09:21:28 UTC] Instantiated class: \RomethemeKit\RkitDuplicator
[16-Nov-2025 09:21:28 UTC] Instantiated class: \RomethemeKit\BlurEffects
[16-Nov-2025 09:21:28 UTC] Class not found: \RomethemeKit\Rkit_Sticky_Content
[16-Nov-2025 09:21:28 UTC] Instantiated class: \RomethemeKit\RkitToolTips
[16-Nov-2025 09:21:28 UTC] Instantiated class: \RomethemeKit\RkitWrapperLink
[16-Nov-2025 09:21:29 UTC] Loaded file: blur_effects.php
[16-Nov-2025 09:21:29 UTC] Loaded file: rkit_post_duplicator.php
[16-Nov-2025 09:21:29 UTC] Loaded file: rkit_tool_tips.php
[16-Nov-2025 09:21:29 UTC] Loaded file: rkit_wrapper_link.php
[16-Nov-2025 09:21:29 UTC] Class not found: \RomethemeKit\Rkit_Custom_Cursor
[16-Nov-2025 09:21:29 UTC] Instantiated class: \RomethemeKit\RkitDuplicator
[16-Nov-2025 09:21:29 UTC] Instantiated class: \RomethemeKit\BlurEffects
[16-Nov-2025 09:21:29 UTC] Class not found: \RomethemeKit\Rkit_Sticky_Content
[16-Nov-2025 09:21:29 UTC] Instantiated class: \RomethemeKit\RkitToolTips
[16-Nov-2025 09:21:29 UTC] Instantiated class: \RomethemeKit\RkitWrapperLink
[16-Nov-2025 09:21:31 UTC] Loaded file: blur_effects.php
[16-Nov-2025 09:21:31 UTC] Loaded file: rkit_post_duplicator.php
[16-Nov-2025 09:21:31 UTC] Loaded file: rkit_tool_tips.php
[16-Nov-2025 09:21:31 UTC] Loaded file: rkit_wrapper_link.php
[16-Nov-2025 09:21:31 UTC] Class not found: \RomethemeKit\Rkit_Custom_Cursor
[16-Nov-2025 09:21:31 UTC] Instantiated class: \RomethemeKit\RkitDuplicator
[16-Nov-2025 09:21:31 UTC] Instantiated class: \RomethemeKit\BlurEffects
[16-Nov-2025 09:21:31 UTC] Class not found: \RomethemeKit\Rkit_Sticky_Content
[16-Nov-2025 09:21:31 UTC] Instantiated class: \RomethemeKit\RkitToolTips
[16-Nov-2025 09:21:31 UTC] Instantiated class: \RomethemeKit\RkitWrapperLink
[16-Nov-2025 09:21:34 UTC] Loaded file: blur_effects.php
[16-Nov-2025 09:21:34 UTC] Loaded file: rkit_post_duplicator.php
[16-Nov-2025 09:21:34 UTC] Loaded file: rkit_tool_tips.php
[16-Nov-2025 09:21:34 UTC] Loaded file: rkit_wrapper_link.php
[16-Nov-2025 09:21:34 UTC] Class not found: \RomethemeKit\Rkit_Custom_Cursor
[16-Nov-2025 09:21:34 UTC] Instantiated class: \RomethemeKit\RkitDuplicator
[16-Nov-2025 09:21:34 UTC] Instantiated class: \RomethemeKit\BlurEffects
[16-Nov-2025 09:21:34 UTC] Class not found: \RomethemeKit\Rkit_Sticky_Content
[16-Nov-2025 09:21:34 UTC] Instantiated class: \RomethemeKit\RkitToolTips
[16-Nov-2025 09:21:34 UTC] Instantiated class: \RomethemeKit\RkitWrapperLink
[16-Nov-2025 09:21:35 UTC] Loaded file: blur_effects.php
[16-Nov-2025 09:21:35 UTC] Loaded file: rkit_post_duplicator.php
[16-Nov-2025 09:21:35 UTC] Loaded file: rkit_tool_tips.php
[16-Nov-2025 09:21:35 UTC] Loaded file: rkit_wrapper_link.php
[16-Nov-2025 09:21:35 UTC] Class not found: \RomethemeKit\Rkit_Custom_Cursor
[16-Nov-2025 09:21:35 UTC] Instantiated class: \RomethemeKit\RkitDuplicator
[16-Nov-2025 09:21:35 UTC] Instantiated class: \RomethemeKit\BlurEffects
[16-Nov-2025 09:21:35 UTC] Class not found: \RomethemeKit\Rkit_Sticky_Content
[16-Nov-2025 09:21:35 UTC] Instantiated class: \RomethemeKit\RkitToolTips
[16-Nov-2025 09:21:35 UTC] Instantiated class: \RomethemeKit\RkitWrapperLink
[16-Nov-2025 09:21:35 UTC] Loaded file: blur_effects.php
[16-Nov-2025 09:21:35 UTC] Loaded file: rkit_post_duplicator.php
[16-Nov-2025 09:21:35 UTC] Loaded file: rkit_tool_tips.php
[16-Nov-2025 09:21:35 UTC] Loaded file: rkit_wrapper_link.php
[16-Nov-2025 09:21:35 UTC] Class not found: \RomethemeKit\Rkit_Custom_Cursor
[16-Nov-2025 09:21:35 UTC] Instantiated class: \RomethemeKit\RkitDuplicator
[16-Nov-2025 09:21:35 UTC] Instantiated class: \RomethemeKit\BlurEffects
[16-Nov-2025 09:21:35 UTC] Class not found: \RomethemeKit\Rkit_Sticky_Content
[16-Nov-2025 09:21:35 UTC] Instantiated class: \RomethemeKit\RkitToolTips
[16-Nov-2025 09:21:35 UTC] Instantiated class: \RomethemeKit\RkitWrapperLink
[16-Nov-2025 09:21:35 UTC] Loaded file: blur_effects.php
[16-Nov-2025 09:21:35 UTC] Loaded file: rkit_post_duplicator.php
[16-Nov-2025 09:21:35 UTC] Loaded file: rkit_tool_tips.php
[16-Nov-2025 09:21:35 UTC] Loaded file: rkit_wrapper_link.php
[16-Nov-2025 09:21:35 UTC] Class not found: \RomethemeKit\Rkit_Custom_Cursor
[16-Nov-2025 09:21:35 UTC] Instantiated class: \RomethemeKit\RkitDuplicator
[16-Nov-2025 09:21:35 UTC] Instantiated class: \RomethemeKit\BlurEffects
[16-Nov-2025 09:21:35 UTC] Class not found: \RomethemeKit\Rkit_Sticky_Content
[16-Nov-2025 09:21:35 UTC] Instantiated class: \RomethemeKit\RkitToolTips
[16-Nov-2025 09:21:35 UTC] Instantiated class: \RomethemeKit\RkitWrapperLink
[16-Nov-2025 09:21:35 UTC] [Soltour API info] Request to master/getAllDestinations: {"productType":"PACKAGE"}
[16-Nov-2025 09:21:40 UTC] Loaded file: blur_effects.php
[16-Nov-2025 09:21:40 UTC] Loaded file: rkit_post_duplicator.php
[16-Nov-2025 09:21:40 UTC] Loaded file: rkit_tool_tips.php
[16-Nov-2025 09:21:40 UTC] Loaded file: rkit_wrapper_link.php
[16-Nov-2025 09:21:40 UTC] Class not found: \RomethemeKit\Rkit_Custom_Cursor
[16-Nov-2025 09:21:40 UTC] Instantiated class: \RomethemeKit\RkitDuplicator
[16-Nov-2025 09:21:40 UTC] Instantiated class: \RomethemeKit\BlurEffects
[16-Nov-2025 09:21:40 UTC] Class not found: \RomethemeKit\Rkit_Sticky_Content
[16-Nov-2025 09:21:40 UTC] Instantiated class: \RomethemeKit\RkitToolTips
[16-Nov-2025 09:21:40 UTC] Instantiated class: \RomethemeKit\RkitWrapperLink
[16-Nov-2025 09:21:41 UTC] Loaded file: blur_effects.php
[16-Nov-2025 09:21:41 UTC] Loaded file: rkit_post_duplicator.php
[16-Nov-2025 09:21:41 UTC] Loaded file: rkit_tool_tips.php
[16-Nov-2025 09:21:41 UTC] Loaded file: rkit_wrapper_link.php
[16-Nov-2025 09:21:41 UTC] Class not found: \RomethemeKit\Rkit_Custom_Cursor
[16-Nov-2025 09:21:41 UTC] Instantiated class: \RomethemeKit\RkitDuplicator
[16-Nov-2025 09:21:41 UTC] Instantiated class: \RomethemeKit\BlurEffects
[16-Nov-2025 09:21:41 UTC] Class not found: \RomethemeKit\Rkit_Sticky_Content
[16-Nov-2025 09:21:41 UTC] Instantiated class: \RomethemeKit\RkitToolTips
[16-Nov-2025 09:21:41 UTC] Instantiated class: \RomethemeKit\RkitWrapperLink
[16-Nov-2025 09:21:42 UTC] Loaded file: blur_effects.php
[16-Nov-2025 09:21:42 UTC] Loaded file: rkit_post_duplicator.php
[16-Nov-2025 09:21:42 UTC] Loaded file: rkit_tool_tips.php
[16-Nov-2025 09:21:42 UTC] Loaded file: rkit_wrapper_link.php
[16-Nov-2025 09:21:42 UTC] Class not found: \RomethemeKit\Rkit_Custom_Cursor
[16-Nov-2025 09:21:42 UTC] Instantiated class: \RomethemeKit\RkitDuplicator
[16-Nov-2025 09:21:42 UTC] Instantiated class: \RomethemeKit\BlurEffects
[16-Nov-2025 09:21:42 UTC] Class not found: \RomethemeKit\Rkit_Sticky_Content
[16-Nov-2025 09:21:42 UTC] Instantiated class: \RomethemeKit\RkitToolTips
[16-Nov-2025 09:21:42 UTC] Instantiated class: \RomethemeKit\RkitWrapperLink
[16-Nov-2025 09:21:42 UTC] Loaded file: blur_effects.php
[16-Nov-2025 09:21:42 UTC] Loaded file: rkit_post_duplicator.php
[16-Nov-2025 09:21:42 UTC] Loaded file: rkit_tool_tips.php
[16-Nov-2025 09:21:42 UTC] Loaded file: rkit_wrapper_link.php
[16-Nov-2025 09:21:42 UTC] Class not found: \RomethemeKit\Rkit_Custom_Cursor
[16-Nov-2025 09:21:42 UTC] Instantiated class: \RomethemeKit\RkitDuplicator
[16-Nov-2025 09:21:42 UTC] Instantiated class: \RomethemeKit\BlurEffects
[16-Nov-2025 09:21:42 UTC] Class not found: \RomethemeKit\Rkit_Sticky_Content
[16-Nov-2025 09:21:42 UTC] Instantiated class: \RomethemeKit\RkitToolTips
[16-Nov-2025 09:21:42 UTC] Instantiated class: \RomethemeKit\RkitWrapperLink
[16-Nov-2025 09:21:42 UTC] [Soltour API info] Request to master/getAllDestinations: {"productType":"PACKAGE"}
[16-Nov-2025 09:21:42 UTC] [Soltour API info] Response from master/getAllDestinations: {"destinations":[{"code":"ESPANA","description":"Espanha","longDescription":"Espanha","type":"ZONE","dynamic":true,"children":[{"code":"BAL","description":"Baleares","longDescription":"Espanha - Baleares","type":"SUB_ZONE","dynamic":true,"children":[{"code":"PMI","description":"Maiorca","longDescription":"BAL - Maiorca","type":"DESTINATION","dynamic":true,"children":[],"parentCode":"BAL"},{"code":"MAH","description":"Menorca","longDescription":"BAL - Menorca","type":"DESTINATION","dynamic":true,
[16-Nov-2025 09:21:44 UTC] Loaded file: blur_effects.php
[16-Nov-2025 09:21:44 UTC] Loaded file: rkit_post_duplicator.php
[16-Nov-2025 09:21:44 UTC] Loaded file: rkit_tool_tips.php
[16-Nov-2025 09:21:44 UTC] Loaded file: rkit_wrapper_link.php
[16-Nov-2025 09:21:44 UTC] Class not found: \RomethemeKit\Rkit_Custom_Cursor
[16-Nov-2025 09:21:44 UTC] Instantiated class: \RomethemeKit\RkitDuplicator
[16-Nov-2025 09:21:44 UTC] Instantiated class: \RomethemeKit\BlurEffects
[16-Nov-2025 09:21:44 UTC] Class not found: \RomethemeKit\Rkit_Sticky_Content
[16-Nov-2025 09:21:44 UTC] Instantiated class: \RomethemeKit\RkitToolTips
[16-Nov-2025 09:21:44 UTC] Instantiated class: \RomethemeKit\RkitWrapperLink
[16-Nov-2025 09:21:44 UTC] [Soltour API info] Request to master/getAllOrigins: {"productType":"PACKAGE","destinationCode":"PUJ"}
[16-Nov-2025 09:21:45 UTC] [Soltour API info] Response from master/getAllOrigins: {"origins":[{"code":"LCG","name":"A Coruña","airportType":"AIRPORT","destinationCode":"LCG","destinationName":"LA CORUNA","description":"A Coruña","dynamic":false},{"code":"ABC","name":"Albacete","airportType":"AIRPORT","description":"Albacete","dynamic":false},{"code":"ALC","name":"Alicante","airportType":"AIRPORT","destinationCode":"ALC","destinationName":"ALICANTE","description":"Alicante","dynamic":false},{"code":"LEI","name":"Almería","airportType":"AIRPORT","destinationCode":"LEI","dest
[16-Nov-2025 09:21:55 UTC] Loaded file: blur_effects.php
[16-Nov-2025 09:21:55 UTC] Loaded file: rkit_post_duplicator.php
[16-Nov-2025 09:21:55 UTC] Loaded file: rkit_tool_tips.php
[16-Nov-2025 09:21:55 UTC] Loaded file: rkit_wrapper_link.php
[16-Nov-2025 09:21:55 UTC] Class not found: \RomethemeKit\Rkit_Custom_Cursor
[16-Nov-2025 09:21:55 UTC] Instantiated class: \RomethemeKit\RkitDuplicator
[16-Nov-2025 09:21:55 UTC] Instantiated class: \RomethemeKit\BlurEffects
[16-Nov-2025 09:21:55 UTC] Class not found: \RomethemeKit\Rkit_Sticky_Content
[16-Nov-2025 09:21:55 UTC] Instantiated class: \RomethemeKit\RkitToolTips
[16-Nov-2025 09:21:55 UTC] Instantiated class: \RomethemeKit\RkitWrapperLink
[16-Nov-2025 09:22:00 UTC] Loaded file: blur_effects.php
[16-Nov-2025 09:22:00 UTC] Loaded file: rkit_post_duplicator.php
[16-Nov-2025 09:22:00 UTC] Loaded file: rkit_tool_tips.php
[16-Nov-2025 09:22:00 UTC] Loaded file: rkit_wrapper_link.php
[16-Nov-2025 09:22:00 UTC] Class not found: \RomethemeKit\Rkit_Custom_Cursor
[16-Nov-2025 09:22:00 UTC] Instantiated class: \RomethemeKit\RkitDuplicator
[16-Nov-2025 09:22:00 UTC] Instantiated class: \RomethemeKit\BlurEffects
[16-Nov-2025 09:22:00 UTC] Class not found: \RomethemeKit\Rkit_Sticky_Content
[16-Nov-2025 09:22:00 UTC] Instantiated class: \RomethemeKit\RkitToolTips
[16-Nov-2025 09:22:00 UTC] Instantiated class: \RomethemeKit\RkitWrapperLink
[16-Nov-2025 09:22:00 UTC] Loaded file: blur_effects.php
[16-Nov-2025 09:22:00 UTC] Loaded file: rkit_post_duplicator.php
[16-Nov-2025 09:22:00 UTC] Loaded file: rkit_tool_tips.php
[16-Nov-2025 09:22:00 UTC] Loaded file: rkit_wrapper_link.php
[16-Nov-2025 09:22:00 UTC] Class not found: \RomethemeKit\Rkit_Custom_Cursor
[16-Nov-2025 09:22:00 UTC] Instantiated class: \RomethemeKit\RkitDuplicator
[16-Nov-2025 09:22:00 UTC] Instantiated class: \RomethemeKit\BlurEffects
[16-Nov-2025 09:22:00 UTC] Class not found: \RomethemeKit\Rkit_Sticky_Content
[16-Nov-2025 09:22:00 UTC] Instantiated class: \RomethemeKit\RkitToolTips
[16-Nov-2025 09:22:00 UTC] Instantiated class: \RomethemeKit\RkitWrapperLink
[16-Nov-2025 09:22:01 UTC] [Soltour API info] === AJAX SEARCH PACKAGES CALLED ===
[16-Nov-2025 09:22:01 UTC] [Soltour API info] Params recebidos do frontend:
[16-Nov-2025 09:22:01 UTC] [Soltour API info]   - pageNumber: 0
[16-Nov-2025 09:22:01 UTC] [Soltour API info]   - rowsPerPage: 100
[16-Nov-2025 09:22:01 UTC] [Soltour API info] Params completos: {"originCode":"MAD","destinationCode":"PUJ","startDate":"2026-08-23","numNights":7,"rooms":[{"passengers":[{"type":"ADULT","age":30}]}],"productType":"PACKAGE","onlyHotel":"N","pageNumber":0,"rowsPerPage":100}
[16-Nov-2025 09:22:01 UTC] [Soltour API info] Enviando para API Soltour (booking/availability):
[16-Nov-2025 09:22:01 UTC] [Soltour API info]   - criteria.pagination.pageNumber: 0
[16-Nov-2025 09:22:01 UTC] [Soltour API info]   - criteria.pagination.rowsPerPage: 100
[16-Nov-2025 09:22:01 UTC] [Soltour API info] Request to booking/availability: {"productType":"PACKAGE","onlyHotel":"N","criteria":{"order":{"type":"PRICE","direction":"ASC"},"pagination":{"pageNumber":0,"rowsPerPage":100}},"languageCode":"PT","params":{"startDate":"2026-08-23","endDate":"2026-08-30","residentType":"NONE","accomodation":{"rooms":[{"passengers":[{"type":"ADULT","age":30}]}]},"hotelParams":{"destinationCode":"PUJ","includeImmediatePayment":true},"flightParams":{"itineraries":[{"origins":["MAD"],"destinations":["PUJ"]}],"directFlightsOnly":false,"includeImmediatePayment":true}}}
[16-Nov-2025 09:22:07 UTC] [Soltour API info] Response from booking/availability: {"productType":"PACKAGE","availToken":"r5OvIqTm88IBOz5EZtWhfW9c4SacfmRarej6QPCyOHk=","timestamp":"2025-11-16T10:22:01.595256035","serviceType":"UNDEFINED","agencyInformation":{"clientCode":"BEAUTYT","branchOfficeCode":"999","taxApplicationType":"ISC","taxRate":0,"paymentType":"PP","commission":{"currency":"EUR","rate":15}},"budgets":[{"booked":false,"selected":false,"hotelServices":[{"responseId":"gV3FWEEnVVxJf4cTdxiYgYd/rb+htw1u6K6xvFo420Y=","id":"b95c516a-dd8e-43b0-b2d0-640e1c410023","type":"H
[16-Nov-2025 09:22:07 UTC] [Soltour API info] Resposta da API Soltour:
[16-Nov-2025 09:22:07 UTC] [Soltour API info]   - budgets: 59
[16-Nov-2025 09:22:07 UTC] [Soltour API info]   - totalCount: 0
[16-Nov-2025 09:22:07 UTC] [Soltour API info]   - hotels: 39
[16-Nov-2025 09:22:07 UTC] [Soltour API info]   - availToken: SIM
[16-Nov-2025 09:22:08 UTC] Loaded file: blur_effects.php
[16-Nov-2025 09:22:08 UTC] Loaded file: rkit_post_duplicator.php
[16-Nov-2025 09:22:08 UTC] Loaded file: rkit_tool_tips.php
[16-Nov-2025 09:22:08 UTC] Loaded file: rkit_wrapper_link.php
[16-Nov-2025 09:22:08 UTC] Class not found: \RomethemeKit\Rkit_Custom_Cursor
[16-Nov-2025 09:22:08 UTC] Instantiated class: \RomethemeKit\RkitDuplicator
[16-Nov-2025 09:22:08 UTC] Instantiated class: \RomethemeKit\BlurEffects
[16-Nov-2025 09:22:08 UTC] Class not found: \RomethemeKit\Rkit_Sticky_Content
[16-Nov-2025 09:22:08 UTC] Instantiated class: \RomethemeKit\RkitToolTips
[16-Nov-2025 09:22:08 UTC] Instantiated class: \RomethemeKit\RkitWrapperLink
[16-Nov-2025 09:22:08 UTC] Loaded file: blur_effects.php
[16-Nov-2025 09:22:08 UTC] Loaded file: rkit_post_duplicator.php
[16-Nov-2025 09:22:08 UTC] Loaded file: rkit_tool_tips.php
[16-Nov-2025 09:22:08 UTC] Loaded file: rkit_wrapper_link.php
[16-Nov-2025 09:22:08 UTC] Class not found: \RomethemeKit\Rkit_Custom_Cursor
[16-Nov-2025 09:22:08 UTC] Instantiated class: \RomethemeKit\RkitDuplicator
[16-Nov-2025 09:22:08 UTC] Instantiated class: \RomethemeKit\BlurEffects
[16-Nov-2025 09:22:08 UTC] Class not found: \RomethemeKit\Rkit_Sticky_Content
[16-Nov-2025 09:22:08 UTC] Instantiated class: \RomethemeKit\RkitToolTips
[16-Nov-2025 09:22:08 UTC] Instantiated class: \RomethemeKit\RkitWrapperLink
[16-Nov-2025 09:22:08 UTC] Loaded file: blur_effects.php
[16-Nov-2025 09:22:08 UTC] Loaded file: rkit_post_duplicator.php
[16-Nov-2025 09:22:08 UTC] Loaded file: rkit_tool_tips.php
[16-Nov-2025 09:22:08 UTC] Loaded file: rkit_wrapper_link.php
[16-Nov-2025 09:22:08 UTC] Class not found: \RomethemeKit\Rkit_Custom_Cursor
[16-Nov-2025 09:22:08 UTC] Instantiated class: \RomethemeKit\RkitDuplicator
[16-Nov-2025 09:22:08 UTC] Instantiated class: \RomethemeKit\BlurEffects
[16-Nov-2025 09:22:08 UTC] Class not found: \RomethemeKit\Rkit_Sticky_Content
[16-Nov-2025 09:22:08 UTC] Instantiated class: \RomethemeKit\RkitToolTips
[16-Nov-2025 09:22:08 UTC] Instantiated class: \RomethemeKit\RkitWrapperLink
[16-Nov-2025 09:22:08 UTC] Loaded file: blur_effects.php
[16-Nov-2025 09:22:08 UTC] Loaded file: rkit_post_duplicator.php
[16-Nov-2025 09:22:08 UTC] Loaded file: rkit_tool_tips.php
[16-Nov-2025 09:22:08 UTC] Loaded file: rkit_wrapper_link.php
[16-Nov-2025 09:22:08 UTC] Class not found: \RomethemeKit\Rkit_Custom_Cursor
[16-Nov-2025 09:22:08 UTC] Instantiated class: \RomethemeKit\RkitDuplicator
[16-Nov-2025 09:22:08 UTC] Instantiated class: \RomethemeKit\BlurEffects
[16-Nov-2025 09:22:08 UTC] Class not found: \RomethemeKit\Rkit_Sticky_Content
[16-Nov-2025 09:22:08 UTC] Instantiated class: \RomethemeKit\RkitToolTips
[16-Nov-2025 09:22:08 UTC] Instantiated class: \RomethemeKit\RkitWrapperLink
[16-Nov-2025 09:22:08 UTC] Loaded file: blur_effects.php
[16-Nov-2025 09:22:08 UTC] Loaded file: rkit_post_duplicator.php
[16-Nov-2025 09:22:08 UTC] Loaded file: rkit_tool_tips.php
[16-Nov-2025 09:22:08 UTC] Loaded file: rkit_wrapper_link.php
[16-Nov-2025 09:22:08 UTC] Class not found: \RomethemeKit\Rkit_Custom_Cursor
[16-Nov-2025 09:22:08 UTC] Instantiated class: \RomethemeKit\RkitDuplicator
[16-Nov-2025 09:22:08 UTC] Instantiated class: \RomethemeKit\BlurEffects
[16-Nov-2025 09:22:08 UTC] Class not found: \RomethemeKit\Rkit_Sticky_Content
[16-Nov-2025 09:22:08 UTC] Instantiated class: \RomethemeKit\RkitToolTips
[16-Nov-2025 09:22:08 UTC] Instantiated class: \RomethemeKit\RkitWrapperLink
[16-Nov-2025 09:22:09 UTC] [Soltour API info] Getting details for budget: H220697##TI##0$5287237374243419491@@100, hotel: H220697
[16-Nov-2025 09:22:09 UTC] [Soltour API info] Request to booking/details: {"productType":"PACKAGE","availToken":"r5OvIqTm88IBOz5EZtWhfW9c4SacfmRarej6QPCyOHk=","budgetId":"H220697##TI##0$5287237374243419491@@100","hotelParams":{"hotelCode":"H220697","providerCode":"UNDEFINED"}}
[16-Nov-2025 09:22:09 UTC] [Soltour API info] Getting details for budget: H199543##SA##0$5467121973277947341@@100, hotel: H199543
[16-Nov-2025 09:22:09 UTC] [Soltour API info] Request to booking/details: {"productType":"PACKAGE","availToken":"r5OvIqTm88IBOz5EZtWhfW9c4SacfmRarej6QPCyOHk=","budgetId":"H199543##SA##0$5467121973277947341@@100","hotelParams":{"hotelCode":"H199543","providerCode":"UNDEFINED"}}
[16-Nov-2025 09:22:09 UTC] [Soltour API info] Getting details for budget: H33##TI##0$5214539484049779530@@100, hotel: H33
[16-Nov-2025 09:22:09 UTC] [Soltour API info] Request to booking/details: {"productType":"PACKAGE","availToken":"r5OvIqTm88IBOz5EZtWhfW9c4SacfmRarej6QPCyOHk=","budgetId":"H33##TI##0$5214539484049779530@@100","hotelParams":{"hotelCode":"H33","providerCode":"UNDEFINED"}}
[16-Nov-2025 09:22:09 UTC] [Soltour API info] Getting details for budget: H3784##TI##0$5022131082037889266@@100, hotel: H3784
[16-Nov-2025 09:22:09 UTC] [Soltour API info] Request to booking/details: {"productType":"PACKAGE","availToken":"r5OvIqTm88IBOz5EZtWhfW9c4SacfmRarej6QPCyOHk=","budgetId":"H3784##TI##0$5022131082037889266@@100","hotelParams":{"hotelCode":"H3784","providerCode":"UNDEFINED"}}
[16-Nov-2025 09:22:09 UTC] [Soltour API info] Getting details for budget: H68719##TI##0$4978875663737960274@@100, hotel: H68719
[16-Nov-2025 09:22:09 UTC] [Soltour API info] Request to booking/details: {"productType":"PACKAGE","availToken":"r5OvIqTm88IBOz5EZtWhfW9c4SacfmRarej6QPCyOHk=","budgetId":"H68719##TI##0$4978875663737960274@@100","hotelParams":{"hotelCode":"H68719","providerCode":"UNDEFINED"}}
[16-Nov-2025 09:22:10 UTC] [Soltour API info] Response from booking/details: {"availToken":"r5OvIqTm88IBOz5EZtWhfW9c4SacfmRarej6QPCyOHk=","timestamp":"2025-11-16T10:22:09.899196763","serviceType":"UNDEFINED","agencyInformation":{"clientCode":"BEAUTYT","branchOfficeCode":"999","taxApplicationType":"ISC","taxRate":0,"paymentType":"PP","commission":{"currency":"EUR","rate":15}},"params":{"startDate":"2026-08-23","endDate":"2026-08-30","accomodation":{"rooms":[{"passengers":[{"age":30,"type":"ADULT"}]}]},"residentType":"NONE","numNights":0,"flightParams":{"itineraries":[{"or
[16-Nov-2025 09:22:10 UTC] [Soltour API info] Details response structure: {"has_budget":false,"has_details":true,"has_error":false,"error_msg":null}
[16-Nov-2025 09:22:10 UTC] [Soltour API info] Response from booking/details: {"availToken":"r5OvIqTm88IBOz5EZtWhfW9c4SacfmRarej6QPCyOHk=","timestamp":"2025-11-16T10:22:09.948047452","serviceType":"UNDEFINED","agencyInformation":{"clientCode":"BEAUTYT","branchOfficeCode":"999","taxApplicationType":"ISC","taxRate":0,"paymentType":"PP","commission":{"currency":"EUR","rate":15}},"params":{"startDate":"2026-08-23","endDate":"2026-08-30","accomodation":{"rooms":[{"passengers":[{"age":30,"type":"ADULT"}]}]},"residentType":"NONE","numNights":0,"flightParams":{"itineraries":[{"or
[16-Nov-2025 09:22:10 UTC] [Soltour API info] Details response structure: {"has_budget":false,"has_details":true,"has_error":false,"error_msg":null}
[16-Nov-2025 09:22:10 UTC] [Soltour API info] Response from booking/details: {"availToken":"r5OvIqTm88IBOz5EZtWhfW9c4SacfmRarej6QPCyOHk=","timestamp":"2025-11-16T10:22:10.029588627","serviceType":"UNDEFINED","agencyInformation":{"clientCode":"BEAUTYT","branchOfficeCode":"999","taxApplicationType":"ISC","taxRate":0,"paymentType":"PP","commission":{"currency":"EUR","rate":15}},"params":{"startDate":"2026-08-23","endDate":"2026-08-30","accomodation":{"rooms":[{"passengers":[{"age":30,"type":"ADULT"}]}]},"residentType":"NONE","numNights":0,"flightParams":{"itineraries":[{"or
[16-Nov-2025 09:22:10 UTC] [Soltour API info] Details response structure: {"has_budget":false,"has_details":true,"has_error":false,"error_msg":null}
[16-Nov-2025 09:22:10 UTC] [Soltour API info] Response from booking/details: {"availToken":"r5OvIqTm88IBOz5EZtWhfW9c4SacfmRarej6QPCyOHk=","timestamp":"2025-11-16T10:22:09.926624534","serviceType":"UNDEFINED","agencyInformation":{"clientCode":"BEAUTYT","branchOfficeCode":"999","taxApplicationType":"ISC","taxRate":0,"paymentType":"PP","commission":{"currency":"EUR","rate":15}},"params":{"startDate":"2026-08-23","endDate":"2026-08-30","accomodation":{"rooms":[{"passengers":[{"age":30,"type":"ADULT"}]}]},"residentType":"NONE","numNights":0,"flightParams":{"itineraries":[{"or
[16-Nov-2025 09:22:10 UTC] [Soltour API info] Details response structure: {"has_budget":false,"has_details":true,"has_error":false,"error_msg":null}
[16-Nov-2025 09:22:10 UTC] [Soltour API info] Response from booking/details: {"availToken":"r5OvIqTm88IBOz5EZtWhfW9c4SacfmRarej6QPCyOHk=","timestamp":"2025-11-16T10:22:10.004065444","serviceType":"UNDEFINED","agencyInformation":{"clientCode":"BEAUTYT","branchOfficeCode":"999","taxApplicationType":"ISC","taxRate":0,"paymentType":"PP","commission":{"currency":"EUR","rate":15}},"params":{"startDate":"2026-08-23","endDate":"2026-08-30","accomodation":{"rooms":[{"passengers":[{"age":30,"type":"ADULT"}]}]},"residentType":"NONE","numNights":0,"flightParams":{"itineraries":[{"or
[16-Nov-2025 09:22:10 UTC] [Soltour API info] Details response structure: {"has_budget":false,"has_details":true,"has_error":false,"error_msg":null}
[16-Nov-2025 09:22:10 UTC] Loaded file: blur_effects.php
[16-Nov-2025 09:22:10 UTC] Loaded file: rkit_post_duplicator.php
[16-Nov-2025 09:22:10 UTC] Loaded file: rkit_tool_tips.php
[16-Nov-2025 09:22:10 UTC] Loaded file: rkit_wrapper_link.php
[16-Nov-2025 09:22:10 UTC] Class not found: \RomethemeKit\Rkit_Custom_Cursor
[16-Nov-2025 09:22:10 UTC] Instantiated class: \RomethemeKit\RkitDuplicator
[16-Nov-2025 09:22:10 UTC] Instantiated class: \RomethemeKit\BlurEffects
[16-Nov-2025 09:22:10 UTC] Class not found: \RomethemeKit\Rkit_Sticky_Content
[16-Nov-2025 09:22:10 UTC] Instantiated class: \RomethemeKit\RkitToolTips
[16-Nov-2025 09:22:10 UTC] Instantiated class: \RomethemeKit\RkitWrapperLink
[16-Nov-2025 09:22:10 UTC] Loaded file: blur_effects.php
[16-Nov-2025 09:22:10 UTC] Loaded file: rkit_post_duplicator.php
[16-Nov-2025 09:22:10 UTC] Loaded file: rkit_tool_tips.php
[16-Nov-2025 09:22:10 UTC] Loaded file: rkit_wrapper_link.php
[16-Nov-2025 09:22:10 UTC] Class not found: \RomethemeKit\Rkit_Custom_Cursor
[16-Nov-2025 09:22:10 UTC] Instantiated class: \RomethemeKit\RkitDuplicator
[16-Nov-2025 09:22:10 UTC] Instantiated class: \RomethemeKit\BlurEffects
[16-Nov-2025 09:22:10 UTC] Class not found: \RomethemeKit\Rkit_Sticky_Content
[16-Nov-2025 09:22:10 UTC] Instantiated class: \RomethemeKit\RkitToolTips
[16-Nov-2025 09:22:10 UTC] Instantiated class: \RomethemeKit\RkitWrapperLink
[16-Nov-2025 09:22:10 UTC] Loaded file: blur_effects.php
[16-Nov-2025 09:22:10 UTC] Loaded file: rkit_post_duplicator.php
[16-Nov-2025 09:22:10 UTC] Loaded file: rkit_tool_tips.php
[16-Nov-2025 09:22:10 UTC] Loaded file: rkit_wrapper_link.php
[16-Nov-2025 09:22:10 UTC] Class not found: \RomethemeKit\Rkit_Custom_Cursor
[16-Nov-2025 09:22:10 UTC] Instantiated class: \RomethemeKit\RkitDuplicator
[16-Nov-2025 09:22:10 UTC] Instantiated class: \RomethemeKit\BlurEffects
[16-Nov-2025 09:22:10 UTC] Class not found: \RomethemeKit\Rkit_Sticky_Content
[16-Nov-2025 09:22:10 UTC] Instantiated class: \RomethemeKit\RkitToolTips
[16-Nov-2025 09:22:10 UTC] Instantiated class: \RomethemeKit\RkitWrapperLink
[16-Nov-2025 09:22:10 UTC] Loaded file: blur_effects.php
[16-Nov-2025 09:22:10 UTC] Loaded file: rkit_post_duplicator.php
[16-Nov-2025 09:22:10 UTC] Loaded file: rkit_tool_tips.php
[16-Nov-2025 09:22:10 UTC] Loaded file: rkit_wrapper_link.php
[16-Nov-2025 09:22:10 UTC] Class not found: \RomethemeKit\Rkit_Custom_Cursor
[16-Nov-2025 09:22:10 UTC] Instantiated class: \RomethemeKit\RkitDuplicator
[16-Nov-2025 09:22:10 UTC] Instantiated class: \RomethemeKit\BlurEffects
[16-Nov-2025 09:22:10 UTC] Class not found: \RomethemeKit\Rkit_Sticky_Content
[16-Nov-2025 09:22:10 UTC] Instantiated class: \RomethemeKit\RkitToolTips
[16-Nov-2025 09:22:10 UTC] Instantiated class: \RomethemeKit\RkitWrapperLink
[16-Nov-2025 09:22:10 UTC] Loaded file: blur_effects.php
[16-Nov-2025 09:22:10 UTC] Loaded file: rkit_post_duplicator.php
[16-Nov-2025 09:22:10 UTC] Loaded file: rkit_tool_tips.php
[16-Nov-2025 09:22:10 UTC] Loaded file: rkit_wrapper_link.php
[16-Nov-2025 09:22:10 UTC] Class not found: \RomethemeKit\Rkit_Custom_Cursor
[16-Nov-2025 09:22:10 UTC] Instantiated class: \RomethemeKit\RkitDuplicator
[16-Nov-2025 09:22:10 UTC] Instantiated class: \RomethemeKit\BlurEffects
[16-Nov-2025 09:22:10 UTC] Class not found: \RomethemeKit\Rkit_Sticky_Content
[16-Nov-2025 09:22:10 UTC] Instantiated class: \RomethemeKit\RkitToolTips
[16-Nov-2025 09:22:10 UTC] Instantiated class: \RomethemeKit\RkitWrapperLink
[16-Nov-2025 09:22:11 UTC] [Soltour API info] Getting details for budget: H81784##TI##0$5310667537932726851@@100, hotel: H81784
[16-Nov-2025 09:22:11 UTC] [Soltour API info] Request to booking/details: {"productType":"PACKAGE","availToken":"r5OvIqTm88IBOz5EZtWhfW9c4SacfmRarej6QPCyOHk=","budgetId":"H81784##TI##0$5310667537932726851@@100","hotelParams":{"hotelCode":"H81784","providerCode":"UNDEFINED"}}
[16-Nov-2025 09:22:11 UTC] [Soltour API info] Getting details for budget: H81381##TI##0$5330341369014289130@@100, hotel: H81381
[16-Nov-2025 09:22:11 UTC] [Soltour API info] Request to booking/details: {"productType":"PACKAGE","availToken":"r5OvIqTm88IBOz5EZtWhfW9c4SacfmRarej6QPCyOHk=","budgetId":"H81381##TI##0$5330341369014289130@@100","hotelParams":{"hotelCode":"H81381","providerCode":"UNDEFINED"}}
[16-Nov-2025 09:22:11 UTC] [Soltour API info] Getting details for budget: H24##TI##0$5243956055045803962@@100, hotel: H24
[16-Nov-2025 09:22:11 UTC] [Soltour API info] Request to booking/details: {"productType":"PACKAGE","availToken":"r5OvIqTm88IBOz5EZtWhfW9c4SacfmRarej6QPCyOHk=","budgetId":"H24##TI##0$5243956055045803962@@100","hotelParams":{"hotelCode":"H24","providerCode":"UNDEFINED"}}
[16-Nov-2025 09:22:11 UTC] [Soltour API info] Getting details for budget: H408431##SA##0$5450044187236428031@@100, hotel: H408431
[16-Nov-2025 09:22:11 UTC] [Soltour API info] Request to booking/details: {"productType":"PACKAGE","availToken":"r5OvIqTm88IBOz5EZtWhfW9c4SacfmRarej6QPCyOHk=","budgetId":"H408431##SA##0$5450044187236428031@@100","hotelParams":{"hotelCode":"H408431","providerCode":"UNDEFINED"}}
[16-Nov-2025 09:22:11 UTC] [Soltour API info] Getting details for budget: H79993##TI##0$5637627245787626741@@100, hotel: H79993
[16-Nov-2025 09:22:11 UTC] [Soltour API info] Request to booking/details: {"productType":"PACKAGE","availToken":"r5OvIqTm88IBOz5EZtWhfW9c4SacfmRarej6QPCyOHk=","budgetId":"H79993##TI##0$5637627245787626741@@100","hotelParams":{"hotelCode":"H79993","providerCode":"UNDEFINED"}}
[16-Nov-2025 09:22:12 UTC] [Soltour API info] Response from booking/details: {"availToken":"r5OvIqTm88IBOz5EZtWhfW9c4SacfmRarej6QPCyOHk=","timestamp":"2025-11-16T10:22:12.337148175","serviceType":"UNDEFINED","agencyInformation":{"clientCode":"BEAUTYT","branchOfficeCode":"999","taxApplicationType":"ISC","taxRate":0,"paymentType":"PP","commission":{"currency":"EUR","rate":15}},"params":{"startDate":"2026-08-23","endDate":"2026-08-30","accomodation":{"rooms":[{"passengers":[{"age":30,"type":"ADULT"}]}]},"residentType":"NONE","numNights":0,"flightParams":{"itineraries":[{"or
[16-Nov-2025 09:22:12 UTC] [Soltour API info] Details response structure: {"has_budget":false,"has_details":true,"has_error":false,"error_msg":null}
[16-Nov-2025 09:22:12 UTC] [Soltour API info] Response from booking/details: {"availToken":"r5OvIqTm88IBOz5EZtWhfW9c4SacfmRarej6QPCyOHk=","timestamp":"2025-11-16T10:22:12.353647752","serviceType":"UNDEFINED","agencyInformation":{"clientCode":"BEAUTYT","branchOfficeCode":"999","taxApplicationType":"ISC","taxRate":0,"paymentType":"PP","commission":{"currency":"EUR","rate":15}},"params":{"startDate":"2026-08-23","endDate":"2026-08-30","accomodation":{"rooms":[{"passengers":[{"age":30,"type":"ADULT"}]}]},"residentType":"NONE","numNights":0,"flightParams":{"itineraries":[{"or
[16-Nov-2025 09:22:12 UTC] [Soltour API info] Details response structure: {"has_budget":false,"has_details":true,"has_error":false,"error_msg":null}
[16-Nov-2025 09:22:12 UTC] [Soltour API info] Response from booking/details: {"availToken":"r5OvIqTm88IBOz5EZtWhfW9c4SacfmRarej6QPCyOHk=","timestamp":"2025-11-16T10:22:12.425351564","serviceType":"UNDEFINED","agencyInformation":{"clientCode":"BEAUTYT","branchOfficeCode":"999","taxApplicationType":"ISC","taxRate":0,"paymentType":"PP","commission":{"currency":"EUR","rate":15}},"params":{"startDate":"2026-08-23","endDate":"2026-08-30","accomodation":{"rooms":[{"passengers":[{"age":30,"type":"ADULT"}]}]},"residentType":"NONE","numNights":0,"flightParams":{"itineraries":[{"or
[16-Nov-2025 09:22:12 UTC] [Soltour API info] Details response structure: {"has_budget":false,"has_details":true,"has_error":false,"error_msg":null}
[16-Nov-2025 09:22:12 UTC] [Soltour API info] Response from booking/details: {"availToken":"r5OvIqTm88IBOz5EZtWhfW9c4SacfmRarej6QPCyOHk=","timestamp":"2025-11-16T10:22:12.468814474","serviceType":"UNDEFINED","agencyInformation":{"clientCode":"BEAUTYT","branchOfficeCode":"999","taxApplicationType":"ISC","taxRate":0,"paymentType":"PP","commission":{"currency":"EUR","rate":15}},"params":{"startDate":"2026-08-23","endDate":"2026-08-30","accomodation":{"rooms":[{"passengers":[{"age":30,"type":"ADULT"}]}]},"residentType":"NONE","numNights":0,"flightParams":{"itineraries":[{"or
[16-Nov-2025 09:22:12 UTC] [Soltour API info] Details response structure: {"has_budget":false,"has_details":true,"has_error":false,"error_msg":null}
[16-Nov-2025 09:22:12 UTC] [Soltour API info] Response from booking/details: {"availToken":"r5OvIqTm88IBOz5EZtWhfW9c4SacfmRarej6QPCyOHk=","timestamp":"2025-11-16T10:22:12.532012206","serviceType":"UNDEFINED","agencyInformation":{"clientCode":"BEAUTYT","branchOfficeCode":"999","taxApplicationType":"ISC","taxRate":0,"paymentType":"PP","commission":{"currency":"EUR","rate":15}},"params":{"startDate":"2026-08-23","endDate":"2026-08-30","accomodation":{"rooms":[{"passengers":[{"age":30,"type":"ADULT"}]}]},"residentType":"NONE","numNights":0,"flightParams":{"itineraries":[{"or
[16-Nov-2025 09:22:12 UTC] [Soltour API info] Details response structure: {"has_budget":false,"has_details":true,"has_error":false,"error_msg":null}
[16-Nov-2025 09:22:13 UTC] Loaded file: blur_effects.php
[16-Nov-2025 09:22:13 UTC] Loaded file: rkit_post_duplicator.php
[16-Nov-2025 09:22:13 UTC] Loaded file: rkit_tool_tips.php
[16-Nov-2025 09:22:13 UTC] Loaded file: rkit_wrapper_link.php
[16-Nov-2025 09:22:13 UTC] Class not found: \RomethemeKit\Rkit_Custom_Cursor
[16-Nov-2025 09:22:13 UTC] Instantiated class: \RomethemeKit\RkitDuplicator
[16-Nov-2025 09:22:13 UTC] Instantiated class: \RomethemeKit\BlurEffects
[16-Nov-2025 09:22:13 UTC] Class not found: \RomethemeKit\Rkit_Sticky_Content
[16-Nov-2025 09:22:13 UTC] Instantiated class: \RomethemeKit\RkitToolTips
[16-Nov-2025 09:22:13 UTC] Instantiated class: \RomethemeKit\RkitWrapperLink
[16-Nov-2025 09:22:13 UTC] Loaded file: blur_effects.php
[16-Nov-2025 09:22:13 UTC] Loaded file: rkit_post_duplicator.php
[16-Nov-2025 09:22:13 UTC] Loaded file: blur_effects.php
[16-Nov-2025 09:22:13 UTC] Loaded file: rkit_post_duplicator.php
[16-Nov-2025 09:22:13 UTC] Loaded file: rkit_tool_tips.php
[16-Nov-2025 09:22:13 UTC] Loaded file: rkit_tool_tips.php
[16-Nov-2025 09:22:13 UTC] Loaded file: rkit_wrapper_link.php
[16-Nov-2025 09:22:13 UTC] Loaded file: rkit_wrapper_link.php
[16-Nov-2025 09:22:13 UTC] Class not found: \RomethemeKit\Rkit_Custom_Cursor
[16-Nov-2025 09:22:13 UTC] Class not found: \RomethemeKit\Rkit_Custom_Cursor
[16-Nov-2025 09:22:13 UTC] Instantiated class: \RomethemeKit\RkitDuplicator
[16-Nov-2025 09:22:13 UTC] Instantiated class: \RomethemeKit\BlurEffects
[16-Nov-2025 09:22:13 UTC] Instantiated class: \RomethemeKit\RkitDuplicator
[16-Nov-2025 09:22:13 UTC] Class not found: \RomethemeKit\Rkit_Sticky_Content
[16-Nov-2025 09:22:13 UTC] Instantiated class: \RomethemeKit\BlurEffects
[16-Nov-2025 09:22:13 UTC] Instantiated class: \RomethemeKit\RkitToolTips
[16-Nov-2025 09:22:13 UTC] Instantiated class: \RomethemeKit\RkitWrapperLink
[16-Nov-2025 09:22:13 UTC] Class not found: \RomethemeKit\Rkit_Sticky_Content
[16-Nov-2025 09:22:13 UTC] Instantiated class: \RomethemeKit\RkitToolTips
[16-Nov-2025 09:22:13 UTC] Instantiated class: \RomethemeKit\RkitWrapperLink
[16-Nov-2025 09:22:13 UTC] Loaded file: blur_effects.php
[16-Nov-2025 09:22:13 UTC] Loaded file: rkit_post_duplicator.php
[16-Nov-2025 09:22:13 UTC] Loaded file: rkit_tool_tips.php
[16-Nov-2025 09:22:13 UTC] Loaded file: rkit_wrapper_link.php
[16-Nov-2025 09:22:13 UTC] Class not found: \RomethemeKit\Rkit_Custom_Cursor
[16-Nov-2025 09:22:13 UTC] Instantiated class: \RomethemeKit\RkitDuplicator
[16-Nov-2025 09:22:13 UTC] Instantiated class: \RomethemeKit\BlurEffects
[16-Nov-2025 09:22:13 UTC] Class not found: \RomethemeKit\Rkit_Sticky_Content
[16-Nov-2025 09:22:13 UTC] Instantiated class: \RomethemeKit\RkitToolTips
[16-Nov-2025 09:22:13 UTC] Instantiated class: \RomethemeKit\RkitWrapperLink
[16-Nov-2025 09:22:13 UTC] Loaded file: blur_effects.php
[16-Nov-2025 09:22:13 UTC] Loaded file: rkit_post_duplicator.php
[16-Nov-2025 09:22:13 UTC] Loaded file: rkit_tool_tips.php
[16-Nov-2025 09:22:13 UTC] Loaded file: rkit_wrapper_link.php
[16-Nov-2025 09:22:13 UTC] Class not found: \RomethemeKit\Rkit_Custom_Cursor
[16-Nov-2025 09:22:13 UTC] Instantiated class: \RomethemeKit\RkitDuplicator
[16-Nov-2025 09:22:13 UTC] Instantiated class: \RomethemeKit\BlurEffects
[16-Nov-2025 09:22:13 UTC] Class not found: \RomethemeKit\Rkit_Sticky_Content
[16-Nov-2025 09:22:13 UTC] Instantiated class: \RomethemeKit\RkitToolTips
[16-Nov-2025 09:22:13 UTC] Instantiated class: \RomethemeKit\RkitWrapperLink
[16-Nov-2025 09:22:14 UTC] [Soltour API info] Getting details for budget: H14##TI##0$4647297775382148726@@100, hotel: H14
[16-Nov-2025 09:22:14 UTC] [Soltour API info] Request to booking/details: {"productType":"PACKAGE","availToken":"r5OvIqTm88IBOz5EZtWhfW9c4SacfmRarej6QPCyOHk=","budgetId":"H14##TI##0$4647297775382148726@@100","hotelParams":{"hotelCode":"H14","providerCode":"UNDEFINED"}}
[16-Nov-2025 09:22:14 UTC] [Soltour API info] Getting details for budget: H13##TI##0$4824293575758956364@@100, hotel: H13
[16-Nov-2025 09:22:14 UTC] [Soltour API info] Request to booking/details: {"productType":"PACKAGE","availToken":"r5OvIqTm88IBOz5EZtWhfW9c4SacfmRarej6QPCyOHk=","budgetId":"H13##TI##0$4824293575758956364@@100","hotelParams":{"hotelCode":"H13","providerCode":"UNDEFINED"}}
[16-Nov-2025 09:22:14 UTC] [Soltour API info] Getting details for budget: H50725##TI##0$5720863553605035980@@100, hotel: H50725
[16-Nov-2025 09:22:14 UTC] [Soltour API info] Request to booking/details: {"productType":"PACKAGE","availToken":"r5OvIqTm88IBOz5EZtWhfW9c4SacfmRarej6QPCyOHk=","budgetId":"H50725##TI##0$5720863553605035980@@100","hotelParams":{"hotelCode":"H50725","providerCode":"UNDEFINED"}}
[16-Nov-2025 09:22:14 UTC] [Soltour API info] Getting details for budget: H35##TI##0$4745259430267431135@@100, hotel: H35
[16-Nov-2025 09:22:14 UTC] [Soltour API info] Request to booking/details: {"productType":"PACKAGE","availToken":"r5OvIqTm88IBOz5EZtWhfW9c4SacfmRarej6QPCyOHk=","budgetId":"H35##TI##0$4745259430267431135@@100","hotelParams":{"hotelCode":"H35","providerCode":"UNDEFINED"}}
[16-Nov-2025 09:22:14 UTC] [Soltour API info] Getting details for budget: H6##TI##0$4919192227518473523@@100, hotel: H6
[16-Nov-2025 09:22:14 UTC] [Soltour API info] Request to booking/details: {"productType":"PACKAGE","availToken":"r5OvIqTm88IBOz5EZtWhfW9c4SacfmRarej6QPCyOHk=","budgetId":"H6##TI##0$4919192227518473523@@100","hotelParams":{"hotelCode":"H6","providerCode":"UNDEFINED"}}
[16-Nov-2025 09:22:15 UTC] [Soltour API info] Response from booking/details: {"availToken":"r5OvIqTm88IBOz5EZtWhfW9c4SacfmRarej6QPCyOHk=","timestamp":"2025-11-16T10:22:15.302131053","serviceType":"UNDEFINED","agencyInformation":{"clientCode":"BEAUTYT","branchOfficeCode":"999","taxApplicationType":"ISC","taxRate":0,"paymentType":"PP","commission":{"currency":"EUR","rate":15}},"params":{"startDate":"2026-08-23","endDate":"2026-08-30","accomodation":{"rooms":[{"passengers":[{"age":30,"type":"ADULT"}]}]},"residentType":"NONE","numNights":0,"flightParams":{"itineraries":[{"or
[16-Nov-2025 09:22:15 UTC] [Soltour API info] Details response structure: {"has_budget":false,"has_details":true,"has_error":false,"error_msg":null}
[16-Nov-2025 09:22:15 UTC] [Soltour API info] Response from booking/details: {"availToken":"r5OvIqTm88IBOz5EZtWhfW9c4SacfmRarej6QPCyOHk=","timestamp":"2025-11-16T10:22:15.355896678","serviceType":"UNDEFINED","agencyInformation":{"clientCode":"BEAUTYT","branchOfficeCode":"999","taxApplicationType":"ISC","taxRate":0,"paymentType":"PP","commission":{"currency":"EUR","rate":15}},"params":{"startDate":"2026-08-23","endDate":"2026-08-30","accomodation":{"rooms":[{"passengers":[{"age":30,"type":"ADULT"}]}]},"residentType":"NONE","numNights":0,"flightParams":{"itineraries":[{"or
[16-Nov-2025 09:22:15 UTC] [Soltour API info] Details response structure: {"has_budget":false,"has_details":true,"has_error":false,"error_msg":null}
[16-Nov-2025 09:22:15 UTC] [Soltour API info] Response from booking/details: {"availToken":"r5OvIqTm88IBOz5EZtWhfW9c4SacfmRarej6QPCyOHk=","timestamp":"2025-11-16T10:22:15.330221015","serviceType":"UNDEFINED","agencyInformation":{"clientCode":"BEAUTYT","branchOfficeCode":"999","taxApplicationType":"ISC","taxRate":0,"paymentType":"PP","commission":{"currency":"EUR","rate":15}},"params":{"startDate":"2026-08-23","endDate":"2026-08-30","accomodation":{"rooms":[{"passengers":[{"age":30,"type":"ADULT"}]}]},"residentType":"NONE","numNights":0,"flightParams":{"itineraries":[{"or
[16-Nov-2025 09:22:15 UTC] [Soltour API info] Details response structure: {"has_budget":false,"has_details":true,"has_error":false,"error_msg":null}
[16-Nov-2025 09:22:15 UTC] Loaded file: blur_effects.php
[16-Nov-2025 09:22:15 UTC] Loaded file: rkit_post_duplicator.php
[16-Nov-2025 09:22:15 UTC] Loaded file: rkit_tool_tips.php
[16-Nov-2025 09:22:15 UTC] Loaded file: rkit_wrapper_link.php
[16-Nov-2025 09:22:15 UTC] Class not found: \RomethemeKit\Rkit_Custom_Cursor
[16-Nov-2025 09:22:15 UTC] Instantiated class: \RomethemeKit\RkitDuplicator
[16-Nov-2025 09:22:15 UTC] Instantiated class: \RomethemeKit\BlurEffects
[16-Nov-2025 09:22:15 UTC] Class not found: \RomethemeKit\Rkit_Sticky_Content
[16-Nov-2025 09:22:15 UTC] Instantiated class: \RomethemeKit\RkitToolTips
[16-Nov-2025 09:22:15 UTC] Instantiated class: \RomethemeKit\RkitWrapperLink
[16-Nov-2025 09:22:15 UTC] Loaded file: blur_effects.php
[16-Nov-2025 09:22:15 UTC] Loaded file: rkit_post_duplicator.php
[16-Nov-2025 09:22:15 UTC] Loaded file: rkit_tool_tips.php
[16-Nov-2025 09:22:15 UTC] Loaded file: rkit_wrapper_link.php
[16-Nov-2025 09:22:15 UTC] Class not found: \RomethemeKit\Rkit_Custom_Cursor
[16-Nov-2025 09:22:15 UTC] Instantiated class: \RomethemeKit\RkitDuplicator
[16-Nov-2025 09:22:15 UTC] Instantiated class: \RomethemeKit\BlurEffects
[16-Nov-2025 09:22:15 UTC] Class not found: \RomethemeKit\Rkit_Sticky_Content
[16-Nov-2025 09:22:15 UTC] Instantiated class: \RomethemeKit\RkitToolTips
[16-Nov-2025 09:22:15 UTC] Instantiated class: \RomethemeKit\RkitWrapperLink
[16-Nov-2025 09:22:15 UTC] Loaded file: blur_effects.php
[16-Nov-2025 09:22:15 UTC] Loaded file: rkit_post_duplicator.php
[16-Nov-2025 09:22:15 UTC] Loaded file: rkit_tool_tips.php
[16-Nov-2025 09:22:15 UTC] Loaded file: rkit_wrapper_link.php
[16-Nov-2025 09:22:15 UTC] Class not found: \RomethemeKit\Rkit_Custom_Cursor
[16-Nov-2025 09:22:15 UTC] Instantiated class: \RomethemeKit\RkitDuplicator
[16-Nov-2025 09:22:15 UTC] Instantiated class: \RomethemeKit\BlurEffects
[16-Nov-2025 09:22:15 UTC] Class not found: \RomethemeKit\Rkit_Sticky_Content
[16-Nov-2025 09:22:15 UTC] Instantiated class: \RomethemeKit\RkitToolTips
[16-Nov-2025 09:22:15 UTC] Instantiated class: \RomethemeKit\RkitWrapperLink
[16-Nov-2025 09:22:15 UTC] [Soltour API info] Response from booking/details: {"availToken":"r5OvIqTm88IBOz5EZtWhfW9c4SacfmRarej6QPCyOHk=","timestamp":"2025-11-16T10:22:15.742193542","serviceType":"UNDEFINED","agencyInformation":{"clientCode":"BEAUTYT","branchOfficeCode":"999","taxApplicationType":"ISC","taxRate":0,"paymentType":"PP","commission":{"currency":"EUR","rate":15}},"params":{"startDate":"2026-08-23","endDate":"2026-08-30","accomodation":{"rooms":[{"passengers":[{"age":30,"type":"ADULT"}]}]},"residentType":"NONE","numNights":0,"flightParams":{"itineraries":[{"or
[16-Nov-2025 09:22:15 UTC] [Soltour API info] Details response structure: {"has_budget":false,"has_details":true,"has_error":false,"error_msg":null}
[16-Nov-2025 09:22:15 UTC] [Soltour API info] Response from booking/details: {"availToken":"r5OvIqTm88IBOz5EZtWhfW9c4SacfmRarej6QPCyOHk=","timestamp":"2025-11-16T10:22:15.748493211","serviceType":"UNDEFINED","agencyInformation":{"clientCode":"BEAUTYT","branchOfficeCode":"999","taxApplicationType":"ISC","taxRate":0,"paymentType":"PP","commission":{"currency":"EUR","rate":15}},"params":{"startDate":"2026-08-23","endDate":"2026-08-30","accomodation":{"rooms":[{"passengers":[{"age":30,"type":"ADULT"}]}]},"residentType":"NONE","numNights":0,"flightParams":{"itineraries":[{"or
[16-Nov-2025 09:22:15 UTC] [Soltour API info] Details response structure: {"has_budget":false,"has_details":true,"has_error":false,"error_msg":null}
[16-Nov-2025 09:22:16 UTC] [Soltour API info] Getting details for budget: H199535##TI##0$5389599689744536094@@100, hotel: H199535
[16-Nov-2025 09:22:16 UTC] [Soltour API info] Request to booking/details: {"productType":"PACKAGE","availToken":"r5OvIqTm88IBOz5EZtWhfW9c4SacfmRarej6QPCyOHk=","budgetId":"H199535##TI##0$5389599689744536094@@100","hotelParams":{"hotelCode":"H199535","providerCode":"UNDEFINED"}}
[16-Nov-2025 09:22:16 UTC] [Soltour API info] Getting details for budget: H79963##TI##0$4939019556123864517@@100, hotel: H79963
[16-Nov-2025 09:22:16 UTC] [Soltour API info] Request to booking/details: {"productType":"PACKAGE","availToken":"r5OvIqTm88IBOz5EZtWhfW9c4SacfmRarej6QPCyOHk=","budgetId":"H79963##TI##0$4939019556123864517@@100","hotelParams":{"hotelCode":"H79963","providerCode":"UNDEFINED"}}
[16-Nov-2025 09:22:16 UTC] [Soltour API info] Getting details for budget: H8##TI##0$4935399488168899445@@100, hotel: H8
[16-Nov-2025 09:22:16 UTC] [Soltour API info] Request to booking/details: {"productType":"PACKAGE","availToken":"r5OvIqTm88IBOz5EZtWhfW9c4SacfmRarej6QPCyOHk=","budgetId":"H8##TI##0$4935399488168899445@@100","hotelParams":{"hotelCode":"H8","providerCode":"UNDEFINED"}}
[16-Nov-2025 09:22:16 UTC] Loaded file: blur_effects.php
[16-Nov-2025 09:22:16 UTC] Loaded file: rkit_post_duplicator.php
[16-Nov-2025 09:22:16 UTC] Loaded file: rkit_tool_tips.php
[16-Nov-2025 09:22:16 UTC] Loaded file: rkit_wrapper_link.php
[16-Nov-2025 09:22:16 UTC] Class not found: \RomethemeKit\Rkit_Custom_Cursor
[16-Nov-2025 09:22:16 UTC] Instantiated class: \RomethemeKit\RkitDuplicator
[16-Nov-2025 09:22:16 UTC] Instantiated class: \RomethemeKit\BlurEffects
[16-Nov-2025 09:22:16 UTC] Class not found: \RomethemeKit\Rkit_Sticky_Content
[16-Nov-2025 09:22:16 UTC] Instantiated class: \RomethemeKit\RkitToolTips
[16-Nov-2025 09:22:16 UTC] Instantiated class: \RomethemeKit\RkitWrapperLink
[16-Nov-2025 09:22:16 UTC] Loaded file: blur_effects.php
[16-Nov-2025 09:22:16 UTC] Loaded file: rkit_post_duplicator.php
[16-Nov-2025 09:22:16 UTC] Loaded file: rkit_tool_tips.php
[16-Nov-2025 09:22:16 UTC] Loaded file: rkit_wrapper_link.php
[16-Nov-2025 09:22:16 UTC] Class not found: \RomethemeKit\Rkit_Custom_Cursor
[16-Nov-2025 09:22:16 UTC] Instantiated class: \RomethemeKit\RkitDuplicator
[16-Nov-2025 09:22:16 UTC] Instantiated class: \RomethemeKit\BlurEffects
[16-Nov-2025 09:22:16 UTC] Class not found: \RomethemeKit\Rkit_Sticky_Content
[16-Nov-2025 09:22:16 UTC] Instantiated class: \RomethemeKit\RkitToolTips
[16-Nov-2025 09:22:16 UTC] Instantiated class: \RomethemeKit\RkitWrapperLink
[16-Nov-2025 09:22:16 UTC] [Soltour API info] Response from booking/details: {"availToken":"r5OvIqTm88IBOz5EZtWhfW9c4SacfmRarej6QPCyOHk=","timestamp":"2025-11-16T10:22:16.774323809","serviceType":"UNDEFINED","agencyInformation":{"clientCode":"BEAUTYT","branchOfficeCode":"999","taxApplicationType":"ISC","taxRate":0,"paymentType":"PP","commission":{"currency":"EUR","rate":15}},"params":{"startDate":"2026-08-23","endDate":"2026-08-30","accomodation":{"rooms":[{"passengers":[{"age":30,"type":"ADULT"}]}]},"residentType":"NONE","numNights":0,"flightParams":{"itineraries":[{"or
[16-Nov-2025 09:22:16 UTC] [Soltour API info] Details response structure: {"has_budget":false,"has_details":true,"has_error":false,"error_msg":null}
[16-Nov-2025 09:22:16 UTC] [Soltour API info] Response from booking/details: {"availToken":"r5OvIqTm88IBOz5EZtWhfW9c4SacfmRarej6QPCyOHk=","timestamp":"2025-11-16T10:22:16.780712527","serviceType":"UNDEFINED","agencyInformation":{"clientCode":"BEAUTYT","branchOfficeCode":"999","taxApplicationType":"ISC","taxRate":0,"paymentType":"PP","commission":{"currency":"EUR","rate":15}},"params":{"startDate":"2026-08-23","endDate":"2026-08-30","accomodation":{"rooms":[{"passengers":[{"age":30,"type":"ADULT"}]}]},"residentType":"NONE","numNights":0,"flightParams":{"itineraries":[{"or
[16-Nov-2025 09:22:16 UTC] [Soltour API info] Details response structure: {"has_budget":false,"has_details":true,"has_error":false,"error_msg":null}
[16-Nov-2025 09:22:16 UTC] [Soltour API info] Response from booking/details: {"availToken":"r5OvIqTm88IBOz5EZtWhfW9c4SacfmRarej6QPCyOHk=","timestamp":"2025-11-16T10:22:16.784744959","serviceType":"UNDEFINED","agencyInformation":{"clientCode":"BEAUTYT","branchOfficeCode":"999","taxApplicationType":"ISC","taxRate":0,"paymentType":"PP","commission":{"currency":"EUR","rate":15}},"params":{"startDate":"2026-08-23","endDate":"2026-08-30","accomodation":{"rooms":[{"passengers":[{"age":30,"type":"ADULT"}]}]},"residentType":"NONE","numNights":0,"flightParams":{"itineraries":[{"or
[16-Nov-2025 09:22:16 UTC] [Soltour API info] Details response structure: {"has_budget":false,"has_details":true,"has_error":false,"error_msg":null}
[16-Nov-2025 09:22:17 UTC] [Soltour API info] Getting details for budget: H199374##TI##0$4994829162008912836@@100, hotel: H199374
[16-Nov-2025 09:22:17 UTC] [Soltour API info] Request to booking/details: {"productType":"PACKAGE","availToken":"r5OvIqTm88IBOz5EZtWhfW9c4SacfmRarej6QPCyOHk=","budgetId":"H199374##TI##0$4994829162008912836@@100","hotelParams":{"hotelCode":"H199374","providerCode":"UNDEFINED"}}
[16-Nov-2025 09:22:17 UTC] [Soltour API info] Getting details for budget: H80000##TI##0$4653019142034154573@@100, hotel: H80000
[16-Nov-2025 09:22:17 UTC] [Soltour API info] Request to booking/details: {"productType":"PACKAGE","availToken":"r5OvIqTm88IBOz5EZtWhfW9c4SacfmRarej6QPCyOHk=","budgetId":"H80000##TI##0$4653019142034154573@@100","hotelParams":{"hotelCode":"H80000","providerCode":"UNDEFINED"}}
[16-Nov-2025 09:22:18 UTC] [Soltour API info] Response from booking/details: {"availToken":"r5OvIqTm88IBOz5EZtWhfW9c4SacfmRarej6QPCyOHk=","timestamp":"2025-11-16T10:22:17.903448015","serviceType":"UNDEFINED","agencyInformation":{"clientCode":"BEAUTYT","branchOfficeCode":"999","taxApplicationType":"ISC","taxRate":0,"paymentType":"PP","commission":{"currency":"EUR","rate":15}},"params":{"startDate":"2026-08-23","endDate":"2026-08-30","accomodation":{"rooms":[{"passengers":[{"age":30,"type":"ADULT"}]}]},"residentType":"NONE","numNights":0,"flightParams":{"itineraries":[{"or
[16-Nov-2025 09:22:18 UTC] [Soltour API info] Details response structure: {"has_budget":false,"has_details":true,"has_error":false,"error_msg":null}
[16-Nov-2025 09:22:18 UTC] [Soltour API info] Response from booking/details: {"availToken":"r5OvIqTm88IBOz5EZtWhfW9c4SacfmRarej6QPCyOHk=","timestamp":"2025-11-16T10:22:17.942790872","serviceType":"UNDEFINED","agencyInformation":{"clientCode":"BEAUTYT","branchOfficeCode":"999","taxApplicationType":"ISC","taxRate":0,"paymentType":"PP","commission":{"currency":"EUR","rate":15}},"params":{"startDate":"2026-08-23","endDate":"2026-08-30","accomodation":{"rooms":[{"passengers":[{"age":30,"type":"ADULT"}]}]},"residentType":"NONE","numNights":0,"flightParams":{"itineraries":[{"or
[16-Nov-2025 09:22:18 UTC] [Soltour API info] Details response structure: {"has_budget":false,"has_details":true,"has_error":false,"error_msg":null}
[16-Nov-2025 09:22:24 UTC] Loaded file: blur_effects.php
[16-Nov-2025 09:22:24 UTC] Loaded file: rkit_post_duplicator.php
[16-Nov-2025 09:22:24 UTC] Loaded file: rkit_tool_tips.php
[16-Nov-2025 09:22:24 UTC] Loaded file: rkit_wrapper_link.php
[16-Nov-2025 09:22:24 UTC] Class not found: \RomethemeKit\Rkit_Custom_Cursor
[16-Nov-2025 09:22:24 UTC] Instantiated class: \RomethemeKit\RkitDuplicator
[16-Nov-2025 09:22:24 UTC] Instantiated class: \RomethemeKit\BlurEffects
[16-Nov-2025 09:22:24 UTC] Class not found: \RomethemeKit\Rkit_Sticky_Content
[16-Nov-2025 09:22:24 UTC] Instantiated class: \RomethemeKit\RkitToolTips
[16-Nov-2025 09:22:24 UTC] Instantiated class: \RomethemeKit\RkitWrapperLink
[16-Nov-2025 09:22:25 UTC] [Soltour API info] === CHECK ALLOWED SELLING ===
[16-Nov-2025 09:22:25 UTC] [Soltour API info] Request to booking/availability/checkAllowedSelling: []
[16-Nov-2025 09:22:25 UTC] [Soltour API info] Response from booking/availability/checkAllowedSelling: {"ok":false,"error":{"notLogged":false,"errorMessage":"Method 'checkAllowedSelling' not found."}}
[16-Nov-2025 09:22:25 UTC] [Soltour API info] CheckAllowedSelling response: {"ok":false,"error":{"notLogged":false,"errorMessage":"Method 'checkAllowedSelling' not found."}}
[16-Nov-2025 09:22:25 UTC] Loaded file: blur_effects.php
[16-Nov-2025 09:22:25 UTC] Loaded file: rkit_post_duplicator.php
[16-Nov-2025 09:22:25 UTC] Loaded file: rkit_tool_tips.php
[16-Nov-2025 09:22:25 UTC] Loaded file: rkit_wrapper_link.php
[16-Nov-2025 09:22:25 UTC] Class not found: \RomethemeKit\Rkit_Custom_Cursor
[16-Nov-2025 09:22:25 UTC] Instantiated class: \RomethemeKit\RkitDuplicator
[16-Nov-2025 09:22:25 UTC] Instantiated class: \RomethemeKit\BlurEffects
[16-Nov-2025 09:22:25 UTC] Class not found: \RomethemeKit\Rkit_Sticky_Content
[16-Nov-2025 09:22:25 UTC] Instantiated class: \RomethemeKit\RkitToolTips
[16-Nov-2025 09:22:25 UTC] Instantiated class: \RomethemeKit\RkitWrapperLink
[16-Nov-2025 09:22:26 UTC] [Soltour API info] ╔═══════════════════════════════════════════════════════════════════╗
[16-Nov-2025 09:22:26 UTC] [Soltour API info] ║      🎯 SOLTOUR - PREPARE QUOTE - VALIDAÇÃO INTERMEDIÁRIA        ║
[16-Nov-2025 09:22:26 UTC] [Soltour API info] ╚═══════════════════════════════════════════════════════════════════╝
[16-Nov-2025 09:22:26 UTC] [Soltour API info] 📥 DADOS RECEBIDOS DO FRONTEND:
[16-Nov-2025 09:22:26 UTC] [Soltour API info]   ├─ availToken: r5OvIqTm88IBOz5EZtWh...
[16-Nov-2025 09:22:26 UTC] [Soltour API info]   ├─ budgetId (RAW): H220697##TI##0$5287237374243419491@@100
[16-Nov-2025 09:22:26 UTC] [Soltour API info]   ├─ budgetId (strlen): 39
[16-Nov-2025 09:22:26 UTC] [Soltour API info]   ├─ hotelCode: H220697
[16-Nov-2025 09:22:26 UTC] [Soltour API info]   └─ providerCode: UNDEFINED
[16-Nov-2025 09:22:26 UTC] [Soltour API info] 
[16-Nov-2025 09:22:26 UTC] [Soltour API info] 🎫 Gerando cotação oficial com /booking/quote...
[16-Nov-2025 09:22:26 UTC] [Soltour API info]   └─ Endpoint: POST /booking/quote
[16-Nov-2025 09:22:26 UTC] [Soltour API info]   └─ budgetIds: [H220697##TI##0$5287237374243419491@@100]
[16-Nov-2025 09:22:26 UTC] [Soltour API info] Request to booking/quote: {"productType":"PACKAGE","availToken":"r5OvIqTm88IBOz5EZtWhfW9c4SacfmRarej6QPCyOHk=","budgetIds":["H220697##TI##0$5287237374243419491@@100"]}
[16-Nov-2025 09:22:28 UTC] Loaded file: blur_effects.php
[16-Nov-2025 09:22:28 UTC] Loaded file: rkit_post_duplicator.php
[16-Nov-2025 09:22:28 UTC] Loaded file: rkit_tool_tips.php
[16-Nov-2025 09:22:28 UTC] Loaded file: rkit_wrapper_link.php
[16-Nov-2025 09:22:28 UTC] Class not found: \RomethemeKit\Rkit_Custom_Cursor
[16-Nov-2025 09:22:28 UTC] Instantiated class: \RomethemeKit\RkitDuplicator
[16-Nov-2025 09:22:28 UTC] Instantiated class: \RomethemeKit\BlurEffects
[16-Nov-2025 09:22:28 UTC] Class not found: \RomethemeKit\Rkit_Sticky_Content
[16-Nov-2025 09:22:28 UTC] Instantiated class: \RomethemeKit\RkitToolTips
[16-Nov-2025 09:22:28 UTC] Instantiated class: \RomethemeKit\RkitWrapperLink
[16-Nov-2025 09:22:29 UTC] Loaded file: blur_effects.php
[16-Nov-2025 09:22:29 UTC] Loaded file: rkit_post_duplicator.php
[16-Nov-2025 09:22:29 UTC] Loaded file: rkit_tool_tips.php
[16-Nov-2025 09:22:29 UTC] Loaded file: rkit_wrapper_link.php
[16-Nov-2025 09:22:29 UTC] Class not found: \RomethemeKit\Rkit_Custom_Cursor
[16-Nov-2025 09:22:29 UTC] Instantiated class: \RomethemeKit\RkitDuplicator
[16-Nov-2025 09:22:29 UTC] Instantiated class: \RomethemeKit\BlurEffects
[16-Nov-2025 09:22:29 UTC] Class not found: \RomethemeKit\Rkit_Sticky_Content
[16-Nov-2025 09:22:29 UTC] Instantiated class: \RomethemeKit\RkitToolTips
[16-Nov-2025 09:22:29 UTC] Instantiated class: \RomethemeKit\RkitWrapperLink
[16-Nov-2025 09:22:30 UTC] [Soltour API info] Response from booking/quote: {"productType":"PACKAGE","availToken":"r5OvIqTm88IBOz5EZtWhfW9c4SacfmRarej6QPCyOHk=","timestamp":"2025-11-16T10:22:26.319430129","serviceType":"UNDEFINED","agencyInformation":{"clientCode":"BEAUTYT","branchOfficeCode":"999","taxApplicationType":"ISC","taxRate":0,"paymentType":"PP","commission":{"currency":"EUR","rate":15},"overCommission":{"currency":"EUR","fixedAmount":0,"rate":2,"ruleCode":"Over 2%"}},"budget":{"booked":false,"selected":false,"hotelServices":[{"responseId":"gV3FWEEnVVxJf4cTdxi
[16-Nov-2025 09:22:30 UTC] [Soltour API info] 📋 RESPOSTA quote:
[16-Nov-2025 09:22:30 UTC] [Soltour API info]   ├─ budget: SIM ✅
[16-Nov-2025 09:22:30 UTC] [Soltour API info]   ├─ quoteToken: NÃO ❌
[16-Nov-2025 09:22:30 UTC] [Soltour API info]   ├─ insurances: 1
[16-Nov-2025 09:22:30 UTC] [Soltour API info]   ├─ extras: 0
[16-Nov-2025 09:22:30 UTC] [Soltour API info]   ├─ importantInformation: 7
[16-Nov-2025 09:22:30 UTC] [Soltour API info]   ├─ cancellationChargeServices: 0
[16-Nov-2025 09:22:30 UTC] [Soltour API info] 
[16-Nov-2025 09:22:30 UTC] [Soltour API info] ✅ SUCESSO! Cotação gerada com sucesso
[16-Nov-2025 09:22:30 UTC] [Soltour API info] 📤 RETORNANDO DADOS PARA FRONTEND:
[16-Nov-2025 09:22:30 UTC] [Soltour API info]   ├─ quote: COMPLETO
[16-Nov-2025 09:22:30 UTC] [Soltour API info]   ├─ quoteToken: GERADO
[16-Nov-2025 09:22:30 UTC] [Soltour API info]   └─ budget: VÁLIDO
[16-Nov-2025 09:22:30 UTC] [Soltour API info] ╚═══════════════════════════════════════════════════════════════════╝
[16-Nov-2025 09:22:30 UTC] Loaded file: blur_effects.php
[16-Nov-2025 09:22:30 UTC] Loaded file: rkit_post_duplicator.php
[16-Nov-2025 09:22:30 UTC] Loaded file: rkit_tool_tips.php
[16-Nov-2025 09:22:30 UTC] Loaded file: rkit_wrapper_link.php
[16-Nov-2025 09:22:30 UTC] Class not found: \RomethemeKit\Rkit_Custom_Cursor
[16-Nov-2025 09:22:30 UTC] Instantiated class: \RomethemeKit\RkitDuplicator
[16-Nov-2025 09:22:30 UTC] Instantiated class: \RomethemeKit\BlurEffects
[16-Nov-2025 09:22:30 UTC] Class not found: \RomethemeKit\Rkit_Sticky_Content
[16-Nov-2025 09:22:30 UTC] Instantiated class: \RomethemeKit\RkitToolTips
[16-Nov-2025 09:22:30 UTC] Instantiated class: \RomethemeKit\RkitWrapperLink
[16-Nov-2025 09:22:36 UTC] Loaded file: blur_effects.php
[16-Nov-2025 09:22:36 UTC] Loaded file: rkit_post_duplicator.php
[16-Nov-2025 09:22:36 UTC] Loaded file: rkit_tool_tips.php
[16-Nov-2025 09:22:36 UTC] Loaded file: rkit_wrapper_link.php
[16-Nov-2025 09:22:36 UTC] Class not found: \RomethemeKit\Rkit_Custom_Cursor
[16-Nov-2025 09:22:36 UTC] Instantiated class: \RomethemeKit\RkitDuplicator
[16-Nov-2025 09:22:36 UTC] Instantiated class: \RomethemeKit\BlurEffects
[16-Nov-2025 09:22:36 UTC] Class not found: \RomethemeKit\Rkit_Sticky_Content
[16-Nov-2025 09:22:36 UTC] Instantiated class: \RomethemeKit\RkitToolTips
[16-Nov-2025 09:22:36 UTC] Instantiated class: \RomethemeKit\RkitWrapperLink
[16-Nov-2025 09:22:59 UTC] Loaded file: blur_effects.php
[16-Nov-2025 09:22:59 UTC] Loaded file: rkit_post_duplicator.php
[16-Nov-2025 09:22:59 UTC] Loaded file: rkit_tool_tips.php
[16-Nov-2025 09:22:59 UTC] Loaded file: rkit_wrapper_link.php
[16-Nov-2025 09:22:59 UTC] Class not found: \RomethemeKit\Rkit_Custom_Cursor
[16-Nov-2025 09:22:59 UTC] Instantiated class: \RomethemeKit\RkitDuplicator
[16-Nov-2025 09:22:59 UTC] Instantiated class: \RomethemeKit\BlurEffects
[16-Nov-2025 09:22:59 UTC] Class not found: \RomethemeKit\Rkit_Sticky_Content
[16-Nov-2025 09:22:59 UTC] Instantiated class: \RomethemeKit\RkitToolTips
[16-Nov-2025 09:22:59 UTC] Instantiated class: \RomethemeKit\RkitWrapperLink
[16-Nov-2025 09:23:00 UTC] [Soltour API info] === GENERATE FINAL QUOTE ===
[16-Nov-2025 09:23:00 UTC] [Soltour API info] Dados recebidos (tipos):
[16-Nov-2025 09:23:00 UTC] [Soltour API info]   - budget_data: array - array com 13 items
[16-Nov-2025 09:23:00 UTC] [Soltour API info]   - passengers: array - array com 1 items
[16-Nov-2025 09:23:00 UTC] [Soltour API info]   - client_data: array - array com 5 items
[16-Nov-2025 09:23:00 UTC] [Soltour API info]   - trip_data: array - array com 8 items
[16-Nov-2025 09:23:00 UTC] [Soltour API info] Dados recebidos:
[16-Nov-2025 09:23:00 UTC] [Soltour API info]   - Passageiros: 1
[16-Nov-2025 09:23:00 UTC] [Soltour API info]   - Cliente: André Luiz Ribeiro
[16-Nov-2025 09:23:00 UTC] [Soltour API info]   - Hotel: Serenade Punta Cana Beach & Spa Resort
[16-Nov-2025 09:23:00 UTC] [Soltour API info] Cotação gerada: BT-691997f41e4023.44270411
[16-Nov-2025 09:23:00 UTC] [Soltour API info] Enviando email para agência...
[16-Nov-2025 09:23:00 UTC] [Soltour API info] MODO TESTE ATIVADO: Email redirecionado de reservas@beautytravel.pt para andre@wpexperts.pt
[16-Nov-2025 09:23:00 UTC] Loaded file: blur_effects.php
[16-Nov-2025 09:23:00 UTC] Loaded file: rkit_post_duplicator.php
[16-Nov-2025 09:23:00 UTC] Loaded file: rkit_tool_tips.php
[16-Nov-2025 09:23:00 UTC] Loaded file: rkit_wrapper_link.php
[16-Nov-2025 09:23:00 UTC] Class not found: \RomethemeKit\Rkit_Custom_Cursor
[16-Nov-2025 09:23:00 UTC] Instantiated class: \RomethemeKit\RkitDuplicator
[16-Nov-2025 09:23:00 UTC] Instantiated class: \RomethemeKit\BlurEffects
[16-Nov-2025 09:23:00 UTC] Class not found: \RomethemeKit\Rkit_Sticky_Content
[16-Nov-2025 09:23:00 UTC] Instantiated class: \RomethemeKit\RkitToolTips
[16-Nov-2025 09:23:00 UTC] Instantiated class: \RomethemeKit\RkitWrapperLink
[16-Nov-2025 09:23:00 UTC] [Soltour API info] Email enviado para agência com sucesso
[16-Nov-2025 09:23:00 UTC] [Soltour API info] Enviando email para cliente...
[16-Nov-2025 09:23:00 UTC] [Soltour API info] MODO TESTE ATIVADO: Email redirecionado de andre_luiz_13@hotmail.com para andre@wpexperts.pt
[16-Nov-2025 09:23:01 UTC] [Soltour API info] Email enviado para cliente com sucesso
[16-Nov-2025 09:23:01 UTC] [Soltour API info] Cotação salva no banco de dados com ID: 1
[16-Nov-2025 09:23:01 UTC] [Soltour API info] Cotação finalizada com sucesso: BT-691997f41e4023.44270411
[16-Nov-2025 09:23:05 UTC] Loaded file: blur_effects.php
[16-Nov-2025 09:23:05 UTC] Loaded file: rkit_post_duplicator.php
[16-Nov-2025 09:23:05 UTC] Loaded file: rkit_tool_tips.php
[16-Nov-2025 09:23:05 UTC] Loaded file: rkit_wrapper_link.php
[16-Nov-2025 09:23:05 UTC] Class not found: \RomethemeKit\Rkit_Custom_Cursor
[16-Nov-2025 09:23:05 UTC] Instantiated class: \RomethemeKit\RkitDuplicator
[16-Nov-2025 09:23:05 UTC] Instantiated class: \RomethemeKit\BlurEffects
[16-Nov-2025 09:23:05 UTC] Class not found: \RomethemeKit\Rkit_Sticky_Content
[16-Nov-2025 09:23:05 UTC] Instantiated class: \RomethemeKit\RkitToolTips
[16-Nov-2025 09:23:05 UTC] Instantiated class: \RomethemeKit\RkitWrapperLink
[16-Nov-2025 09:23:11 UTC] Loaded file: blur_effects.php
[16-Nov-2025 09:23:11 UTC] Loaded file: rkit_post_duplicator.php
[16-Nov-2025 09:23:11 UTC] Loaded file: rkit_tool_tips.php
[16-Nov-2025 09:23:11 UTC] Loaded file: rkit_wrapper_link.php
[16-Nov-2025 09:23:11 UTC] Class not found: \RomethemeKit\Rkit_Custom_Cursor
[16-Nov-2025 09:23:11 UTC] Instantiated class: \RomethemeKit\RkitDuplicator
[16-Nov-2025 09:23:11 UTC] Instantiated class: \RomethemeKit\BlurEffects
[16-Nov-2025 09:23:11 UTC] Class not found: \RomethemeKit\Rkit_Sticky_Content
[16-Nov-2025 09:23:11 UTC] Instantiated class: \RomethemeKit\RkitToolTips
[16-Nov-2025 09:23:11 UTC] Instantiated class: \RomethemeKit\RkitWrapperLink
[16-Nov-2025 09:23:14 UTC] Loaded file: blur_effects.php
[16-Nov-2025 09:23:14 UTC] Loaded file: rkit_post_duplicator.php
[16-Nov-2025 09:23:14 UTC] Loaded file: rkit_tool_tips.php
[16-Nov-2025 09:23:14 UTC] Loaded file: rkit_wrapper_link.php
[16-Nov-2025 09:23:14 UTC] Class not found: \RomethemeKit\Rkit_Custom_Cursor
[16-Nov-2025 09:23:14 UTC] Instantiated class: \RomethemeKit\RkitDuplicator
[16-Nov-2025 09:23:14 UTC] Instantiated class: \RomethemeKit\BlurEffects
[16-Nov-2025 09:23:14 UTC] Class not found: \RomethemeKit\Rkit_Sticky_Content
[16-Nov-2025 09:23:14 UTC] Instantiated class: \RomethemeKit\RkitToolTips
[16-Nov-2025 09:23:14 UTC] Instantiated class: \RomethemeKit\RkitWrapperLink
[16-Nov-2025 09:23:24 UTC] Loaded file: blur_effects.php
[16-Nov-2025 09:23:24 UTC] Loaded file: rkit_post_duplicator.php
[16-Nov-2025 09:23:24 UTC] Loaded file: rkit_tool_tips.php
[16-Nov-2025 09:23:24 UTC] Loaded file: rkit_wrapper_link.php
[16-Nov-2025 09:23:24 UTC] Class not found: \RomethemeKit\Rkit_Custom_Cursor
[16-Nov-2025 09:23:24 UTC] Instantiated class: \RomethemeKit\RkitDuplicator
[16-Nov-2025 09:23:24 UTC] Instantiated class: \RomethemeKit\BlurEffects
[16-Nov-2025 09:23:24 UTC] Class not found: \RomethemeKit\Rkit_Sticky_Content
[16-Nov-2025 09:23:24 UTC] Instantiated class: \RomethemeKit\RkitToolTips
[16-Nov-2025 09:23:24 UTC] Instantiated class: \RomethemeKit\RkitWrapperLink
[16-Nov-2025 09:23:28 UTC] Loaded file: blur_effects.php
[16-Nov-2025 09:23:28 UTC] Loaded file: rkit_post_duplicator.php
[16-Nov-2025 09:23:28 UTC] Loaded file: rkit_tool_tips.php
[16-Nov-2025 09:23:28 UTC] Loaded file: rkit_wrapper_link.php
[16-Nov-2025 09:23:28 UTC] Class not found: \RomethemeKit\Rkit_Custom_Cursor
[16-Nov-2025 09:23:28 UTC] Instantiated class: \RomethemeKit\RkitDuplicator
[16-Nov-2025 09:23:28 UTC] Instantiated class: \RomethemeKit\BlurEffects
[16-Nov-2025 09:23:28 UTC] Class not found: \RomethemeKit\Rkit_Sticky_Content
[16-Nov-2025 09:23:28 UTC] Instantiated class: \RomethemeKit\RkitToolTips
[16-Nov-2025 09:23:28 UTC] Instantiated class: \RomethemeKit\RkitWrapperLink
[16-Nov-2025 09:23:28 UTC] Loaded file: blur_effects.php
[16-Nov-2025 09:23:28 UTC] Loaded file: rkit_post_duplicator.php
[16-Nov-2025 09:23:28 UTC] Loaded file: rkit_tool_tips.php
[16-Nov-2025 09:23:28 UTC] Loaded file: rkit_wrapper_link.php
[16-Nov-2025 09:23:28 UTC] Class not found: \RomethemeKit\Rkit_Custom_Cursor
[16-Nov-2025 09:23:28 UTC] Instantiated class: \RomethemeKit\RkitDuplicator
[16-Nov-2025 09:23:28 UTC] Instantiated class: \RomethemeKit\BlurEffects
[16-Nov-2025 09:23:28 UTC] Class not found: \RomethemeKit\Rkit_Sticky_Content
[16-Nov-2025 09:23:28 UTC] Instantiated class: \RomethemeKit\RkitToolTips
[16-Nov-2025 09:23:28 UTC] Instantiated class: \RomethemeKit\RkitWrapperLink
[16-Nov-2025 09:23:30 UTC] Loaded file: blur_effects.php
[16-Nov-2025 09:23:30 UTC] Loaded file: rkit_post_duplicator.php
[16-Nov-2025 09:23:30 UTC] Loaded file: rkit_tool_tips.php
[16-Nov-2025 09:23:30 UTC] Loaded file: rkit_wrapper_link.php
[16-Nov-2025 09:23:30 UTC] Class not found: \RomethemeKit\Rkit_Custom_Cursor
[16-Nov-2025 09:23:30 UTC] Instantiated class: \RomethemeKit\RkitDuplicator
[16-Nov-2025 09:23:30 UTC] Instantiated class: \RomethemeKit\BlurEffects
[16-Nov-2025 09:23:30 UTC] Class not found: \RomethemeKit\Rkit_Sticky_Content
[16-Nov-2025 09:23:30 UTC] Instantiated class: \RomethemeKit\RkitToolTips
[16-Nov-2025 09:23:30 UTC] Instantiated class: \RomethemeKit\RkitWrapperLink
[16-Nov-2025 09:23:50 UTC] Loaded file: blur_effects.php
[16-Nov-2025 09:23:50 UTC] Loaded file: rkit_post_duplicator.php
[16-Nov-2025 09:23:50 UTC] Loaded file: rkit_tool_tips.php
[16-Nov-2025 09:23:50 UTC] Loaded file: rkit_wrapper_link.php
[16-Nov-2025 09:23:50 UTC] Class not found: \RomethemeKit\Rkit_Custom_Cursor
[16-Nov-2025 09:23:50 UTC] Instantiated class: \RomethemeKit\RkitDuplicator
[16-Nov-2025 09:23:50 UTC] Instantiated class: \RomethemeKit\BlurEffects
[16-Nov-2025 09:23:50 UTC] Class not found: \RomethemeKit\Rkit_Sticky_Content
[16-Nov-2025 09:23:50 UTC] Instantiated class: \RomethemeKit\RkitToolTips
[16-Nov-2025 09:23:50 UTC] Instantiated class: \RomethemeKit\RkitWrapperLink
[16-Nov-2025 09:23:51 UTC] Loaded file: blur_effects.php
[16-Nov-2025 09:23:51 UTC] Loaded file: rkit_post_duplicator.php
[16-Nov-2025 09:23:51 UTC] Loaded file: rkit_tool_tips.php
[16-Nov-2025 09:23:51 UTC] Loaded file: rkit_wrapper_link.php
[16-Nov-2025 09:23:51 UTC] Class not found: \RomethemeKit\Rkit_Custom_Cursor
[16-Nov-2025 09:23:51 UTC] Instantiated class: \RomethemeKit\RkitDuplicator
[16-Nov-2025 09:23:51 UTC] Instantiated class: \RomethemeKit\BlurEffects
[16-Nov-2025 09:23:51 UTC] Class not found: \RomethemeKit\Rkit_Sticky_Content
[16-Nov-2025 09:23:51 UTC] Instantiated class: \RomethemeKit\RkitToolTips
[16-Nov-2025 09:23:51 UTC] Instantiated class: \RomethemeKit\RkitWrapperLink
[16-Nov-2025 09:23:55 UTC] Loaded file: blur_effects.php
[16-Nov-2025 09:23:55 UTC] Loaded file: rkit_post_duplicator.php
[16-Nov-2025 09:23:55 UTC] Loaded file: rkit_tool_tips.php
[16-Nov-2025 09:23:55 UTC] Loaded file: rkit_wrapper_link.php
[16-Nov-2025 09:23:55 UTC] Class not found: \RomethemeKit\Rkit_Custom_Cursor
[16-Nov-2025 09:23:55 UTC] Instantiated class: \RomethemeKit\RkitDuplicator
[16-Nov-2025 09:23:55 UTC] Instantiated class: \RomethemeKit\BlurEffects
[16-Nov-2025 09:23:55 UTC] Class not found: \RomethemeKit\Rkit_Sticky_Content
[16-Nov-2025 09:23:55 UTC] Instantiated class: \RomethemeKit\RkitToolTips
[16-Nov-2025 09:23:55 UTC] Instantiated class: \RomethemeKit\RkitWrapperLink
