[16-Nov-2025 00:05:35 UTC] Loaded file: blur_effects.php
[16-Nov-2025 00:05:35 UTC] Loaded file: rkit_post_duplicator.php
[16-Nov-2025 00:05:35 UTC] Loaded file: rkit_tool_tips.php
[16-Nov-2025 00:05:35 UTC] Loaded file: rkit_wrapper_link.php
[16-Nov-2025 00:05:35 UTC] Class not found: \RomethemeKit\Rkit_Custom_Cursor
[16-Nov-2025 00:05:35 UTC] Instantiated class: \RomethemeKit\RkitDuplicator
[16-Nov-2025 00:05:35 UTC] Instantiated class: \RomethemeKit\BlurEffects
[16-Nov-2025 00:05:35 UTC] Class not found: \RomethemeKit\Rkit_Sticky_Content
[16-Nov-2025 00:05:35 UTC] Instantiated class: \RomethemeKit\RkitToolTips
[16-Nov-2025 00:05:35 UTC] Instantiated class: \RomethemeKit\RkitWrapperLink
[16-Nov-2025 00:05:36 UTC] Soltour Booking V2: Plugin desativado
[16-Nov-2025 00:05:36 UTC] Loaded file: blur_effects.php
[16-Nov-2025 00:05:36 UTC] Loaded file: rkit_post_duplicator.php
[16-Nov-2025 00:05:36 UTC] Loaded file: rkit_tool_tips.php
[16-Nov-2025 00:05:36 UTC] Loaded file: rkit_wrapper_link.php
[16-Nov-2025 00:05:36 UTC] Class not found: \RomethemeKit\Rkit_Custom_Cursor
[16-Nov-2025 00:05:36 UTC] Instantiated class: \RomethemeKit\RkitDuplicator
[16-Nov-2025 00:05:36 UTC] Instantiated class: \RomethemeKit\BlurEffects
[16-Nov-2025 00:05:36 UTC] Class not found: \RomethemeKit\Rkit_Sticky_Content
[16-Nov-2025 00:05:36 UTC] Instantiated class: \RomethemeKit\RkitToolTips
[16-Nov-2025 00:05:36 UTC] Instantiated class: \RomethemeKit\RkitWrapperLink
[16-Nov-2025 00:05:36 UTC] [Soltour API info] Request to login/login: {"brand":"SOLTOUR","market":"XMLPT","languageCode":"PT","username":"BEAUTYT999","password":"XMLBEAUTYT999"}
[16-Nov-2025 00:05:36 UTC] [Soltour API info] Response from login/login: {"sessionToken":"eyJhbGciOiJIUzI1NiIsInR5cCI6IkpXVCJ9.eyJ1IjoiQkVBVVRZVDk5OSIsImRiaSI6IjQwMDM5MjU3IiwiYiI6IlNPTFRPVVIiLCJtIjoiWE1MUFQiLCJsbmciOiJQVCIsImNsIjoiQkVBVVRZVCIsIm9mIjoiOTk5IiwiYXBwIjpudWxsLCJtYWlsIjoiY3VuaGFAYmVhdXR5dHJhdmVsLnB0IiwicmwiOlsiQUdFTkNJQSIsIkNPTVVOIiwiQ09OU1VMVEEiLCJGQUNUVVJBQ0lPTiIsIk5FV19XRUIiXSwidG0iOjE3NjMyNTE1MzY2MjcsInN0cHRtIjpudWxsLCJzdHBqd3QiOm51bGwsInN0cGlkIjpudWxsLCJvdmMiOmZhbHNlLCJzZWxsIjp0cnVlLCJhcHQiOm51bGwsImRldCI6dHJ1ZSwibmV4cCI6dHJ1ZSwic2VpeiI6ZmFsc2UsInVhZ0
[16-Nov-2025 00:05:36 UTC] [Soltour API info] Session token obtido com sucesso
[16-Nov-2025 00:05:36 UTC] Loaded file: blur_effects.php
[16-Nov-2025 00:05:36 UTC] Loaded file: rkit_post_duplicator.php
[16-Nov-2025 00:05:36 UTC] Loaded file: rkit_tool_tips.php
[16-Nov-2025 00:05:36 UTC] Loaded file: rkit_wrapper_link.php
[16-Nov-2025 00:05:36 UTC] Class not found: \RomethemeKit\Rkit_Custom_Cursor
[16-Nov-2025 00:05:36 UTC] Instantiated class: \RomethemeKit\RkitDuplicator
[16-Nov-2025 00:05:36 UTC] Instantiated class: \RomethemeKit\BlurEffects
[16-Nov-2025 00:05:36 UTC] Class not found: \RomethemeKit\Rkit_Sticky_Content
[16-Nov-2025 00:05:36 UTC] Instantiated class: \RomethemeKit\RkitToolTips
[16-Nov-2025 00:05:36 UTC] Instantiated class: \RomethemeKit\RkitWrapperLink
[16-Nov-2025 00:05:41 UTC] Loaded file: blur_effects.php
[16-Nov-2025 00:05:41 UTC] Loaded file: rkit_post_duplicator.php
[16-Nov-2025 00:05:41 UTC] Loaded file: rkit_tool_tips.php
[16-Nov-2025 00:05:41 UTC] Loaded file: rkit_wrapper_link.php
[16-Nov-2025 00:05:41 UTC] Class not found: \RomethemeKit\Rkit_Custom_Cursor
[16-Nov-2025 00:05:41 UTC] Instantiated class: \RomethemeKit\RkitDuplicator
[16-Nov-2025 00:05:41 UTC] Instantiated class: \RomethemeKit\BlurEffects
[16-Nov-2025 00:05:41 UTC] Class not found: \RomethemeKit\Rkit_Sticky_Content
[16-Nov-2025 00:05:41 UTC] Instantiated class: \RomethemeKit\RkitToolTips
[16-Nov-2025 00:05:41 UTC] Instantiated class: \RomethemeKit\RkitWrapperLink
[16-Nov-2025 00:05:42 UTC] Loaded file: blur_effects.php
[16-Nov-2025 00:05:42 UTC] Loaded file: rkit_post_duplicator.php
[16-Nov-2025 00:05:42 UTC] Loaded file: rkit_tool_tips.php
[16-Nov-2025 00:05:42 UTC] Loaded file: rkit_wrapper_link.php
[16-Nov-2025 00:05:42 UTC] Class not found: \RomethemeKit\Rkit_Custom_Cursor
[16-Nov-2025 00:05:42 UTC] Instantiated class: \RomethemeKit\RkitDuplicator
[16-Nov-2025 00:05:42 UTC] Instantiated class: \RomethemeKit\BlurEffects
[16-Nov-2025 00:05:42 UTC] Class not found: \RomethemeKit\Rkit_Sticky_Content
[16-Nov-2025 00:05:42 UTC] Instantiated class: \RomethemeKit\RkitToolTips
[16-Nov-2025 00:05:42 UTC] Instantiated class: \RomethemeKit\RkitWrapperLink
[16-Nov-2025 00:06:38 UTC] Loaded file: blur_effects.php
[16-Nov-2025 00:06:38 UTC] Loaded file: rkit_post_duplicator.php
[16-Nov-2025 00:06:38 UTC] Loaded file: rkit_tool_tips.php
[16-Nov-2025 00:06:38 UTC] Loaded file: rkit_wrapper_link.php
[16-Nov-2025 00:06:38 UTC] Class not found: \RomethemeKit\Rkit_Custom_Cursor
[16-Nov-2025 00:06:38 UTC] Instantiated class: \RomethemeKit\RkitDuplicator
[16-Nov-2025 00:06:38 UTC] Instantiated class: \RomethemeKit\BlurEffects
[16-Nov-2025 00:06:38 UTC] Class not found: \RomethemeKit\Rkit_Sticky_Content
[16-Nov-2025 00:06:38 UTC] Instantiated class: \RomethemeKit\RkitToolTips
[16-Nov-2025 00:06:38 UTC] Instantiated class: \RomethemeKit\RkitWrapperLink
[16-Nov-2025 00:06:38 UTC] Loaded file: blur_effects.php
[16-Nov-2025 00:06:38 UTC] Loaded file: rkit_post_duplicator.php
[16-Nov-2025 00:06:38 UTC] Loaded file: rkit_tool_tips.php
[16-Nov-2025 00:06:38 UTC] Loaded file: rkit_wrapper_link.php
[16-Nov-2025 00:06:38 UTC] Class not found: \RomethemeKit\Rkit_Custom_Cursor
[16-Nov-2025 00:06:38 UTC] Instantiated class: \RomethemeKit\RkitDuplicator
[16-Nov-2025 00:06:38 UTC] Instantiated class: \RomethemeKit\BlurEffects
[16-Nov-2025 00:06:38 UTC] Class not found: \RomethemeKit\Rkit_Sticky_Content
[16-Nov-2025 00:06:38 UTC] Instantiated class: \RomethemeKit\RkitToolTips
[16-Nov-2025 00:06:38 UTC] Instantiated class: \RomethemeKit\RkitWrapperLink
[16-Nov-2025 00:06:39 UTC] Loaded file: blur_effects.php
[16-Nov-2025 00:06:39 UTC] Loaded file: rkit_post_duplicator.php
[16-Nov-2025 00:06:39 UTC] Loaded file: rkit_tool_tips.php
[16-Nov-2025 00:06:39 UTC] Loaded file: rkit_wrapper_link.php
[16-Nov-2025 00:06:39 UTC] Class not found: \RomethemeKit\Rkit_Custom_Cursor
[16-Nov-2025 00:06:39 UTC] Instantiated class: \RomethemeKit\RkitDuplicator
[16-Nov-2025 00:06:39 UTC] Instantiated class: \RomethemeKit\BlurEffects
[16-Nov-2025 00:06:39 UTC] Class not found: \RomethemeKit\Rkit_Sticky_Content
[16-Nov-2025 00:06:39 UTC] Instantiated class: \RomethemeKit\RkitToolTips
[16-Nov-2025 00:06:39 UTC] Instantiated class: \RomethemeKit\RkitWrapperLink
[16-Nov-2025 00:06:55 UTC] Loaded file: blur_effects.php
[16-Nov-2025 00:06:55 UTC] Loaded file: rkit_post_duplicator.php
[16-Nov-2025 00:06:55 UTC] Loaded file: rkit_tool_tips.php
[16-Nov-2025 00:06:55 UTC] Loaded file: rkit_wrapper_link.php
[16-Nov-2025 00:06:55 UTC] Class not found: \RomethemeKit\Rkit_Custom_Cursor
[16-Nov-2025 00:06:55 UTC] Instantiated class: \RomethemeKit\RkitDuplicator
[16-Nov-2025 00:06:55 UTC] Instantiated class: \RomethemeKit\BlurEffects
[16-Nov-2025 00:06:55 UTC] Class not found: \RomethemeKit\Rkit_Sticky_Content
[16-Nov-2025 00:06:55 UTC] Instantiated class: \RomethemeKit\RkitToolTips
[16-Nov-2025 00:06:55 UTC] Instantiated class: \RomethemeKit\RkitWrapperLink
[16-Nov-2025 00:06:56 UTC] Loaded file: blur_effects.php
[16-Nov-2025 00:06:56 UTC] Loaded file: rkit_post_duplicator.php
[16-Nov-2025 00:06:56 UTC] Loaded file: rkit_tool_tips.php
[16-Nov-2025 00:06:56 UTC] Loaded file: rkit_wrapper_link.php
[16-Nov-2025 00:06:56 UTC] Class not found: \RomethemeKit\Rkit_Custom_Cursor
[16-Nov-2025 00:06:56 UTC] Instantiated class: \RomethemeKit\RkitDuplicator
[16-Nov-2025 00:06:56 UTC] Instantiated class: \RomethemeKit\BlurEffects
[16-Nov-2025 00:06:56 UTC] Class not found: \RomethemeKit\Rkit_Sticky_Content
[16-Nov-2025 00:06:56 UTC] Instantiated class: \RomethemeKit\RkitToolTips
[16-Nov-2025 00:06:56 UTC] Instantiated class: \RomethemeKit\RkitWrapperLink
[16-Nov-2025 00:07:58 UTC] Loaded file: blur_effects.php
[16-Nov-2025 00:07:58 UTC] Loaded file: rkit_post_duplicator.php
[16-Nov-2025 00:07:58 UTC] Loaded file: rkit_tool_tips.php
[16-Nov-2025 00:07:58 UTC] Loaded file: rkit_wrapper_link.php
[16-Nov-2025 00:07:58 UTC] Class not found: \RomethemeKit\Rkit_Custom_Cursor
[16-Nov-2025 00:07:58 UTC] Instantiated class: \RomethemeKit\RkitDuplicator
[16-Nov-2025 00:07:58 UTC] Instantiated class: \RomethemeKit\BlurEffects
[16-Nov-2025 00:07:58 UTC] Class not found: \RomethemeKit\Rkit_Sticky_Content
[16-Nov-2025 00:07:58 UTC] Instantiated class: \RomethemeKit\RkitToolTips
[16-Nov-2025 00:07:58 UTC] Instantiated class: \RomethemeKit\RkitWrapperLink
[16-Nov-2025 00:07:58 UTC] Loaded file: blur_effects.php
[16-Nov-2025 00:07:58 UTC] Loaded file: rkit_post_duplicator.php
[16-Nov-2025 00:07:58 UTC] Loaded file: rkit_tool_tips.php
[16-Nov-2025 00:07:58 UTC] Loaded file: rkit_wrapper_link.php
[16-Nov-2025 00:07:58 UTC] Class not found: \RomethemeKit\Rkit_Custom_Cursor
[16-Nov-2025 00:07:58 UTC] Instantiated class: \RomethemeKit\RkitDuplicator
[16-Nov-2025 00:07:58 UTC] Instantiated class: \RomethemeKit\BlurEffects
[16-Nov-2025 00:07:58 UTC] Class not found: \RomethemeKit\Rkit_Sticky_Content
[16-Nov-2025 00:07:58 UTC] Instantiated class: \RomethemeKit\RkitToolTips
[16-Nov-2025 00:07:58 UTC] Instantiated class: \RomethemeKit\RkitWrapperLink
[16-Nov-2025 00:08:44 UTC] Loaded file: blur_effects.php
[16-Nov-2025 00:08:44 UTC] Loaded file: rkit_post_duplicator.php
[16-Nov-2025 00:08:44 UTC] Loaded file: rkit_tool_tips.php
[16-Nov-2025 00:08:44 UTC] Loaded file: rkit_wrapper_link.php
[16-Nov-2025 00:08:44 UTC] Class not found: \RomethemeKit\Rkit_Custom_Cursor
[16-Nov-2025 00:08:44 UTC] Instantiated class: \RomethemeKit\RkitDuplicator
[16-Nov-2025 00:08:44 UTC] Instantiated class: \RomethemeKit\BlurEffects
[16-Nov-2025 00:08:44 UTC] Class not found: \RomethemeKit\Rkit_Sticky_Content
[16-Nov-2025 00:08:44 UTC] Instantiated class: \RomethemeKit\RkitToolTips
[16-Nov-2025 00:08:44 UTC] Instantiated class: \RomethemeKit\RkitWrapperLink
[16-Nov-2025 00:08:45 UTC] Loaded file: blur_effects.php
[16-Nov-2025 00:08:45 UTC] Loaded file: rkit_post_duplicator.php
[16-Nov-2025 00:08:45 UTC] Loaded file: rkit_tool_tips.php
[16-Nov-2025 00:08:45 UTC] Loaded file: rkit_wrapper_link.php
[16-Nov-2025 00:08:45 UTC] Class not found: \RomethemeKit\Rkit_Custom_Cursor
[16-Nov-2025 00:08:45 UTC] Instantiated class: \RomethemeKit\RkitDuplicator
[16-Nov-2025 00:08:45 UTC] Instantiated class: \RomethemeKit\BlurEffects
[16-Nov-2025 00:08:45 UTC] Class not found: \RomethemeKit\Rkit_Sticky_Content
[16-Nov-2025 00:08:45 UTC] Instantiated class: \RomethemeKit\RkitToolTips
[16-Nov-2025 00:08:45 UTC] Instantiated class: \RomethemeKit\RkitWrapperLink
[16-Nov-2025 00:08:51 UTC] Loaded file: blur_effects.php
[16-Nov-2025 00:08:51 UTC] Loaded file: rkit_post_duplicator.php
[16-Nov-2025 00:08:51 UTC] Loaded file: rkit_tool_tips.php
[16-Nov-2025 00:08:51 UTC] Loaded file: rkit_wrapper_link.php
[16-Nov-2025 00:08:51 UTC] Class not found: \RomethemeKit\Rkit_Custom_Cursor
[16-Nov-2025 00:08:51 UTC] Instantiated class: \RomethemeKit\RkitDuplicator
[16-Nov-2025 00:08:51 UTC] Instantiated class: \RomethemeKit\BlurEffects
[16-Nov-2025 00:08:51 UTC] Class not found: \RomethemeKit\Rkit_Sticky_Content
[16-Nov-2025 00:08:51 UTC] Instantiated class: \RomethemeKit\RkitToolTips
[16-Nov-2025 00:08:51 UTC] Instantiated class: \RomethemeKit\RkitWrapperLink
[16-Nov-2025 00:08:53 UTC] Loaded file: blur_effects.php
[16-Nov-2025 00:08:53 UTC] Loaded file: rkit_post_duplicator.php
[16-Nov-2025 00:08:53 UTC] Loaded file: rkit_tool_tips.php
[16-Nov-2025 00:08:53 UTC] Loaded file: rkit_wrapper_link.php
[16-Nov-2025 00:08:53 UTC] Class not found: \RomethemeKit\Rkit_Custom_Cursor
[16-Nov-2025 00:08:53 UTC] Instantiated class: \RomethemeKit\RkitDuplicator
[16-Nov-2025 00:08:53 UTC] Instantiated class: \RomethemeKit\BlurEffects
[16-Nov-2025 00:08:53 UTC] Class not found: \RomethemeKit\Rkit_Sticky_Content
[16-Nov-2025 00:08:53 UTC] Instantiated class: \RomethemeKit\RkitToolTips
[16-Nov-2025 00:08:53 UTC] Instantiated class: \RomethemeKit\RkitWrapperLink
[16-Nov-2025 00:08:55 UTC] Soltour Booking V2: Plugin ativado com sucesso
[16-Nov-2025 00:08:55 UTC] Loaded file: blur_effects.php
[16-Nov-2025 00:08:55 UTC] Loaded file: rkit_post_duplicator.php
[16-Nov-2025 00:08:55 UTC] Loaded file: rkit_tool_tips.php
[16-Nov-2025 00:08:55 UTC] Loaded file: rkit_wrapper_link.php
[16-Nov-2025 00:08:55 UTC] Class not found: \RomethemeKit\Rkit_Custom_Cursor
[16-Nov-2025 00:08:55 UTC] Instantiated class: \RomethemeKit\RkitDuplicator
[16-Nov-2025 00:08:55 UTC] Instantiated class: \RomethemeKit\BlurEffects
[16-Nov-2025 00:08:55 UTC] Class not found: \RomethemeKit\Rkit_Sticky_Content
[16-Nov-2025 00:08:55 UTC] Instantiated class: \RomethemeKit\RkitToolTips
[16-Nov-2025 00:08:55 UTC] Instantiated class: \RomethemeKit\RkitWrapperLink
[16-Nov-2025 00:08:59 UTC] Loaded file: blur_effects.php
[16-Nov-2025 00:08:59 UTC] Loaded file: rkit_post_duplicator.php
[16-Nov-2025 00:08:59 UTC] Loaded file: rkit_tool_tips.php
[16-Nov-2025 00:08:59 UTC] Loaded file: rkit_wrapper_link.php
[16-Nov-2025 00:08:59 UTC] Class not found: \RomethemeKit\Rkit_Custom_Cursor
[16-Nov-2025 00:08:59 UTC] Instantiated class: \RomethemeKit\RkitDuplicator
[16-Nov-2025 00:08:59 UTC] Instantiated class: \RomethemeKit\BlurEffects
[16-Nov-2025 00:08:59 UTC] Class not found: \RomethemeKit\Rkit_Sticky_Content
[16-Nov-2025 00:08:59 UTC] Instantiated class: \RomethemeKit\RkitToolTips
[16-Nov-2025 00:08:59 UTC] Instantiated class: \RomethemeKit\RkitWrapperLink
[16-Nov-2025 00:08:59 UTC] Loaded file: blur_effects.php
[16-Nov-2025 00:08:59 UTC] Loaded file: rkit_post_duplicator.php
[16-Nov-2025 00:08:59 UTC] Loaded file: rkit_tool_tips.php
[16-Nov-2025 00:08:59 UTC] Loaded file: rkit_wrapper_link.php
[16-Nov-2025 00:08:59 UTC] Class not found: \RomethemeKit\Rkit_Custom_Cursor
[16-Nov-2025 00:08:59 UTC] Instantiated class: \RomethemeKit\RkitDuplicator
[16-Nov-2025 00:08:59 UTC] Instantiated class: \RomethemeKit\BlurEffects
[16-Nov-2025 00:08:59 UTC] Class not found: \RomethemeKit\Rkit_Sticky_Content
[16-Nov-2025 00:08:59 UTC] Instantiated class: \RomethemeKit\RkitToolTips
[16-Nov-2025 00:08:59 UTC] Instantiated class: \RomethemeKit\RkitWrapperLink
[16-Nov-2025 00:09:01 UTC] Loaded file: blur_effects.php
[16-Nov-2025 00:09:01 UTC] Loaded file: rkit_post_duplicator.php
[16-Nov-2025 00:09:01 UTC] Loaded file: rkit_tool_tips.php
[16-Nov-2025 00:09:01 UTC] Loaded file: rkit_wrapper_link.php
[16-Nov-2025 00:09:01 UTC] Class not found: \RomethemeKit\Rkit_Custom_Cursor
[16-Nov-2025 00:09:01 UTC] Instantiated class: \RomethemeKit\RkitDuplicator
[16-Nov-2025 00:09:01 UTC] Instantiated class: \RomethemeKit\BlurEffects
[16-Nov-2025 00:09:01 UTC] Class not found: \RomethemeKit\Rkit_Sticky_Content
[16-Nov-2025 00:09:01 UTC] Instantiated class: \RomethemeKit\RkitToolTips
[16-Nov-2025 00:09:01 UTC] Instantiated class: \RomethemeKit\RkitWrapperLink
[16-Nov-2025 00:09:02 UTC] Loaded file: blur_effects.php
[16-Nov-2025 00:09:02 UTC] Loaded file: rkit_post_duplicator.php
[16-Nov-2025 00:09:02 UTC] Loaded file: rkit_tool_tips.php
[16-Nov-2025 00:09:02 UTC] Loaded file: rkit_wrapper_link.php
[16-Nov-2025 00:09:02 UTC] Class not found: \RomethemeKit\Rkit_Custom_Cursor
[16-Nov-2025 00:09:02 UTC] Instantiated class: \RomethemeKit\RkitDuplicator
[16-Nov-2025 00:09:02 UTC] Instantiated class: \RomethemeKit\BlurEffects
[16-Nov-2025 00:09:02 UTC] Class not found: \RomethemeKit\Rkit_Sticky_Content
[16-Nov-2025 00:09:02 UTC] Instantiated class: \RomethemeKit\RkitToolTips
[16-Nov-2025 00:09:02 UTC] Instantiated class: \RomethemeKit\RkitWrapperLink
[16-Nov-2025 00:09:06 UTC] Loaded file: blur_effects.php
[16-Nov-2025 00:09:06 UTC] Loaded file: rkit_post_duplicator.php
[16-Nov-2025 00:09:06 UTC] Loaded file: rkit_tool_tips.php
[16-Nov-2025 00:09:06 UTC] Loaded file: rkit_wrapper_link.php
[16-Nov-2025 00:09:06 UTC] Class not found: \RomethemeKit\Rkit_Custom_Cursor
[16-Nov-2025 00:09:06 UTC] Instantiated class: \RomethemeKit\RkitDuplicator
[16-Nov-2025 00:09:06 UTC] Instantiated class: \RomethemeKit\BlurEffects
[16-Nov-2025 00:09:06 UTC] Class not found: \RomethemeKit\Rkit_Sticky_Content
[16-Nov-2025 00:09:06 UTC] Instantiated class: \RomethemeKit\RkitToolTips
[16-Nov-2025 00:09:06 UTC] Instantiated class: \RomethemeKit\RkitWrapperLink
[16-Nov-2025 00:09:07 UTC] Loaded file: blur_effects.php
[16-Nov-2025 00:09:07 UTC] Loaded file: rkit_post_duplicator.php
[16-Nov-2025 00:09:07 UTC] Loaded file: rkit_tool_tips.php
[16-Nov-2025 00:09:07 UTC] Loaded file: rkit_wrapper_link.php
[16-Nov-2025 00:09:07 UTC] Class not found: \RomethemeKit\Rkit_Custom_Cursor
[16-Nov-2025 00:09:07 UTC] Instantiated class: \RomethemeKit\RkitDuplicator
[16-Nov-2025 00:09:07 UTC] Instantiated class: \RomethemeKit\BlurEffects
[16-Nov-2025 00:09:07 UTC] Class not found: \RomethemeKit\Rkit_Sticky_Content
[16-Nov-2025 00:09:07 UTC] Instantiated class: \RomethemeKit\RkitToolTips
[16-Nov-2025 00:09:07 UTC] Instantiated class: \RomethemeKit\RkitWrapperLink
[16-Nov-2025 00:09:07 UTC] Loaded file: blur_effects.php
[16-Nov-2025 00:09:07 UTC] Loaded file: rkit_post_duplicator.php
[16-Nov-2025 00:09:07 UTC] Loaded file: rkit_tool_tips.php
[16-Nov-2025 00:09:07 UTC] Loaded file: rkit_wrapper_link.php
[16-Nov-2025 00:09:07 UTC] Class not found: \RomethemeKit\Rkit_Custom_Cursor
[16-Nov-2025 00:09:07 UTC] Instantiated class: \RomethemeKit\RkitDuplicator
[16-Nov-2025 00:09:07 UTC] Instantiated class: \RomethemeKit\BlurEffects
[16-Nov-2025 00:09:07 UTC] Class not found: \RomethemeKit\Rkit_Sticky_Content
[16-Nov-2025 00:09:07 UTC] Instantiated class: \RomethemeKit\RkitToolTips
[16-Nov-2025 00:09:07 UTC] Instantiated class: \RomethemeKit\RkitWrapperLink
[16-Nov-2025 00:09:11 UTC] Loaded file: blur_effects.php
[16-Nov-2025 00:09:11 UTC] Loaded file: rkit_post_duplicator.php
[16-Nov-2025 00:09:11 UTC] Loaded file: rkit_tool_tips.php
[16-Nov-2025 00:09:11 UTC] Loaded file: rkit_wrapper_link.php
[16-Nov-2025 00:09:11 UTC] Class not found: \RomethemeKit\Rkit_Custom_Cursor
[16-Nov-2025 00:09:11 UTC] Instantiated class: \RomethemeKit\RkitDuplicator
[16-Nov-2025 00:09:11 UTC] Instantiated class: \RomethemeKit\BlurEffects
[16-Nov-2025 00:09:11 UTC] Class not found: \RomethemeKit\Rkit_Sticky_Content
[16-Nov-2025 00:09:11 UTC] Instantiated class: \RomethemeKit\RkitToolTips
[16-Nov-2025 00:09:11 UTC] Instantiated class: \RomethemeKit\RkitWrapperLink
[16-Nov-2025 00:09:11 UTC] Loaded file: blur_effects.php
[16-Nov-2025 00:09:11 UTC] Loaded file: rkit_post_duplicator.php
[16-Nov-2025 00:09:11 UTC] Loaded file: rkit_tool_tips.php
[16-Nov-2025 00:09:11 UTC] Loaded file: rkit_wrapper_link.php
[16-Nov-2025 00:09:11 UTC] Class not found: \RomethemeKit\Rkit_Custom_Cursor
[16-Nov-2025 00:09:11 UTC] Instantiated class: \RomethemeKit\RkitDuplicator
[16-Nov-2025 00:09:11 UTC] Instantiated class: \RomethemeKit\BlurEffects
[16-Nov-2025 00:09:11 UTC] Class not found: \RomethemeKit\Rkit_Sticky_Content
[16-Nov-2025 00:09:11 UTC] Instantiated class: \RomethemeKit\RkitToolTips
[16-Nov-2025 00:09:11 UTC] Instantiated class: \RomethemeKit\RkitWrapperLink
[16-Nov-2025 00:09:13 UTC] Loaded file: blur_effects.php
[16-Nov-2025 00:09:13 UTC] Loaded file: rkit_post_duplicator.php
[16-Nov-2025 00:09:13 UTC] Loaded file: rkit_tool_tips.php
[16-Nov-2025 00:09:13 UTC] Loaded file: rkit_wrapper_link.php
[16-Nov-2025 00:09:13 UTC] Class not found: \RomethemeKit\Rkit_Custom_Cursor
[16-Nov-2025 00:09:13 UTC] Instantiated class: \RomethemeKit\RkitDuplicator
[16-Nov-2025 00:09:13 UTC] Instantiated class: \RomethemeKit\BlurEffects
[16-Nov-2025 00:09:13 UTC] Class not found: \RomethemeKit\Rkit_Sticky_Content
[16-Nov-2025 00:09:13 UTC] Instantiated class: \RomethemeKit\RkitToolTips
[16-Nov-2025 00:09:13 UTC] Instantiated class: \RomethemeKit\RkitWrapperLink
[16-Nov-2025 00:09:13 UTC] [Soltour API info] Request to master/getAllOrigins: {"productType":"PACKAGE","destinationCode":"PUJ"}
[16-Nov-2025 00:09:13 UTC] [Soltour API info] Response from master/getAllOrigins: {"origins":[{"code":"LCG","name":"A Coruña","airportType":"AIRPORT","destinationCode":"LCG","destinationName":"LA CORUNA","description":"A Coruña","dynamic":false},{"code":"ABC","name":"Albacete","airportType":"AIRPORT","description":"Albacete","dynamic":false},{"code":"ALC","name":"Alicante","airportType":"AIRPORT","destinationCode":"ALC","destinationName":"ALICANTE","description":"Alicante","dynamic":false},{"code":"LEI","name":"Almería","airportType":"AIRPORT","destinationCode":"LEI","dest
[16-Nov-2025 00:09:24 UTC] Loaded file: blur_effects.php
[16-Nov-2025 00:09:24 UTC] Loaded file: rkit_post_duplicator.php
[16-Nov-2025 00:09:24 UTC] Loaded file: rkit_tool_tips.php
[16-Nov-2025 00:09:24 UTC] Loaded file: rkit_wrapper_link.php
[16-Nov-2025 00:09:24 UTC] Class not found: \RomethemeKit\Rkit_Custom_Cursor
[16-Nov-2025 00:09:24 UTC] Instantiated class: \RomethemeKit\RkitDuplicator
[16-Nov-2025 00:09:24 UTC] Instantiated class: \RomethemeKit\BlurEffects
[16-Nov-2025 00:09:24 UTC] Class not found: \RomethemeKit\Rkit_Sticky_Content
[16-Nov-2025 00:09:24 UTC] Instantiated class: \RomethemeKit\RkitToolTips
[16-Nov-2025 00:09:24 UTC] Instantiated class: \RomethemeKit\RkitWrapperLink
[16-Nov-2025 00:09:30 UTC] Loaded file: blur_effects.php
[16-Nov-2025 00:09:30 UTC] Loaded file: rkit_post_duplicator.php
[16-Nov-2025 00:09:30 UTC] Loaded file: rkit_tool_tips.php
[16-Nov-2025 00:09:30 UTC] Loaded file: rkit_wrapper_link.php
[16-Nov-2025 00:09:30 UTC] Class not found: \RomethemeKit\Rkit_Custom_Cursor
[16-Nov-2025 00:09:30 UTC] Instantiated class: \RomethemeKit\RkitDuplicator
[16-Nov-2025 00:09:30 UTC] Instantiated class: \RomethemeKit\BlurEffects
[16-Nov-2025 00:09:30 UTC] Class not found: \RomethemeKit\Rkit_Sticky_Content
[16-Nov-2025 00:09:30 UTC] Instantiated class: \RomethemeKit\RkitToolTips
[16-Nov-2025 00:09:30 UTC] Instantiated class: \RomethemeKit\RkitWrapperLink
[16-Nov-2025 00:09:30 UTC] Loaded file: blur_effects.php
[16-Nov-2025 00:09:30 UTC] Loaded file: rkit_post_duplicator.php
[16-Nov-2025 00:09:30 UTC] Loaded file: rkit_tool_tips.php
[16-Nov-2025 00:09:30 UTC] Loaded file: rkit_wrapper_link.php
[16-Nov-2025 00:09:30 UTC] Class not found: \RomethemeKit\Rkit_Custom_Cursor
[16-Nov-2025 00:09:30 UTC] Instantiated class: \RomethemeKit\RkitDuplicator
[16-Nov-2025 00:09:30 UTC] Instantiated class: \RomethemeKit\BlurEffects
[16-Nov-2025 00:09:30 UTC] Class not found: \RomethemeKit\Rkit_Sticky_Content
[16-Nov-2025 00:09:30 UTC] Instantiated class: \RomethemeKit\RkitToolTips
[16-Nov-2025 00:09:30 UTC] Instantiated class: \RomethemeKit\RkitWrapperLink
[16-Nov-2025 00:09:31 UTC] [Soltour API info] === AJAX SEARCH PACKAGES CALLED ===
[16-Nov-2025 00:09:31 UTC] [Soltour API info] Params recebidos do frontend:
[16-Nov-2025 00:09:31 UTC] [Soltour API info]   - pageNumber: 0
[16-Nov-2025 00:09:31 UTC] [Soltour API info]   - rowsPerPage: 100
[16-Nov-2025 00:09:31 UTC] [Soltour API info] Params completos: {"originCode":"MAD","destinationCode":"PUJ","startDate":"2026-06-28","numNights":7,"rooms":[{"passengers":[{"type":"ADULT","age":30}]}],"productType":"PACKAGE","onlyHotel":"N","pageNumber":0,"rowsPerPage":100}
[16-Nov-2025 00:09:31 UTC] [Soltour API info] Enviando para API Soltour (booking/availability):
[16-Nov-2025 00:09:31 UTC] [Soltour API info]   - criteria.pagination.pageNumber: 0
[16-Nov-2025 00:09:31 UTC] [Soltour API info]   - criteria.pagination.rowsPerPage: 100
[16-Nov-2025 00:09:31 UTC] [Soltour API info] Request to booking/availability: {"productType":"PACKAGE","onlyHotel":"N","criteria":{"order":{"type":"PRICE","direction":"ASC"},"pagination":{"pageNumber":0,"rowsPerPage":100}},"languageCode":"PT","params":{"startDate":"2026-06-28","endDate":"2026-07-05","residentType":"NONE","accomodation":{"rooms":[{"passengers":[{"type":"ADULT","age":30}]}]},"hotelParams":{"destinationCode":"PUJ","includeImmediatePayment":true},"flightParams":{"itineraries":[{"origins":["MAD"],"destinations":["PUJ"]}],"directFlightsOnly":false,"includeImmediatePayment":true}}}
[16-Nov-2025 00:09:31 UTC] Loaded file: blur_effects.php
[16-Nov-2025 00:09:31 UTC] Loaded file: rkit_post_duplicator.php
[16-Nov-2025 00:09:31 UTC] Loaded file: rkit_tool_tips.php
[16-Nov-2025 00:09:31 UTC] Loaded file: rkit_wrapper_link.php
[16-Nov-2025 00:09:31 UTC] Class not found: \RomethemeKit\Rkit_Custom_Cursor
[16-Nov-2025 00:09:31 UTC] Instantiated class: \RomethemeKit\RkitDuplicator
[16-Nov-2025 00:09:31 UTC] Instantiated class: \RomethemeKit\BlurEffects
[16-Nov-2025 00:09:31 UTC] Class not found: \RomethemeKit\Rkit_Sticky_Content
[16-Nov-2025 00:09:31 UTC] Instantiated class: \RomethemeKit\RkitToolTips
[16-Nov-2025 00:09:31 UTC] Instantiated class: \RomethemeKit\RkitWrapperLink
[16-Nov-2025 00:09:37 UTC] [Soltour API info] Response from booking/availability: {"productType":"PACKAGE","availToken":"HlZid9M1TY0wNt1m6CvnOaDSC0lfSO1dbjihgg7BDZo=","timestamp":"2025-11-16T01:09:31.124695563","serviceType":"UNDEFINED","agencyInformation":{"clientCode":"BEAUTYT","branchOfficeCode":"999","taxApplicationType":"ISC","taxRate":0,"paymentType":"PP","commission":{"currency":"EUR","rate":15}},"budgets":[{"booked":false,"selected":false,"hotelServices":[{"responseId":"AjYxB7lhgi9qZnWu0HPG6NwNK5mu2vzf0OMt/Umt8C0=","id":"5df65b0a-11e1-4beb-bfac-412d237475e5","type":"H
[16-Nov-2025 00:09:37 UTC] [Soltour API info] Resposta da API Soltour:
[16-Nov-2025 00:09:37 UTC] [Soltour API info]   - budgets: 60
[16-Nov-2025 00:09:37 UTC] [Soltour API info]   - totalCount: 0
[16-Nov-2025 00:09:37 UTC] [Soltour API info]   - hotels: 40
[16-Nov-2025 00:09:37 UTC] [Soltour API info]   - availToken: SIM
[16-Nov-2025 00:09:38 UTC] Loaded file: blur_effects.php
[16-Nov-2025 00:09:38 UTC] Loaded file: rkit_post_duplicator.php
[16-Nov-2025 00:09:38 UTC] Loaded file: rkit_tool_tips.php
[16-Nov-2025 00:09:38 UTC] Loaded file: rkit_wrapper_link.php
[16-Nov-2025 00:09:38 UTC] Class not found: \RomethemeKit\Rkit_Custom_Cursor
[16-Nov-2025 00:09:38 UTC] Instantiated class: \RomethemeKit\RkitDuplicator
[16-Nov-2025 00:09:38 UTC] Instantiated class: \RomethemeKit\BlurEffects
[16-Nov-2025 00:09:38 UTC] Class not found: \RomethemeKit\Rkit_Sticky_Content
[16-Nov-2025 00:09:38 UTC] Instantiated class: \RomethemeKit\RkitToolTips
[16-Nov-2025 00:09:38 UTC] Instantiated class: \RomethemeKit\RkitWrapperLink
[16-Nov-2025 00:09:38 UTC] Loaded file: blur_effects.php
[16-Nov-2025 00:09:38 UTC] Loaded file: rkit_post_duplicator.php
[16-Nov-2025 00:09:38 UTC] Loaded file: rkit_tool_tips.php
[16-Nov-2025 00:09:38 UTC] Loaded file: rkit_wrapper_link.php
[16-Nov-2025 00:09:38 UTC] Class not found: \RomethemeKit\Rkit_Custom_Cursor
[16-Nov-2025 00:09:38 UTC] Instantiated class: \RomethemeKit\RkitDuplicator
[16-Nov-2025 00:09:38 UTC] Instantiated class: \RomethemeKit\BlurEffects
[16-Nov-2025 00:09:38 UTC] Class not found: \RomethemeKit\Rkit_Sticky_Content
[16-Nov-2025 00:09:38 UTC] Instantiated class: \RomethemeKit\RkitToolTips
[16-Nov-2025 00:09:38 UTC] Instantiated class: \RomethemeKit\RkitWrapperLink
[16-Nov-2025 00:09:38 UTC] Loaded file: blur_effects.php
[16-Nov-2025 00:09:38 UTC] Loaded file: rkit_post_duplicator.php
[16-Nov-2025 00:09:38 UTC] Loaded file: rkit_tool_tips.php
[16-Nov-2025 00:09:38 UTC] Loaded file: rkit_wrapper_link.php
[16-Nov-2025 00:09:38 UTC] Class not found: \RomethemeKit\Rkit_Custom_Cursor
[16-Nov-2025 00:09:38 UTC] Instantiated class: \RomethemeKit\RkitDuplicator
[16-Nov-2025 00:09:38 UTC] Instantiated class: \RomethemeKit\BlurEffects
[16-Nov-2025 00:09:38 UTC] Class not found: \RomethemeKit\Rkit_Sticky_Content
[16-Nov-2025 00:09:38 UTC] Instantiated class: \RomethemeKit\RkitToolTips
[16-Nov-2025 00:09:38 UTC] Instantiated class: \RomethemeKit\RkitWrapperLink
[16-Nov-2025 00:09:38 UTC] Loaded file: blur_effects.php
[16-Nov-2025 00:09:38 UTC] Loaded file: rkit_post_duplicator.php
[16-Nov-2025 00:09:38 UTC] Loaded file: rkit_tool_tips.php
[16-Nov-2025 00:09:38 UTC] Loaded file: rkit_wrapper_link.php
[16-Nov-2025 00:09:38 UTC] Class not found: \RomethemeKit\Rkit_Custom_Cursor
[16-Nov-2025 00:09:38 UTC] Instantiated class: \RomethemeKit\RkitDuplicator
[16-Nov-2025 00:09:38 UTC] Instantiated class: \RomethemeKit\BlurEffects
[16-Nov-2025 00:09:38 UTC] Class not found: \RomethemeKit\Rkit_Sticky_Content
[16-Nov-2025 00:09:38 UTC] Instantiated class: \RomethemeKit\RkitToolTips
[16-Nov-2025 00:09:38 UTC] Instantiated class: \RomethemeKit\RkitWrapperLink
[16-Nov-2025 00:09:38 UTC] Loaded file: blur_effects.php
[16-Nov-2025 00:09:38 UTC] Loaded file: rkit_post_duplicator.php
[16-Nov-2025 00:09:38 UTC] Loaded file: rkit_tool_tips.php
[16-Nov-2025 00:09:38 UTC] Loaded file: rkit_wrapper_link.php
[16-Nov-2025 00:09:38 UTC] Class not found: \RomethemeKit\Rkit_Custom_Cursor
[16-Nov-2025 00:09:38 UTC] Instantiated class: \RomethemeKit\RkitDuplicator
[16-Nov-2025 00:09:38 UTC] Instantiated class: \RomethemeKit\BlurEffects
[16-Nov-2025 00:09:38 UTC] Class not found: \RomethemeKit\Rkit_Sticky_Content
[16-Nov-2025 00:09:38 UTC] Instantiated class: \RomethemeKit\RkitToolTips
[16-Nov-2025 00:09:38 UTC] Instantiated class: \RomethemeKit\RkitWrapperLink
[16-Nov-2025 00:09:39 UTC] [Soltour API info] Getting details for budget: H79993##TI##0$5027021043354242659@@CLASSICAL01, hotel: H79993
[16-Nov-2025 00:09:39 UTC] [Soltour API info] Request to booking/details: {"productType":"PACKAGE","availToken":"HlZid9M1TY0wNt1m6CvnOaDSC0lfSO1dbjihgg7BDZo=","budgetId":"H79993##TI##0$5027021043354242659@@CLASSICAL01","hotelParams":{"hotelCode":"H79993","providerCode":"UNDEFINED"}}
[16-Nov-2025 00:09:39 UTC] [Soltour API info] Getting details for budget: H81381##TI##0$4753373532782409612@@CLASSICAL01, hotel: H81381
[16-Nov-2025 00:09:39 UTC] [Soltour API info] Request to booking/details: {"productType":"PACKAGE","availToken":"HlZid9M1TY0wNt1m6CvnOaDSC0lfSO1dbjihgg7BDZo=","budgetId":"H81381##TI##0$4753373532782409612@@CLASSICAL01","hotelParams":{"hotelCode":"H81381","providerCode":"UNDEFINED"}}
[16-Nov-2025 00:09:39 UTC] [Soltour API info] Getting details for budget: H24##TI##0$4855076595928691490@@CLASSICAL01, hotel: H24
[16-Nov-2025 00:09:39 UTC] [Soltour API info] Request to booking/details: {"productType":"PACKAGE","availToken":"HlZid9M1TY0wNt1m6CvnOaDSC0lfSO1dbjihgg7BDZo=","budgetId":"H24##TI##0$4855076595928691490@@CLASSICAL01","hotelParams":{"hotelCode":"H24","providerCode":"UNDEFINED"}}
[16-Nov-2025 00:09:39 UTC] [Soltour API info] Getting details for budget: H215636##TI##0$5059065667978034072@@CLASSICAL01, hotel: H215636
[16-Nov-2025 00:09:39 UTC] [Soltour API info] Request to booking/details: {"productType":"PACKAGE","availToken":"HlZid9M1TY0wNt1m6CvnOaDSC0lfSO1dbjihgg7BDZo=","budgetId":"H215636##TI##0$5059065667978034072@@CLASSICAL01","hotelParams":{"hotelCode":"H215636","providerCode":"UNDEFINED"}}
[16-Nov-2025 00:09:39 UTC] Loaded file: blur_effects.php
[16-Nov-2025 00:09:39 UTC] Loaded file: rkit_post_duplicator.php
[16-Nov-2025 00:09:39 UTC] Loaded file: rkit_tool_tips.php
[16-Nov-2025 00:09:39 UTC] Loaded file: rkit_wrapper_link.php
[16-Nov-2025 00:09:39 UTC] Class not found: \RomethemeKit\Rkit_Custom_Cursor
[16-Nov-2025 00:09:39 UTC] Instantiated class: \RomethemeKit\RkitDuplicator
[16-Nov-2025 00:09:39 UTC] Instantiated class: \RomethemeKit\BlurEffects
[16-Nov-2025 00:09:39 UTC] Class not found: \RomethemeKit\Rkit_Sticky_Content
[16-Nov-2025 00:09:39 UTC] Instantiated class: \RomethemeKit\RkitToolTips
[16-Nov-2025 00:09:39 UTC] Instantiated class: \RomethemeKit\RkitWrapperLink
[16-Nov-2025 00:09:39 UTC] [Soltour API info] Getting details for budget: H81784##TI##0$5106975964363569705@@CLASSICAL01, hotel: H81784
[16-Nov-2025 00:09:39 UTC] [Soltour API info] Request to booking/details: {"productType":"PACKAGE","availToken":"HlZid9M1TY0wNt1m6CvnOaDSC0lfSO1dbjihgg7BDZo=","budgetId":"H81784##TI##0$5106975964363569705@@CLASSICAL01","hotelParams":{"hotelCode":"H81784","providerCode":"UNDEFINED"}}
[16-Nov-2025 00:09:40 UTC] [Soltour API info] Response from booking/details: {"availToken":"HlZid9M1TY0wNt1m6CvnOaDSC0lfSO1dbjihgg7BDZo=","timestamp":"2025-11-16T01:09:39.945931108","serviceType":"UNDEFINED","agencyInformation":{"clientCode":"BEAUTYT","branchOfficeCode":"999","taxApplicationType":"ISC","taxRate":0,"paymentType":"PP","commission":{"currency":"EUR","rate":15}},"params":{"startDate":"2026-06-28","endDate":"2026-07-05","accomodation":{"rooms":[{"passengers":[{"age":30,"type":"ADULT"}]}]},"residentType":"NONE","numNights":0,"flightParams":{"itineraries":[{"or
[16-Nov-2025 00:09:40 UTC] [Soltour API info] Details response structure: {"has_budget":false,"has_details":true,"has_error":false,"error_msg":null}
[16-Nov-2025 00:09:40 UTC] [Soltour API info] Response from booking/details: {"availToken":"HlZid9M1TY0wNt1m6CvnOaDSC0lfSO1dbjihgg7BDZo=","timestamp":"2025-11-16T01:09:40.109281020","serviceType":"UNDEFINED","agencyInformation":{"clientCode":"BEAUTYT","branchOfficeCode":"999","taxApplicationType":"ISC","taxRate":0,"paymentType":"PP","commission":{"currency":"EUR","rate":15}},"params":{"startDate":"2026-06-28","endDate":"2026-07-05","accomodation":{"rooms":[{"passengers":[{"age":30,"type":"ADULT"}]}]},"residentType":"NONE","numNights":0,"flightParams":{"itineraries":[{"or
[16-Nov-2025 00:09:40 UTC] [Soltour API info] Details response structure: {"has_budget":false,"has_details":true,"has_error":false,"error_msg":null}
[16-Nov-2025 00:09:40 UTC] [Soltour API info] Response from booking/details: {"availToken":"HlZid9M1TY0wNt1m6CvnOaDSC0lfSO1dbjihgg7BDZo=","timestamp":"2025-11-16T01:09:40.257041577","serviceType":"UNDEFINED","agencyInformation":{"clientCode":"BEAUTYT","branchOfficeCode":"999","taxApplicationType":"ISC","taxRate":0,"paymentType":"PP","commission":{"currency":"EUR","rate":15}},"params":{"startDate":"2026-06-28","endDate":"2026-07-05","accomodation":{"rooms":[{"passengers":[{"age":30,"type":"ADULT"}]}]},"residentType":"NONE","numNights":0,"flightParams":{"itineraries":[{"or
[16-Nov-2025 00:09:40 UTC] [Soltour API info] Details response structure: {"has_budget":false,"has_details":true,"has_error":false,"error_msg":null}
[16-Nov-2025 00:09:40 UTC] [Soltour API info] Response from booking/details: {"availToken":"HlZid9M1TY0wNt1m6CvnOaDSC0lfSO1dbjihgg7BDZo=","timestamp":"2025-11-16T01:09:40.258520528","serviceType":"UNDEFINED","agencyInformation":{"clientCode":"BEAUTYT","branchOfficeCode":"999","taxApplicationType":"ISC","taxRate":0,"paymentType":"PP","commission":{"currency":"EUR","rate":15}},"params":{"startDate":"2026-06-28","endDate":"2026-07-05","accomodation":{"rooms":[{"passengers":[{"age":30,"type":"ADULT"}]}]},"residentType":"NONE","numNights":0,"flightParams":{"itineraries":[{"or
[16-Nov-2025 00:09:40 UTC] [Soltour API info] Details response structure: {"has_budget":false,"has_details":true,"has_error":false,"error_msg":null}
[16-Nov-2025 00:09:40 UTC] [Soltour API info] Response from booking/details: {"availToken":"HlZid9M1TY0wNt1m6CvnOaDSC0lfSO1dbjihgg7BDZo=","timestamp":"2025-11-16T01:09:40.299844271","serviceType":"UNDEFINED","agencyInformation":{"clientCode":"BEAUTYT","branchOfficeCode":"999","taxApplicationType":"ISC","taxRate":0,"paymentType":"PP","commission":{"currency":"EUR","rate":15}},"params":{"startDate":"2026-06-28","endDate":"2026-07-05","accomodation":{"rooms":[{"passengers":[{"age":30,"type":"ADULT"}]}]},"residentType":"NONE","numNights":0,"flightParams":{"itineraries":[{"or
[16-Nov-2025 00:09:40 UTC] [Soltour API info] Details response structure: {"has_budget":false,"has_details":true,"has_error":false,"error_msg":null}
[16-Nov-2025 00:09:41 UTC] Loaded file: blur_effects.php
[16-Nov-2025 00:09:41 UTC] Loaded file: rkit_post_duplicator.php
[16-Nov-2025 00:09:41 UTC] Loaded file: rkit_tool_tips.php
[16-Nov-2025 00:09:41 UTC] Loaded file: rkit_wrapper_link.php
[16-Nov-2025 00:09:41 UTC] Class not found: \RomethemeKit\Rkit_Custom_Cursor
[16-Nov-2025 00:09:41 UTC] Instantiated class: \RomethemeKit\RkitDuplicator
[16-Nov-2025 00:09:41 UTC] Instantiated class: \RomethemeKit\BlurEffects
[16-Nov-2025 00:09:41 UTC] Class not found: \RomethemeKit\Rkit_Sticky_Content
[16-Nov-2025 00:09:41 UTC] Instantiated class: \RomethemeKit\RkitToolTips
[16-Nov-2025 00:09:41 UTC] Instantiated class: \RomethemeKit\RkitWrapperLink
[16-Nov-2025 00:09:41 UTC] Loaded file: blur_effects.php
[16-Nov-2025 00:09:41 UTC] Loaded file: rkit_post_duplicator.php
[16-Nov-2025 00:09:41 UTC] Loaded file: rkit_tool_tips.php
[16-Nov-2025 00:09:41 UTC] Loaded file: rkit_wrapper_link.php
[16-Nov-2025 00:09:41 UTC] Class not found: \RomethemeKit\Rkit_Custom_Cursor
[16-Nov-2025 00:09:41 UTC] Instantiated class: \RomethemeKit\RkitDuplicator
[16-Nov-2025 00:09:41 UTC] Instantiated class: \RomethemeKit\BlurEffects
[16-Nov-2025 00:09:41 UTC] Class not found: \RomethemeKit\Rkit_Sticky_Content
[16-Nov-2025 00:09:41 UTC] Instantiated class: \RomethemeKit\RkitToolTips
[16-Nov-2025 00:09:41 UTC] Instantiated class: \RomethemeKit\RkitWrapperLink
[16-Nov-2025 00:09:41 UTC] Loaded file: blur_effects.php
[16-Nov-2025 00:09:41 UTC] Loaded file: rkit_post_duplicator.php
[16-Nov-2025 00:09:41 UTC] Loaded file: rkit_tool_tips.php
[16-Nov-2025 00:09:41 UTC] Loaded file: rkit_wrapper_link.php
[16-Nov-2025 00:09:41 UTC] Class not found: \RomethemeKit\Rkit_Custom_Cursor
[16-Nov-2025 00:09:41 UTC] Instantiated class: \RomethemeKit\RkitDuplicator
[16-Nov-2025 00:09:41 UTC] Instantiated class: \RomethemeKit\BlurEffects
[16-Nov-2025 00:09:41 UTC] Class not found: \RomethemeKit\Rkit_Sticky_Content
[16-Nov-2025 00:09:41 UTC] Instantiated class: \RomethemeKit\RkitToolTips
[16-Nov-2025 00:09:41 UTC] Instantiated class: \RomethemeKit\RkitWrapperLink
[16-Nov-2025 00:09:41 UTC] Loaded file: blur_effects.php
[16-Nov-2025 00:09:41 UTC] Loaded file: rkit_post_duplicator.php
[16-Nov-2025 00:09:41 UTC] Loaded file: rkit_tool_tips.php
[16-Nov-2025 00:09:41 UTC] Loaded file: rkit_wrapper_link.php
[16-Nov-2025 00:09:41 UTC] Class not found: \RomethemeKit\Rkit_Custom_Cursor
[16-Nov-2025 00:09:41 UTC] Instantiated class: \RomethemeKit\RkitDuplicator
[16-Nov-2025 00:09:41 UTC] Instantiated class: \RomethemeKit\BlurEffects
[16-Nov-2025 00:09:41 UTC] Class not found: \RomethemeKit\Rkit_Sticky_Content
[16-Nov-2025 00:09:41 UTC] Instantiated class: \RomethemeKit\RkitToolTips
[16-Nov-2025 00:09:41 UTC] Instantiated class: \RomethemeKit\RkitWrapperLink
[16-Nov-2025 00:09:41 UTC] Loaded file: blur_effects.php
[16-Nov-2025 00:09:41 UTC] Loaded file: rkit_post_duplicator.php
[16-Nov-2025 00:09:41 UTC] Loaded file: rkit_tool_tips.php
[16-Nov-2025 00:09:41 UTC] Loaded file: rkit_wrapper_link.php
[16-Nov-2025 00:09:41 UTC] Class not found: \RomethemeKit\Rkit_Custom_Cursor
[16-Nov-2025 00:09:41 UTC] Instantiated class: \RomethemeKit\RkitDuplicator
[16-Nov-2025 00:09:41 UTC] Instantiated class: \RomethemeKit\BlurEffects
[16-Nov-2025 00:09:41 UTC] Class not found: \RomethemeKit\Rkit_Sticky_Content
[16-Nov-2025 00:09:41 UTC] Instantiated class: \RomethemeKit\RkitToolTips
[16-Nov-2025 00:09:41 UTC] Instantiated class: \RomethemeKit\RkitWrapperLink
[16-Nov-2025 00:09:42 UTC] [Soltour API info] Getting details for budget: H199543##SA##0$4710826713582730031@@CLASSICAL01, hotel: H199543
[16-Nov-2025 00:09:42 UTC] [Soltour API info] Request to booking/details: {"productType":"PACKAGE","availToken":"HlZid9M1TY0wNt1m6CvnOaDSC0lfSO1dbjihgg7BDZo=","budgetId":"H199543##SA##0$4710826713582730031@@CLASSICAL01","hotelParams":{"hotelCode":"H199543","providerCode":"UNDEFINED"}}
[16-Nov-2025 00:09:42 UTC] [Soltour API info] Getting details for budget: H68719##TI##0$4887828150648333087@@CLASSICAL01, hotel: H68719
[16-Nov-2025 00:09:42 UTC] [Soltour API info] Request to booking/details: {"productType":"PACKAGE","availToken":"HlZid9M1TY0wNt1m6CvnOaDSC0lfSO1dbjihgg7BDZo=","budgetId":"H68719##TI##0$4887828150648333087@@CLASSICAL01","hotelParams":{"hotelCode":"H68719","providerCode":"UNDEFINED"}}
[16-Nov-2025 00:09:42 UTC] [Soltour API info] Getting details for budget: H220697##TI##0$4696953181222666787@@CLASSICAL01, hotel: H220697
[16-Nov-2025 00:09:42 UTC] [Soltour API info] Request to booking/details: {"productType":"PACKAGE","availToken":"HlZid9M1TY0wNt1m6CvnOaDSC0lfSO1dbjihgg7BDZo=","budgetId":"H220697##TI##0$4696953181222666787@@CLASSICAL01","hotelParams":{"hotelCode":"H220697","providerCode":"UNDEFINED"}}
[16-Nov-2025 00:09:42 UTC] [Soltour API info] Getting details for budget: H408431##SA##0$5069261406764675811@@CLASSICAL01, hotel: H408431
[16-Nov-2025 00:09:42 UTC] [Soltour API info] Request to booking/details: {"productType":"PACKAGE","availToken":"HlZid9M1TY0wNt1m6CvnOaDSC0lfSO1dbjihgg7BDZo=","budgetId":"H408431##SA##0$5069261406764675811@@CLASSICAL01","hotelParams":{"hotelCode":"H408431","providerCode":"UNDEFINED"}}
[16-Nov-2025 00:09:42 UTC] [Soltour API info] Getting details for budget: H99741##TI##0$4961881777093491222@@CLASSICAL01, hotel: H99741
[16-Nov-2025 00:09:42 UTC] [Soltour API info] Request to booking/details: {"productType":"PACKAGE","availToken":"HlZid9M1TY0wNt1m6CvnOaDSC0lfSO1dbjihgg7BDZo=","budgetId":"H99741##TI##0$4961881777093491222@@CLASSICAL01","hotelParams":{"hotelCode":"H99741","providerCode":"UNDEFINED"}}
[16-Nov-2025 00:09:42 UTC] [Soltour API info] Response from booking/details: {"availToken":"HlZid9M1TY0wNt1m6CvnOaDSC0lfSO1dbjihgg7BDZo=","timestamp":"2025-11-16T01:09:42.743048364","serviceType":"UNDEFINED","agencyInformation":{"clientCode":"BEAUTYT","branchOfficeCode":"999","taxApplicationType":"ISC","taxRate":0,"paymentType":"PP","commission":{"currency":"EUR","rate":15}},"params":{"startDate":"2026-06-28","endDate":"2026-07-05","accomodation":{"rooms":[{"passengers":[{"age":30,"type":"ADULT"}]}]},"residentType":"NONE","numNights":0,"flightParams":{"itineraries":[{"or
[16-Nov-2025 00:09:42 UTC] [Soltour API info] Details response structure: {"has_budget":false,"has_details":true,"has_error":false,"error_msg":null}
[16-Nov-2025 00:09:42 UTC] [Soltour API info] Response from booking/details: {"availToken":"HlZid9M1TY0wNt1m6CvnOaDSC0lfSO1dbjihgg7BDZo=","timestamp":"2025-11-16T01:09:42.726921643","serviceType":"UNDEFINED","agencyInformation":{"clientCode":"BEAUTYT","branchOfficeCode":"999","taxApplicationType":"ISC","taxRate":0,"paymentType":"PP","commission":{"currency":"EUR","rate":15}},"params":{"startDate":"2026-06-28","endDate":"2026-07-05","accomodation":{"rooms":[{"passengers":[{"age":30,"type":"ADULT"}]}]},"residentType":"NONE","numNights":0,"flightParams":{"itineraries":[{"or
[16-Nov-2025 00:09:42 UTC] [Soltour API info] Details response structure: {"has_budget":false,"has_details":true,"has_error":false,"error_msg":null}
[16-Nov-2025 00:09:42 UTC] [Soltour API info] Response from booking/details: {"availToken":"HlZid9M1TY0wNt1m6CvnOaDSC0lfSO1dbjihgg7BDZo=","timestamp":"2025-11-16T01:09:42.813158463","serviceType":"UNDEFINED","agencyInformation":{"clientCode":"BEAUTYT","branchOfficeCode":"999","taxApplicationType":"ISC","taxRate":0,"paymentType":"PP","commission":{"currency":"EUR","rate":15}},"params":{"startDate":"2026-06-28","endDate":"2026-07-05","accomodation":{"rooms":[{"passengers":[{"age":30,"type":"ADULT"}]}]},"residentType":"NONE","numNights":0,"flightParams":{"itineraries":[{"or
[16-Nov-2025 00:09:42 UTC] [Soltour API info] Details response structure: {"has_budget":false,"has_details":true,"has_error":false,"error_msg":null}
[16-Nov-2025 00:09:43 UTC] Loaded file: blur_effects.php
[16-Nov-2025 00:09:43 UTC] Loaded file: rkit_post_duplicator.php
[16-Nov-2025 00:09:43 UTC] Loaded file: rkit_tool_tips.php
[16-Nov-2025 00:09:43 UTC] Loaded file: rkit_wrapper_link.php
[16-Nov-2025 00:09:43 UTC] Class not found: \RomethemeKit\Rkit_Custom_Cursor
[16-Nov-2025 00:09:43 UTC] Instantiated class: \RomethemeKit\RkitDuplicator
[16-Nov-2025 00:09:43 UTC] Instantiated class: \RomethemeKit\BlurEffects
[16-Nov-2025 00:09:43 UTC] Class not found: \RomethemeKit\Rkit_Sticky_Content
[16-Nov-2025 00:09:43 UTC] Instantiated class: \RomethemeKit\RkitToolTips
[16-Nov-2025 00:09:43 UTC] Instantiated class: \RomethemeKit\RkitWrapperLink
[16-Nov-2025 00:09:43 UTC] Loaded file: blur_effects.php
[16-Nov-2025 00:09:43 UTC] Loaded file: rkit_post_duplicator.php
[16-Nov-2025 00:09:43 UTC] Loaded file: rkit_tool_tips.php
[16-Nov-2025 00:09:43 UTC] Loaded file: rkit_wrapper_link.php
[16-Nov-2025 00:09:43 UTC] Class not found: \RomethemeKit\Rkit_Custom_Cursor
[16-Nov-2025 00:09:43 UTC] Instantiated class: \RomethemeKit\RkitDuplicator
[16-Nov-2025 00:09:43 UTC] Instantiated class: \RomethemeKit\BlurEffects
[16-Nov-2025 00:09:43 UTC] Class not found: \RomethemeKit\Rkit_Sticky_Content
[16-Nov-2025 00:09:43 UTC] Instantiated class: \RomethemeKit\RkitToolTips
[16-Nov-2025 00:09:43 UTC] Instantiated class: \RomethemeKit\RkitWrapperLink
[16-Nov-2025 00:09:43 UTC] Loaded file: blur_effects.php
[16-Nov-2025 00:09:43 UTC] Loaded file: rkit_post_duplicator.php
[16-Nov-2025 00:09:43 UTC] Loaded file: rkit_tool_tips.php
[16-Nov-2025 00:09:43 UTC] Loaded file: rkit_wrapper_link.php
[16-Nov-2025 00:09:43 UTC] Class not found: \RomethemeKit\Rkit_Custom_Cursor
[16-Nov-2025 00:09:43 UTC] Instantiated class: \RomethemeKit\RkitDuplicator
[16-Nov-2025 00:09:43 UTC] Instantiated class: \RomethemeKit\BlurEffects
[16-Nov-2025 00:09:43 UTC] Class not found: \RomethemeKit\Rkit_Sticky_Content
[16-Nov-2025 00:09:43 UTC] Instantiated class: \RomethemeKit\RkitToolTips
[16-Nov-2025 00:09:43 UTC] Instantiated class: \RomethemeKit\RkitWrapperLink
[16-Nov-2025 00:09:43 UTC] [Soltour API info] Getting details for budget: H3784##TI##0$4631994944578756170@@CLASSICAL01, hotel: H3784
[16-Nov-2025 00:09:43 UTC] [Soltour API info] Request to booking/details: {"productType":"PACKAGE","availToken":"HlZid9M1TY0wNt1m6CvnOaDSC0lfSO1dbjihgg7BDZo=","budgetId":"H3784##TI##0$4631994944578756170@@CLASSICAL01","hotelParams":{"hotelCode":"H3784","providerCode":"UNDEFINED"}}
[16-Nov-2025 00:09:43 UTC] [Soltour API info] Getting details for budget: H14##TI##0$5227442719652053263@@CLASSICAL01, hotel: H14
[16-Nov-2025 00:09:43 UTC] [Soltour API info] Request to booking/details: {"productType":"PACKAGE","availToken":"HlZid9M1TY0wNt1m6CvnOaDSC0lfSO1dbjihgg7BDZo=","budgetId":"H14##TI##0$5227442719652053263@@CLASSICAL01","hotelParams":{"hotelCode":"H14","providerCode":"UNDEFINED"}}
[16-Nov-2025 00:09:43 UTC] [Soltour API info] Getting details for budget: H50725##TI##0$4928992061542537511@@CLASSICAL01, hotel: H50725
[16-Nov-2025 00:09:43 UTC] [Soltour API info] Request to booking/details: {"productType":"PACKAGE","availToken":"HlZid9M1TY0wNt1m6CvnOaDSC0lfSO1dbjihgg7BDZo=","budgetId":"H50725##TI##0$4928992061542537511@@CLASSICAL01","hotelParams":{"hotelCode":"H50725","providerCode":"UNDEFINED"}}
[16-Nov-2025 00:09:44 UTC] [Soltour API info] Response from booking/details: {"availToken":"HlZid9M1TY0wNt1m6CvnOaDSC0lfSO1dbjihgg7BDZo=","timestamp":"2025-11-16T01:09:42.755214376","serviceType":"UNDEFINED","agencyInformation":{"clientCode":"BEAUTYT","branchOfficeCode":"999","taxApplicationType":"ISC","taxRate":0,"paymentType":"PP","commission":{"currency":"EUR","rate":15}},"params":{"startDate":"2026-06-28","endDate":"2026-07-05","accomodation":{"rooms":[{"passengers":[{"age":30,"type":"ADULT"}]}]},"residentType":"NONE","numNights":0,"flightParams":{"itineraries":[{"or
[16-Nov-2025 00:09:44 UTC] [Soltour API info] Details response structure: {"has_budget":false,"has_details":true,"has_error":false,"error_msg":null}
[16-Nov-2025 00:09:44 UTC] [Soltour API info] Response from booking/details: {"availToken":"HlZid9M1TY0wNt1m6CvnOaDSC0lfSO1dbjihgg7BDZo=","timestamp":"2025-11-16T01:09:42.720744183","serviceType":"UNDEFINED","agencyInformation":{"clientCode":"BEAUTYT","branchOfficeCode":"999","taxApplicationType":"ISC","taxRate":0,"paymentType":"PP","commission":{"currency":"EUR","rate":15}},"params":{"startDate":"2026-06-28","endDate":"2026-07-05","accomodation":{"rooms":[{"passengers":[{"age":30,"type":"ADULT"}]}]},"residentType":"NONE","numNights":0,"flightParams":{"itineraries":[{"or
[16-Nov-2025 00:09:44 UTC] [Soltour API info] Details response structure: {"has_budget":false,"has_details":true,"has_error":false,"error_msg":null}
[16-Nov-2025 00:09:44 UTC] [Soltour API info] Response from booking/details: {"availToken":"HlZid9M1TY0wNt1m6CvnOaDSC0lfSO1dbjihgg7BDZo=","timestamp":"2025-11-16T01:09:44.437516485","serviceType":"UNDEFINED","agencyInformation":{"clientCode":"BEAUTYT","branchOfficeCode":"999","taxApplicationType":"ISC","taxRate":0,"paymentType":"PP","commission":{"currency":"EUR","rate":15}},"params":{"startDate":"2026-06-28","endDate":"2026-07-05","accomodation":{"rooms":[{"passengers":[{"age":30,"type":"ADULT"}]}]},"residentType":"NONE","numNights":0,"flightParams":{"itineraries":[{"or
[16-Nov-2025 00:09:44 UTC] [Soltour API info] Details response structure: {"has_budget":false,"has_details":true,"has_error":false,"error_msg":null}
[16-Nov-2025 00:09:44 UTC] [Soltour API info] Response from booking/details: {"availToken":"HlZid9M1TY0wNt1m6CvnOaDSC0lfSO1dbjihgg7BDZo=","timestamp":"2025-11-16T01:09:44.404339052","serviceType":"UNDEFINED","agencyInformation":{"clientCode":"BEAUTYT","branchOfficeCode":"999","taxApplicationType":"ISC","taxRate":0,"paymentType":"PP","commission":{"currency":"EUR","rate":15}},"params":{"startDate":"2026-06-28","endDate":"2026-07-05","accomodation":{"rooms":[{"passengers":[{"age":30,"type":"ADULT"}]}]},"residentType":"NONE","numNights":0,"flightParams":{"itineraries":[{"or
[16-Nov-2025 00:09:44 UTC] [Soltour API info] Details response structure: {"has_budget":false,"has_details":true,"has_error":false,"error_msg":null}
[16-Nov-2025 00:09:44 UTC] [Soltour API info] Response from booking/details: {"availToken":"HlZid9M1TY0wNt1m6CvnOaDSC0lfSO1dbjihgg7BDZo=","timestamp":"2025-11-16T01:09:44.406002040","serviceType":"UNDEFINED","agencyInformation":{"clientCode":"BEAUTYT","branchOfficeCode":"999","taxApplicationType":"ISC","taxRate":0,"paymentType":"PP","commission":{"currency":"EUR","rate":15}},"params":{"startDate":"2026-06-28","endDate":"2026-07-05","accomodation":{"rooms":[{"passengers":[{"age":30,"type":"ADULT"}]}]},"residentType":"NONE","numNights":0,"flightParams":{"itineraries":[{"or
[16-Nov-2025 00:09:44 UTC] [Soltour API info] Details response structure: {"has_budget":false,"has_details":true,"has_error":false,"error_msg":null}
[16-Nov-2025 00:09:45 UTC] Loaded file: blur_effects.php
[16-Nov-2025 00:09:45 UTC] Loaded file: rkit_post_duplicator.php
[16-Nov-2025 00:09:45 UTC] Loaded file: rkit_tool_tips.php
[16-Nov-2025 00:09:45 UTC] Loaded file: rkit_wrapper_link.php
[16-Nov-2025 00:09:45 UTC] Class not found: \RomethemeKit\Rkit_Custom_Cursor
[16-Nov-2025 00:09:45 UTC] Instantiated class: \RomethemeKit\RkitDuplicator
[16-Nov-2025 00:09:45 UTC] Instantiated class: \RomethemeKit\BlurEffects
[16-Nov-2025 00:09:45 UTC] Class not found: \RomethemeKit\Rkit_Sticky_Content
[16-Nov-2025 00:09:45 UTC] Instantiated class: \RomethemeKit\RkitToolTips
[16-Nov-2025 00:09:45 UTC] Instantiated class: \RomethemeKit\RkitWrapperLink
[16-Nov-2025 00:09:45 UTC] Loaded file: blur_effects.php
[16-Nov-2025 00:09:45 UTC] Loaded file: rkit_post_duplicator.php
[16-Nov-2025 00:09:45 UTC] Loaded file: rkit_tool_tips.php
[16-Nov-2025 00:09:45 UTC] Loaded file: rkit_wrapper_link.php
[16-Nov-2025 00:09:45 UTC] Class not found: \RomethemeKit\Rkit_Custom_Cursor
[16-Nov-2025 00:09:45 UTC] Instantiated class: \RomethemeKit\RkitDuplicator
[16-Nov-2025 00:09:45 UTC] Instantiated class: \RomethemeKit\BlurEffects
[16-Nov-2025 00:09:45 UTC] Class not found: \RomethemeKit\Rkit_Sticky_Content
[16-Nov-2025 00:09:45 UTC] Instantiated class: \RomethemeKit\RkitToolTips
[16-Nov-2025 00:09:45 UTC] Instantiated class: \RomethemeKit\RkitWrapperLink
[16-Nov-2025 00:09:45 UTC] Loaded file: blur_effects.php
[16-Nov-2025 00:09:45 UTC] Loaded file: rkit_post_duplicator.php
[16-Nov-2025 00:09:45 UTC] Loaded file: rkit_tool_tips.php
[16-Nov-2025 00:09:45 UTC] Loaded file: rkit_wrapper_link.php
[16-Nov-2025 00:09:45 UTC] Class not found: \RomethemeKit\Rkit_Custom_Cursor
[16-Nov-2025 00:09:45 UTC] Instantiated class: \RomethemeKit\RkitDuplicator
[16-Nov-2025 00:09:45 UTC] Instantiated class: \RomethemeKit\BlurEffects
[16-Nov-2025 00:09:45 UTC] Class not found: \RomethemeKit\Rkit_Sticky_Content
[16-Nov-2025 00:09:45 UTC] Instantiated class: \RomethemeKit\RkitToolTips
[16-Nov-2025 00:09:45 UTC] Instantiated class: \RomethemeKit\RkitWrapperLink
[16-Nov-2025 00:09:45 UTC] Loaded file: blur_effects.php
[16-Nov-2025 00:09:45 UTC] Loaded file: rkit_post_duplicator.php
[16-Nov-2025 00:09:45 UTC] Loaded file: rkit_tool_tips.php
[16-Nov-2025 00:09:45 UTC] Loaded file: rkit_wrapper_link.php
[16-Nov-2025 00:09:45 UTC] Class not found: \RomethemeKit\Rkit_Custom_Cursor
[16-Nov-2025 00:09:45 UTC] Instantiated class: \RomethemeKit\RkitDuplicator
[16-Nov-2025 00:09:45 UTC] Instantiated class: \RomethemeKit\BlurEffects
[16-Nov-2025 00:09:45 UTC] Class not found: \RomethemeKit\Rkit_Sticky_Content
[16-Nov-2025 00:09:45 UTC] Instantiated class: \RomethemeKit\RkitToolTips
[16-Nov-2025 00:09:45 UTC] Instantiated class: \RomethemeKit\RkitWrapperLink
[16-Nov-2025 00:09:45 UTC] Loaded file: blur_effects.php
[16-Nov-2025 00:09:45 UTC] Loaded file: rkit_post_duplicator.php
[16-Nov-2025 00:09:45 UTC] Loaded file: rkit_tool_tips.php
[16-Nov-2025 00:09:45 UTC] Loaded file: rkit_wrapper_link.php
[16-Nov-2025 00:09:45 UTC] Class not found: \RomethemeKit\Rkit_Custom_Cursor
[16-Nov-2025 00:09:45 UTC] Instantiated class: \RomethemeKit\RkitDuplicator
[16-Nov-2025 00:09:45 UTC] Instantiated class: \RomethemeKit\BlurEffects
[16-Nov-2025 00:09:45 UTC] Class not found: \RomethemeKit\Rkit_Sticky_Content
[16-Nov-2025 00:09:45 UTC] Instantiated class: \RomethemeKit\RkitToolTips
[16-Nov-2025 00:09:45 UTC] Instantiated class: \RomethemeKit\RkitWrapperLink
[16-Nov-2025 00:09:46 UTC] [Soltour API info] Getting details for budget: H6##TI##0$4979974387579149939@@CLASSICAL01, hotel: H6
[16-Nov-2025 00:09:46 UTC] [Soltour API info] Request to booking/details: {"productType":"PACKAGE","availToken":"HlZid9M1TY0wNt1m6CvnOaDSC0lfSO1dbjihgg7BDZo=","budgetId":"H6##TI##0$4979974387579149939@@CLASSICAL01","hotelParams":{"hotelCode":"H6","providerCode":"UNDEFINED"}}
[16-Nov-2025 00:09:46 UTC] [Soltour API info] Getting details for budget: H13##TI##0$5521721050484919635@@CLASSICAL01, hotel: H13
[16-Nov-2025 00:09:46 UTC] [Soltour API info] Request to booking/details: {"productType":"PACKAGE","availToken":"HlZid9M1TY0wNt1m6CvnOaDSC0lfSO1dbjihgg7BDZo=","budgetId":"H13##TI##0$5521721050484919635@@CLASSICAL01","hotelParams":{"hotelCode":"H13","providerCode":"UNDEFINED"}}
[16-Nov-2025 00:09:46 UTC] [Soltour API info] Getting details for budget: H199535##TI##0$5115146180446622091@@CLASSICAL01, hotel: H199535
[16-Nov-2025 00:09:46 UTC] [Soltour API info] Request to booking/details: {"productType":"PACKAGE","availToken":"HlZid9M1TY0wNt1m6CvnOaDSC0lfSO1dbjihgg7BDZo=","budgetId":"H199535##TI##0$5115146180446622091@@CLASSICAL01","hotelParams":{"hotelCode":"H199535","providerCode":"UNDEFINED"}}
[16-Nov-2025 00:09:46 UTC] [Soltour API info] Getting details for budget: H79963##TI##0$5383636838477312414@@CLASSICAL01, hotel: H79963
[16-Nov-2025 00:09:46 UTC] [Soltour API info] Request to booking/details: {"productType":"PACKAGE","availToken":"HlZid9M1TY0wNt1m6CvnOaDSC0lfSO1dbjihgg7BDZo=","budgetId":"H79963##TI##0$5383636838477312414@@CLASSICAL01","hotelParams":{"hotelCode":"H79963","providerCode":"UNDEFINED"}}
[16-Nov-2025 00:09:46 UTC] [Soltour API info] Getting details for budget: H35##TI##0$5636618783074880449@@CLASSICAL01, hotel: H35
[16-Nov-2025 00:09:46 UTC] [Soltour API info] Request to booking/details: {"productType":"PACKAGE","availToken":"HlZid9M1TY0wNt1m6CvnOaDSC0lfSO1dbjihgg7BDZo=","budgetId":"H35##TI##0$5636618783074880449@@CLASSICAL01","hotelParams":{"hotelCode":"H35","providerCode":"UNDEFINED"}}
[16-Nov-2025 00:09:46 UTC] [Soltour API info] Response from booking/details: {"availToken":"HlZid9M1TY0wNt1m6CvnOaDSC0lfSO1dbjihgg7BDZo=","timestamp":"2025-11-16T01:09:46.704082941","serviceType":"UNDEFINED","agencyInformation":{"clientCode":"BEAUTYT","branchOfficeCode":"999","taxApplicationType":"ISC","taxRate":0,"paymentType":"PP","commission":{"currency":"EUR","rate":15}},"params":{"startDate":"2026-06-28","endDate":"2026-07-05","accomodation":{"rooms":[{"passengers":[{"age":30,"type":"ADULT"}]}]},"residentType":"NONE","numNights":0,"flightParams":{"itineraries":[{"or
[16-Nov-2025 00:09:46 UTC] [Soltour API info] Details response structure: {"has_budget":false,"has_details":true,"has_error":false,"error_msg":null}
[16-Nov-2025 00:09:47 UTC] [Soltour API info] Response from booking/details: {"availToken":"HlZid9M1TY0wNt1m6CvnOaDSC0lfSO1dbjihgg7BDZo=","timestamp":"2025-11-16T01:09:46.867297038","serviceType":"UNDEFINED","agencyInformation":{"clientCode":"BEAUTYT","branchOfficeCode":"999","taxApplicationType":"ISC","taxRate":0,"paymentType":"PP","commission":{"currency":"EUR","rate":15}},"params":{"startDate":"2026-06-28","endDate":"2026-07-05","accomodation":{"rooms":[{"passengers":[{"age":30,"type":"ADULT"}]}]},"residentType":"NONE","numNights":0,"flightParams":{"itineraries":[{"or
[16-Nov-2025 00:09:47 UTC] [Soltour API info] Details response structure: {"has_budget":false,"has_details":true,"has_error":false,"error_msg":null}
[16-Nov-2025 00:09:47 UTC] [Soltour API info] Response from booking/details: {"availToken":"HlZid9M1TY0wNt1m6CvnOaDSC0lfSO1dbjihgg7BDZo=","timestamp":"2025-11-16T01:09:46.896711308","serviceType":"UNDEFINED","agencyInformation":{"clientCode":"BEAUTYT","branchOfficeCode":"999","taxApplicationType":"ISC","taxRate":0,"paymentType":"PP","commission":{"currency":"EUR","rate":15}},"params":{"startDate":"2026-06-28","endDate":"2026-07-05","accomodation":{"rooms":[{"passengers":[{"age":30,"type":"ADULT"}]}]},"residentType":"NONE","numNights":0,"flightParams":{"itineraries":[{"or
[16-Nov-2025 00:09:47 UTC] [Soltour API info] Details response structure: {"has_budget":false,"has_details":true,"has_error":false,"error_msg":null}
[16-Nov-2025 00:09:47 UTC] [Soltour API info] Response from booking/details: {"availToken":"HlZid9M1TY0wNt1m6CvnOaDSC0lfSO1dbjihgg7BDZo=","timestamp":"2025-11-16T01:09:46.946523527","serviceType":"UNDEFINED","agencyInformation":{"clientCode":"BEAUTYT","branchOfficeCode":"999","taxApplicationType":"ISC","taxRate":0,"paymentType":"PP","commission":{"currency":"EUR","rate":15}},"params":{"startDate":"2026-06-28","endDate":"2026-07-05","accomodation":{"rooms":[{"passengers":[{"age":30,"type":"ADULT"}]}]},"residentType":"NONE","numNights":0,"flightParams":{"itineraries":[{"or
[16-Nov-2025 00:09:47 UTC] [Soltour API info] Details response structure: {"has_budget":false,"has_details":true,"has_error":false,"error_msg":null}
[16-Nov-2025 00:09:47 UTC] [Soltour API info] Response from booking/details: {"availToken":"HlZid9M1TY0wNt1m6CvnOaDSC0lfSO1dbjihgg7BDZo=","timestamp":"2025-11-16T01:09:46.980580433","serviceType":"UNDEFINED","agencyInformation":{"clientCode":"BEAUTYT","branchOfficeCode":"999","taxApplicationType":"ISC","taxRate":0,"paymentType":"PP","commission":{"currency":"EUR","rate":15}},"params":{"startDate":"2026-06-28","endDate":"2026-07-05","accomodation":{"rooms":[{"passengers":[{"age":30,"type":"ADULT"}]}]},"residentType":"NONE","numNights":0,"flightParams":{"itineraries":[{"or
[16-Nov-2025 00:09:47 UTC] [Soltour API info] Details response structure: {"has_budget":false,"has_details":true,"has_error":false,"error_msg":null}
[16-Nov-2025 00:09:47 UTC] Loaded file: blur_effects.php
[16-Nov-2025 00:09:47 UTC] Loaded file: rkit_post_duplicator.php
[16-Nov-2025 00:09:47 UTC] Loaded file: rkit_tool_tips.php
[16-Nov-2025 00:09:47 UTC] Loaded file: rkit_wrapper_link.php
[16-Nov-2025 00:09:47 UTC] Class not found: \RomethemeKit\Rkit_Custom_Cursor
[16-Nov-2025 00:09:47 UTC] Instantiated class: \RomethemeKit\RkitDuplicator
[16-Nov-2025 00:09:47 UTC] Instantiated class: \RomethemeKit\BlurEffects
[16-Nov-2025 00:09:47 UTC] Class not found: \RomethemeKit\Rkit_Sticky_Content
[16-Nov-2025 00:09:47 UTC] Instantiated class: \RomethemeKit\RkitToolTips
[16-Nov-2025 00:09:47 UTC] Instantiated class: \RomethemeKit\RkitWrapperLink
[16-Nov-2025 00:09:47 UTC] [Soltour API info] Getting details for budget: H80000##TI##0$5544706623304375422@@CLASSICAL01, hotel: H80000
[16-Nov-2025 00:09:47 UTC] [Soltour API info] Request to booking/details: {"productType":"PACKAGE","availToken":"HlZid9M1TY0wNt1m6CvnOaDSC0lfSO1dbjihgg7BDZo=","budgetId":"H80000##TI##0$5544706623304375422@@CLASSICAL01","hotelParams":{"hotelCode":"H80000","providerCode":"UNDEFINED"}}
[16-Nov-2025 00:09:48 UTC] Loaded file: blur_effects.php
[16-Nov-2025 00:09:48 UTC] Loaded file: rkit_post_duplicator.php
[16-Nov-2025 00:09:48 UTC] Loaded file: rkit_tool_tips.php
[16-Nov-2025 00:09:48 UTC] Loaded file: rkit_wrapper_link.php
[16-Nov-2025 00:09:48 UTC] Class not found: \RomethemeKit\Rkit_Custom_Cursor
[16-Nov-2025 00:09:48 UTC] Instantiated class: \RomethemeKit\RkitDuplicator
[16-Nov-2025 00:09:48 UTC] Instantiated class: \RomethemeKit\BlurEffects
[16-Nov-2025 00:09:48 UTC] Class not found: \RomethemeKit\Rkit_Sticky_Content
[16-Nov-2025 00:09:48 UTC] Instantiated class: \RomethemeKit\RkitToolTips
[16-Nov-2025 00:09:48 UTC] Instantiated class: \RomethemeKit\RkitWrapperLink
[16-Nov-2025 00:09:48 UTC] [Soltour API info] Response from booking/details: {"availToken":"HlZid9M1TY0wNt1m6CvnOaDSC0lfSO1dbjihgg7BDZo=","timestamp":"2025-11-16T01:09:48.413768570","serviceType":"UNDEFINED","agencyInformation":{"clientCode":"BEAUTYT","branchOfficeCode":"999","taxApplicationType":"ISC","taxRate":0,"paymentType":"PP","commission":{"currency":"EUR","rate":15}},"params":{"startDate":"2026-06-28","endDate":"2026-07-05","accomodation":{"rooms":[{"passengers":[{"age":30,"type":"ADULT"}]}]},"residentType":"NONE","numNights":0,"flightParams":{"itineraries":[{"or
[16-Nov-2025 00:09:48 UTC] [Soltour API info] Details response structure: {"has_budget":false,"has_details":true,"has_error":false,"error_msg":null}
[16-Nov-2025 00:09:48 UTC] [Soltour API info] Getting details for budget: H199374##TI##0$5611218578921975883@@CLASSICAL01, hotel: H199374
[16-Nov-2025 00:09:48 UTC] [Soltour API info] Request to booking/details: {"productType":"PACKAGE","availToken":"HlZid9M1TY0wNt1m6CvnOaDSC0lfSO1dbjihgg7BDZo=","budgetId":"H199374##TI##0$5611218578921975883@@CLASSICAL01","hotelParams":{"hotelCode":"H199374","providerCode":"UNDEFINED"}}
[16-Nov-2025 00:09:49 UTC] [Soltour API info] Response from booking/details: {"availToken":"HlZid9M1TY0wNt1m6CvnOaDSC0lfSO1dbjihgg7BDZo=","timestamp":"2025-11-16T01:09:49.411348079","serviceType":"UNDEFINED","agencyInformation":{"clientCode":"BEAUTYT","branchOfficeCode":"999","taxApplicationType":"ISC","taxRate":0,"paymentType":"PP","commission":{"currency":"EUR","rate":15}},"params":{"startDate":"2026-06-28","endDate":"2026-07-05","accomodation":{"rooms":[{"passengers":[{"age":30,"type":"ADULT"}]}]},"residentType":"NONE","numNights":0,"flightParams":{"itineraries":[{"or
[16-Nov-2025 00:09:49 UTC] [Soltour API info] Details response structure: {"has_budget":false,"has_details":true,"has_error":false,"error_msg":null}
[16-Nov-2025 00:09:56 UTC] Loaded file: blur_effects.php
[16-Nov-2025 00:09:56 UTC] Loaded file: rkit_post_duplicator.php
[16-Nov-2025 00:09:56 UTC] Loaded file: rkit_tool_tips.php
[16-Nov-2025 00:09:56 UTC] Loaded file: rkit_wrapper_link.php
[16-Nov-2025 00:09:56 UTC] Class not found: \RomethemeKit\Rkit_Custom_Cursor
[16-Nov-2025 00:09:56 UTC] Instantiated class: \RomethemeKit\RkitDuplicator
[16-Nov-2025 00:09:56 UTC] Instantiated class: \RomethemeKit\BlurEffects
[16-Nov-2025 00:09:56 UTC] Class not found: \RomethemeKit\Rkit_Sticky_Content
[16-Nov-2025 00:09:56 UTC] Instantiated class: \RomethemeKit\RkitToolTips
[16-Nov-2025 00:09:56 UTC] Instantiated class: \RomethemeKit\RkitWrapperLink
[16-Nov-2025 00:09:57 UTC] [Soltour API info] === CHECK ALLOWED SELLING ===
[16-Nov-2025 00:09:57 UTC] [Soltour API info] Request to booking/availability/checkAllowedSelling: []
[16-Nov-2025 00:09:57 UTC] Loaded file: blur_effects.php
[16-Nov-2025 00:09:57 UTC] Loaded file: rkit_post_duplicator.php
[16-Nov-2025 00:09:57 UTC] Loaded file: rkit_tool_tips.php
[16-Nov-2025 00:09:57 UTC] Loaded file: rkit_wrapper_link.php
[16-Nov-2025 00:09:57 UTC] Class not found: \RomethemeKit\Rkit_Custom_Cursor
[16-Nov-2025 00:09:57 UTC] Instantiated class: \RomethemeKit\RkitDuplicator
[16-Nov-2025 00:09:57 UTC] Instantiated class: \RomethemeKit\BlurEffects
[16-Nov-2025 00:09:57 UTC] Class not found: \RomethemeKit\Rkit_Sticky_Content
[16-Nov-2025 00:09:57 UTC] Instantiated class: \RomethemeKit\RkitToolTips
[16-Nov-2025 00:09:57 UTC] Instantiated class: \RomethemeKit\RkitWrapperLink
[16-Nov-2025 00:09:57 UTC] [Soltour API info] Response from booking/availability/checkAllowedSelling: {"ok":false,"error":{"notLogged":false,"errorMessage":"Method 'checkAllowedSelling' not found."}}
[16-Nov-2025 00:09:57 UTC] [Soltour API info] CheckAllowedSelling response: {"ok":false,"error":{"notLogged":false,"errorMessage":"Method 'checkAllowedSelling' not found."}}
[16-Nov-2025 00:09:57 UTC] Loaded file: blur_effects.php
[16-Nov-2025 00:09:57 UTC] Loaded file: rkit_post_duplicator.php
[16-Nov-2025 00:09:57 UTC] Loaded file: rkit_tool_tips.php
[16-Nov-2025 00:09:57 UTC] Loaded file: rkit_wrapper_link.php
[16-Nov-2025 00:09:57 UTC] Class not found: \RomethemeKit\Rkit_Custom_Cursor
[16-Nov-2025 00:09:57 UTC] Instantiated class: \RomethemeKit\RkitDuplicator
[16-Nov-2025 00:09:57 UTC] Instantiated class: \RomethemeKit\BlurEffects
[16-Nov-2025 00:09:57 UTC] Class not found: \RomethemeKit\Rkit_Sticky_Content
[16-Nov-2025 00:09:57 UTC] Instantiated class: \RomethemeKit\RkitToolTips
[16-Nov-2025 00:09:57 UTC] Instantiated class: \RomethemeKit\RkitWrapperLink
[16-Nov-2025 00:09:58 UTC] [Soltour API info] ╔═══════════════════════════════════════════════════════════════════╗
[16-Nov-2025 00:09:58 UTC] [Soltour API info] ║      🎯 SOLTOUR - PREPARE QUOTE - VALIDAÇÃO INTERMEDIÁRIA        ║
[16-Nov-2025 00:09:58 UTC] [Soltour API info] ╚═══════════════════════════════════════════════════════════════════╝
[16-Nov-2025 00:09:58 UTC] [Soltour API info] 📥 DADOS RECEBIDOS DO FRONTEND:
[16-Nov-2025 00:09:58 UTC] [Soltour API info]   ├─ availToken: HlZid9M1TY0wNt1m6Cvn...
[16-Nov-2025 00:09:58 UTC] [Soltour API info]   ├─ budgetId (RAW): H215636##TI##0$5059065667978034072@@CLASSICAL01
[16-Nov-2025 00:09:58 UTC] [Soltour API info]   ├─ budgetId (strlen): 47
[16-Nov-2025 00:09:58 UTC] [Soltour API info]   ├─ hotelCode: H215636
[16-Nov-2025 00:09:58 UTC] [Soltour API info]   └─ providerCode: UNDEFINED
[16-Nov-2025 00:09:58 UTC] [Soltour API info] 
[16-Nov-2025 00:09:58 UTC] [Soltour API info] 🎫 Gerando cotação oficial com /booking/quote...
[16-Nov-2025 00:09:58 UTC] [Soltour API info]   └─ Endpoint: POST /booking/quote
[16-Nov-2025 00:09:58 UTC] [Soltour API info]   └─ budgetIds: [H215636##TI##0$5059065667978034072@@CLASSICAL01]
[16-Nov-2025 00:09:58 UTC] [Soltour API info] Request to booking/quote: {"productType":"PACKAGE","availToken":"HlZid9M1TY0wNt1m6CvnOaDSC0lfSO1dbjihgg7BDZo=","budgetIds":["H215636##TI##0$5059065667978034072@@CLASSICAL01"]}
[16-Nov-2025 00:10:00 UTC] [Soltour API info] Response from booking/quote: {"productType":"PACKAGE","availToken":"HlZid9M1TY0wNt1m6CvnOaDSC0lfSO1dbjihgg7BDZo=","timestamp":"2025-11-16T01:09:58.148080950","serviceType":"UNDEFINED","agencyInformation":{"clientCode":"BEAUTYT","branchOfficeCode":"999","taxApplicationType":"ISC","taxRate":0,"paymentType":"PP","commission":{"currency":"EUR","rate":15},"overCommission":{"currency":"EUR","fixedAmount":0,"rate":2,"ruleCode":"Over 2%"}},"budget":{"booked":false,"selected":false,"hotelServices":[{"responseId":"AjYxB7lhgi9qZnWu0HP
[16-Nov-2025 00:10:00 UTC] [Soltour API info] 📋 RESPOSTA quote:
[16-Nov-2025 00:10:00 UTC] [Soltour API info]   ├─ budget: SIM ✅
[16-Nov-2025 00:10:00 UTC] [Soltour API info]   ├─ quoteToken: NÃO ❌
[16-Nov-2025 00:10:00 UTC] [Soltour API info]   ├─ insurances: 1
[16-Nov-2025 00:10:00 UTC] [Soltour API info]   ├─ extras: 0
[16-Nov-2025 00:10:00 UTC] [Soltour API info]   ├─ importantInformation: 12
[16-Nov-2025 00:10:00 UTC] [Soltour API info]   ├─ cancellationChargeServices: 0
[16-Nov-2025 00:10:00 UTC] [Soltour API info] 
[16-Nov-2025 00:10:00 UTC] [Soltour API info] ✅ SUCESSO! Cotação gerada com sucesso
[16-Nov-2025 00:10:00 UTC] [Soltour API info] 📤 RETORNANDO DADOS PARA FRONTEND:
[16-Nov-2025 00:10:00 UTC] [Soltour API info]   ├─ quote: COMPLETO
[16-Nov-2025 00:10:00 UTC] [Soltour API info]   ├─ quoteToken: GERADO
[16-Nov-2025 00:10:00 UTC] [Soltour API info]   └─ budget: VÁLIDO
[16-Nov-2025 00:10:00 UTC] [Soltour API info] ╚═══════════════════════════════════════════════════════════════════╝
[16-Nov-2025 00:10:00 UTC] Loaded file: blur_effects.php
[16-Nov-2025 00:10:00 UTC] Loaded file: rkit_post_duplicator.php
[16-Nov-2025 00:10:00 UTC] Loaded file: rkit_tool_tips.php
[16-Nov-2025 00:10:00 UTC] Loaded file: rkit_wrapper_link.php
[16-Nov-2025 00:10:00 UTC] Class not found: \RomethemeKit\Rkit_Custom_Cursor
[16-Nov-2025 00:10:00 UTC] Instantiated class: \RomethemeKit\RkitDuplicator
[16-Nov-2025 00:10:00 UTC] Instantiated class: \RomethemeKit\BlurEffects
[16-Nov-2025 00:10:00 UTC] Class not found: \RomethemeKit\Rkit_Sticky_Content
[16-Nov-2025 00:10:00 UTC] Instantiated class: \RomethemeKit\RkitToolTips
[16-Nov-2025 00:10:00 UTC] Instantiated class: \RomethemeKit\RkitWrapperLink
[16-Nov-2025 00:10:06 UTC] Loaded file: blur_effects.php
[16-Nov-2025 00:10:06 UTC] Loaded file: rkit_post_duplicator.php
[16-Nov-2025 00:10:06 UTC] Loaded file: rkit_tool_tips.php
[16-Nov-2025 00:10:06 UTC] Loaded file: rkit_wrapper_link.php
[16-Nov-2025 00:10:06 UTC] Class not found: \RomethemeKit\Rkit_Custom_Cursor
[16-Nov-2025 00:10:06 UTC] Instantiated class: \RomethemeKit\RkitDuplicator
[16-Nov-2025 00:10:06 UTC] Instantiated class: \RomethemeKit\BlurEffects
[16-Nov-2025 00:10:06 UTC] Class not found: \RomethemeKit\Rkit_Sticky_Content
[16-Nov-2025 00:10:06 UTC] Instantiated class: \RomethemeKit\RkitToolTips
[16-Nov-2025 00:10:06 UTC] Instantiated class: \RomethemeKit\RkitWrapperLink
[16-Nov-2025 00:10:32 UTC] Loaded file: blur_effects.php
[16-Nov-2025 00:10:32 UTC] Loaded file: rkit_post_duplicator.php
[16-Nov-2025 00:10:32 UTC] Loaded file: rkit_tool_tips.php
[16-Nov-2025 00:10:32 UTC] Loaded file: rkit_wrapper_link.php
[16-Nov-2025 00:10:32 UTC] Class not found: \RomethemeKit\Rkit_Custom_Cursor
[16-Nov-2025 00:10:32 UTC] Instantiated class: \RomethemeKit\RkitDuplicator
[16-Nov-2025 00:10:32 UTC] Instantiated class: \RomethemeKit\BlurEffects
[16-Nov-2025 00:10:32 UTC] Class not found: \RomethemeKit\Rkit_Sticky_Content
[16-Nov-2025 00:10:32 UTC] Instantiated class: \RomethemeKit\RkitToolTips
[16-Nov-2025 00:10:32 UTC] Instantiated class: \RomethemeKit\RkitWrapperLink
[16-Nov-2025 00:10:33 UTC] Loaded file: blur_effects.php
[16-Nov-2025 00:10:33 UTC] Loaded file: rkit_post_duplicator.php
[16-Nov-2025 00:10:33 UTC] Loaded file: rkit_tool_tips.php
[16-Nov-2025 00:10:33 UTC] Loaded file: rkit_wrapper_link.php
[16-Nov-2025 00:10:33 UTC] Class not found: \RomethemeKit\Rkit_Custom_Cursor
[16-Nov-2025 00:10:33 UTC] Instantiated class: \RomethemeKit\RkitDuplicator
[16-Nov-2025 00:10:33 UTC] Instantiated class: \RomethemeKit\BlurEffects
[16-Nov-2025 00:10:33 UTC] Class not found: \RomethemeKit\Rkit_Sticky_Content
[16-Nov-2025 00:10:33 UTC] Instantiated class: \RomethemeKit\RkitToolTips
[16-Nov-2025 00:10:33 UTC] Instantiated class: \RomethemeKit\RkitWrapperLink
[16-Nov-2025 00:10:33 UTC] [Soltour API info] === GENERATE FINAL QUOTE ===
[16-Nov-2025 00:10:33 UTC] PHP Fatal error:  Uncaught TypeError: stripslashes(): Argument #1 ($string) must be of type string, array given in /home2/aichatbot/beautytravel.pt/wp-content/plugins/soltour-booking-v4.3.2/includes/class-soltour-api.php:947
Stack trace:
#0 /home2/aichatbot/beautytravel.pt/wp-content/plugins/soltour-booking-v4.3.2/includes/class-soltour-api.php(947): stripslashes()
#1 /home2/aichatbot/beautytravel.pt/wp-includes/class-wp-hook.php(324): Soltour_API->ajax_generate_quote()
#2 /home2/aichatbot/beautytravel.pt/wp-includes/class-wp-hook.php(348): WP_Hook->apply_filters()
#3 /home2/aichatbot/beautytravel.pt/wp-includes/plugin.php(517): WP_Hook->do_action()
#4 /home2/aichatbot/beautytravel.pt/wp-admin/admin-ajax.php(207): do_action()
#5 {main}
  thrown in /home2/aichatbot/beautytravel.pt/wp-content/plugins/soltour-booking-v4.3.2/includes/class-soltour-api.php on line 947
[16-Nov-2025 00:10:41 UTC] Loaded file: blur_effects.php
[16-Nov-2025 00:10:41 UTC] Loaded file: rkit_post_duplicator.php
[16-Nov-2025 00:10:41 UTC] Loaded file: rkit_tool_tips.php
[16-Nov-2025 00:10:41 UTC] Loaded file: rkit_wrapper_link.php
[16-Nov-2025 00:10:41 UTC] Class not found: \RomethemeKit\Rkit_Custom_Cursor
[16-Nov-2025 00:10:41 UTC] Instantiated class: \RomethemeKit\RkitDuplicator
[16-Nov-2025 00:10:41 UTC] Instantiated class: \RomethemeKit\BlurEffects
[16-Nov-2025 00:10:41 UTC] Class not found: \RomethemeKit\Rkit_Sticky_Content
[16-Nov-2025 00:10:41 UTC] Instantiated class: \RomethemeKit\RkitToolTips
[16-Nov-2025 00:10:41 UTC] Instantiated class: \RomethemeKit\RkitWrapperLink
[16-Nov-2025 00:10:42 UTC] Loaded file: blur_effects.php
[16-Nov-2025 00:10:42 UTC] Loaded file: rkit_post_duplicator.php
[16-Nov-2025 00:10:42 UTC] Loaded file: rkit_tool_tips.php
[16-Nov-2025 00:10:42 UTC] Loaded file: rkit_wrapper_link.php
[16-Nov-2025 00:10:42 UTC] Class not found: \RomethemeKit\Rkit_Custom_Cursor
[16-Nov-2025 00:10:42 UTC] Instantiated class: \RomethemeKit\RkitDuplicator
[16-Nov-2025 00:10:42 UTC] Instantiated class: \RomethemeKit\BlurEffects
[16-Nov-2025 00:10:42 UTC] Class not found: \RomethemeKit\Rkit_Sticky_Content
[16-Nov-2025 00:10:42 UTC] Instantiated class: \RomethemeKit\RkitToolTips
[16-Nov-2025 00:10:42 UTC] Instantiated class: \RomethemeKit\RkitWrapperLink
